Component: ARM Compiler 5.06 update 6 (build 750) Tool: armlink [4d35ed]

==============================================================================

Section Cross References

    startup_stm32f103xb.o(STACK) refers (Special) to heapauxi.o(.text) for __use_two_region_memory
    startup_stm32f103xb.o(HEAP) refers (Special) to heapauxi.o(.text) for __use_two_region_memory
    startup_stm32f103xb.o(RESET) refers (Special) to heapauxi.o(.text) for __use_two_region_memory
    startup_stm32f103xb.o(RESET) refers to startup_stm32f103xb.o(STACK) for __initial_sp
    startup_stm32f103xb.o(RESET) refers to startup_stm32f103xb.o(.text) for Reset_Handler
    startup_stm32f103xb.o(RESET) refers to stm32f1xx_it.o(.text) for NMI_Handler
    startup_stm32f103xb.o(.text) refers (Special) to heapauxi.o(.text) for __use_two_region_memory
    startup_stm32f103xb.o(.text) refers to system_stm32f1xx.o(.text) for SystemInit
    startup_stm32f103xb.o(.text) refers to __main.o(!!!main) for __main
    startup_stm32f103xb.o(.text) refers to startup_stm32f103xb.o(HEAP) for Heap_Mem
    startup_stm32f103xb.o(.text) refers to startup_stm32f103xb.o(STACK) for Stack_Mem
    adc.o(.text) refers to stm32f1xx_hal_adc.o(.text) for HAL_ADC_Init
    adc.o(.text) refers to main.o(.text) for Error_Handler
    adc.o(.text) refers to stm32f1xx_hal_gpio.o(.text) for HAL_GPIO_Init
    adc.o(.text) refers to stm32f1xx_hal_dma.o(.text) for HAL_DMA_Init
    adc.o(.text) refers to adc.o(.bss) for hadc1
    adc.o(.ARM.exidx) refers to adc.o(.text) for .text
    can.o(.text) refers to stm32f1xx_hal_can.o(.text) for HAL_CAN_Init
    can.o(.text) refers to main.o(.text) for Error_Handler
    can.o(.text) refers to stm32f1xx_hal_gpio.o(.text) for HAL_GPIO_Init
    can.o(.text) refers to can.o(.bss) for hcan
    can.o(.ARM.exidx) refers to can.o(.text) for .text
    dma.o(.text) refers to stm32f1xx_hal_cortex.o(.text) for HAL_NVIC_SetPriority
    dma.o(.ARM.exidx) refers to dma.o(.text) for .text
    gpio.o(.text) refers to stm32f1xx_hal_gpio.o(.text) for HAL_GPIO_WritePin
    gpio.o(.text) refers to stm32f1xx_hal_cortex.o(.text) for HAL_NVIC_SetPriority
    gpio.o(.ARM.exidx) refers to gpio.o(.text) for .text
    i2c.o(.text) refers to stm32f1xx_hal_i2c.o(.text) for HAL_I2C_Init
    i2c.o(.text) refers to main.o(.text) for Error_Handler
    i2c.o(.text) refers to stm32f1xx_hal_gpio.o(.text) for HAL_GPIO_Init
    i2c.o(.text) refers to i2c.o(.bss) for hi2c1
    i2c.o(.ARM.exidx) refers to i2c.o(.text) for .text
    iwdg.o(.text) refers to stm32f1xx_hal_iwdg.o(.text) for HAL_IWDG_Init
    iwdg.o(.text) refers to main.o(.text) for Error_Handler
    iwdg.o(.text) refers to iwdg.o(.bss) for hiwdg
    iwdg.o(.ARM.exidx) refers to iwdg.o(.text) for .text
    main.o(.text) refers to frleqf.o(x$fpl$frleqf) for __aeabi_cfrcmple
    main.o(.text) refers to stm32f1xx_hal_uart.o(.text) for HAL_UARTEx_ReceiveToIdle_DMA
    main.o(.text) refers to fflt_clz.o(x$fpl$fflt) for __aeabi_i2f
    main.o(.text) refers to funtion.o(.text) for HAL_Delay
    main.o(.text) refers to stm32f1xx_hal_gpio.o(.text) for HAL_GPIO_ReadPin
    main.o(.text) refers to dfixu.o(x$fpl$dfixu) for __aeabi_d2uiz
    main.o(.text) refers to usart.o(.text) for HLW8032_Data_processing
    main.o(.text) refers to rt_memclr.o(.text) for __aeabi_memclr
    main.o(.text) refers to stm32f1xx_hal_i2c.o(.text) for HAL_I2C_Slave_Transmit_IT
    main.o(.text) refers to rt_memclr_w.o(.text) for __aeabi_memclr4
    main.o(.text) refers to stm32f1xx_hal_rcc.o(.text) for HAL_RCC_OscConfig
    main.o(.text) refers to stm32f1xx_hal_rcc_ex.o(.text) for HAL_RCCEx_PeriphCLKConfig
    main.o(.text) refers to stm32f1xx_hal.o(.text) for HAL_Init
    main.o(.text) refers to gpio.o(.text) for MX_GPIO_Init
    main.o(.text) refers to dma.o(.text) for MX_DMA_Init
    main.o(.text) refers to tim.o(.text) for MX_TIM2_Init
    main.o(.text) refers to rtc.o(.text) for MX_RTC_Init
    main.o(.text) refers to i2c.o(.text) for MX_I2C1_Init
    main.o(.text) refers to adc.o(.text) for MX_ADC1_Init
    main.o(.text) refers to oled.o(.text) for OLED_Init
    main.o(.text) refers to stm32f1xx_hal_tim.o(.text) for HAL_TIM_Base_Start_IT
    main.o(.text) refers to stm32f1xx_hal_adc_ex.o(.text) for HAL_ADCEx_Calibration_Start
    main.o(.text) refers to stm32f1xx_hal_adc.o(.text) for HAL_ADC_Start_DMA
    main.o(.text) refers to ffixu.o(x$fpl$ffixu) for __aeabi_f2uiz
    main.o(.text) refers to main.o(.data) for V_ppm
    main.o(.text) refers to main.o(.bss) for receive
    main.o(.text) refers to usart.o(.bss) for huart1
    main.o(.text) refers to process.o(.data) for URTP_UART_Receive
    main.o(.text) refers to tim.o(.bss) for htim2
    main.o(.text) refers to i2c.o(.bss) for hi2c2
    main.o(.text) refers to adc.o(.bss) for hadc1
    main.o(.text) refers to menu.o(.text) for menuprocess
    main.o(.text) refers to fflt_clz.o(x$fpl$ffltu) for __aeabi_ui2f
    main.o(.text) refers to ffix.o(x$fpl$ffix) for __aeabi_f2iz
[...]
    std::vector<unsigned short, std::allocator<unsigned short>>::operator [](unsigned) 0x08018c57   Thumb Code    18  funtion.o(t._ZNSt6vectorItSaItEEixEj)
    T2 std::uninitialized_copy<unsigned short*, unsigned short*, std::allocator<unsigned short>>(T1, T1, T2, T3&) 0x08018c69   Thumb Code    44  funtion.o(t._ZSt18uninitialized_copyIPtS0_SaItEET0_T_S3_S2_RT1_)
    const T1& std::max<unsigned>(const T1&, const T1&) 0x08018c95   Thumb Code    12  char.o(t._ZSt3maxIjERKT_S2_S2_)
    __aeabi_d2f                              0x08018ca1   Thumb Code     0  d2f.o(x$fpl$d2f)
    _d2f                                     0x08018ca1   Thumb Code    98  d2f.o(x$fpl$d2f)
    __aeabi_dadd                             0x08018d05   Thumb Code     0  daddsub_clz.o(x$fpl$dadd)
    _dadd                                    0x08018d05   Thumb Code   332  daddsub_clz.o(x$fpl$dadd)
    __fpl_dcheck_NaN1                        0x08018e55   Thumb Code    10  dcheck1.o(x$fpl$dcheck1)
    __fpl_dcmp_Inf                           0x08018e65   Thumb Code    24  dcmpi.o(x$fpl$dcmpinf)
    __aeabi_ddiv                             0x08018e7d   Thumb Code     0  ddiv.o(x$fpl$ddiv)
    _ddiv                                    0x08018e7d   Thumb Code   552  ddiv.o(x$fpl$ddiv)
    __aeabi_cdcmpeq                          0x0801912d   Thumb Code     0  deqf.o(x$fpl$deqf)
    _dcmpeq                                  0x0801912d   Thumb Code   120  deqf.o(x$fpl$deqf)
    __aeabi_d2uiz                            0x080191a5   Thumb Code     0  dfixu.o(x$fpl$dfixu)
    _dfixu                                   0x080191a5   Thumb Code    90  dfixu.o(x$fpl$dfixu)
    __aeabi_ui2d                             0x080191ff   Thumb Code     0  dflt_clz.o(x$fpl$dfltu)
    _dfltu                                   0x080191ff   Thumb Code    38  dflt_clz.o(x$fpl$dfltu)
    __aeabi_cdcmple                          0x08019225   Thumb Code     0  dleqf.o(x$fpl$dleqf)
    _dcmple                                  0x08019225   Thumb Code   120  dleqf.o(x$fpl$dleqf)
    __fpl_dcmple_InfNaN                      0x08019287   Thumb Code     0  dleqf.o(x$fpl$dleqf)
    __aeabi_dmul                             0x0801929d   Thumb Code     0  dmul.o(x$fpl$dmul)
    _dmul                                    0x0801929d   Thumb Code   332  dmul.o(x$fpl$dmul)
    __fpl_dnaninf                            0x080193f1   Thumb Code   156  dnaninf.o(x$fpl$dnaninf)
    __fpl_dretinf                            0x0801948d   Thumb Code    12  dretinf.o(x$fpl$dretinf)
    __aeabi_cdrcmple                         0x08019499   Thumb Code     0  drleqf.o(x$fpl$drleqf)
    _drcmple                                 0x08019499   Thumb Code   108  drleqf.o(x$fpl$drleqf)
    __aeabi_dsub                             0x08019505   Thumb Code     0  daddsub_clz.o(x$fpl$dsub)
    _dsub                                    0x08019505   Thumb Code   464  daddsub_clz.o(x$fpl$dsub)
    __aeabi_fadd                             0x080196d9   Thumb Code     0  faddsub_clz.o(x$fpl$fadd)
    _fadd                                    0x080196d9   Thumb Code   196  faddsub_clz.o(x$fpl$fadd)
    __fpl_fcmp_Inf                           0x0801979d   Thumb Code    24  fcmpi.o(x$fpl$fcmpinf)
    __aeabi_fdiv                             0x080197b5   Thumb Code     0  fdiv.o(x$fpl$fdiv)
    _fdiv                                    0x080197b5   Thumb Code   384  fdiv.o(x$fpl$fdiv)
    __aeabi_cfcmpeq                          0x08019939   Thumb Code     0  feqf.o(x$fpl$feqf)
    _fcmpeq                                  0x08019939   Thumb Code   104  feqf.o(x$fpl$feqf)
    __aeabi_f2iz                             0x080199a1   Thumb Code     0  ffix.o(x$fpl$ffix)
    _ffix                                    0x080199a1   Thumb Code    54  ffix.o(x$fpl$ffix)
    __aeabi_f2uiz                            0x080199d9   Thumb Code     0  ffixu.o(x$fpl$ffixu)
    _ffixu                                   0x080199d9   Thumb Code    62  ffixu.o(x$fpl$ffixu)
    __aeabi_i2f                              0x08019a19   Thumb Code     0  fflt_clz.o(x$fpl$fflt)
    _fflt                                    0x08019a19   Thumb Code    48  fflt_clz.o(x$fpl$fflt)
    __aeabi_ui2f                             0x08019a49   Thumb Code     0  fflt_clz.o(x$fpl$ffltu)
    _ffltu                                   0x08019a49   Thumb Code    38  fflt_clz.o(x$fpl$ffltu)
    __aeabi_cfcmple                          0x08019a71   Thumb Code     0  fleqf.o(x$fpl$fleqf)
    _fcmple                                  0x08019a71   Thumb Code   104  fleqf.o(x$fpl$fleqf)
    __fpl_fcmple_InfNaN                      0x08019ac3   Thumb Code     0  fleqf.o(x$fpl$fleqf)
    __aeabi_fmul                             0x08019ad9   Thumb Code     0  fmul.o(x$fpl$fmul)
    _fmul                                    0x08019ad9   Thumb Code   258  fmul.o(x$fpl$fmul)
    __fpl_fnaninf                            0x08019bdb   Thumb Code   140  fnaninf.o(x$fpl$fnaninf)
    __fpl_fretinf                            0x08019c67   Thumb Code    10  fretinf.o(x$fpl$fretinf)
    __aeabi_cfrcmple                         0x08019c71   Thumb Code     0  frleqf.o(x$fpl$frleqf)
    _frcmple                                 0x08019c71   Thumb Code    98  frleqf.o(x$fpl$frleqf)
    __aeabi_frsub                            0x08019cd3   Thumb Code     0  faddsub_clz.o(x$fpl$frsb)
    _frsb                                    0x08019cd3   Thumb Code    20  faddsub_clz.o(x$fpl$frsb)
    __aeabi_fsub                             0x08019ce9   Thumb Code     0  faddsub_clz.o(x$fpl$fsub)
    _fsub                                    0x08019ce9   Thumb Code   234  faddsub_clz.o(x$fpl$fsub)
    __ieee_status                            0x08019dd3   Thumb Code     6  istatus.o(x$fpl$ieeestatus)
    _printf_fp_dec                           0x08019dd9   Thumb Code     4  printf1.o(x$fpl$printf1)
    _printf_fp_hex                           0x08019ddd   Thumb Code     4  printf2.o(x$fpl$printf2)
    __fpl_return_NaN                         0x08019de1   Thumb Code   100  retnan.o(x$fpl$retnan)
    __ARM_scalbn                             0x08019e45   Thumb Code    92  scalbn.o(x$fpl$scalbn)
    _scanf_real                              0x08019ea1   Thumb Code     4  scanf1.o(x$fpl$scanf1)
    _scanf_hex_real                          0x08019ea5   Thumb Code     4  scanf2.o(x$fpl$scanf2)
    _scanf_infnan                            0x08019ea9   Thumb Code     4  scanf2.o(x$fpl$scanf2)
    __fpl_cmpreturn                          0x08019ead   Thumb Code    48  trapv.o(x$fpl$trapveneer)
    __I$use$fp                               0x08019edc   Number         0  usenofp.o(x$fpl$usenofp)
    AHBPrescTable                            0x08019f00   Data          16  system_stm32f1xx.o(.constdata)
    APBPrescTable                            0x08019f10   Data           8  system_stm32f1xx.o(.constdata)
    F6x8                                     0x08019f18   Data         552  oledfont.o(.constdata)
    F8X16                                    0x0801a140   Data        1504  oledfont.o(.constdata)
    Hzk                                      0x0801a720   Data        1680  oledfont.o(.constdata)
    __stdin_name                             0x0801adb0   Data           7  retarget_io.o(.constdata)
    __stdout_name                            0x0801adb7   Data           8  retarget_io.o(.constdata)
    __stderr_name                            0x0801adbf   Data           8  retarget_io.o(.constdata)
    std::ctype<char>::_C_classic_table       0x0801ae24   Data         512  char.o(.constdata)
    vtable for std::locale::facet            0x0801b120   Data          20  rwstdexcept.o(.constdata__ZTVNSt6locale5facetE)
    vtable for std::ctype_byname<char>       0x0801b134   Data          52  char.o(.constdata__ZTVSt12ctype_bynameIcE)
    vtable for std::__rw_exception           0x0801b168   Data          20  rwstdexcept.o(.constdata__ZTVSt14__rw_exception)
    vtable for std::ctype<char>              0x0801b17c   Data          52  char.o(.constdata__ZTVSt5ctypeIcE)
    vtable for std::messages<char>           0x0801b1b0   Data          32  rwstdexcept.o(.constdata__ZTVSt8messagesIcE)
    vtable for std::exception                0x0801b1d0   Data          20  exception_dtor.o(.constdata__ZTVSt9exception)
    __rw::__rw_locale_imp::_C_category_name(int) const::string 0x0801b1e4   Data           1  locale.o(.constdata__ZZNK4__rw15__rw_locale_imp16_C_category_nameEiEs)
    std::basic_string<char, std::char_traits<char>, std::allocator<char>>::replace(unsigned, unsigned, const char*, unsigned, unsigned, unsigned)::string 0x0801b1e5   Data           1  char.o(.constdata__ZZNSs7replaceEjjPKcjjjEs)
    std::basic_string<char, std::char_traits<char>, std::allocator<char>>::_C_getRep(unsigned, unsigned)::string 0x0801b1e6   Data           1  char.o(.constdata__ZZNSs9_C_getRepEjjEs)
    std::messages<char>::messages(unsigned)::string 0x0801b1e7   Data           2  rwstdexcept.o(.constdata__ZZNSt8messagesIcEC1EjEs)
    Region$$Table$$Base                      0x0801b460   Number         0  anon$$obj.o(Region$$Table)
    Region$$Table$$Limit                     0x0801b480   Number         0  anon$$obj.o(Region$$Table)
    __aeabi_HUGE_VAL                         0x0801b480   Data           0  fpconst.o(c$$dinf)
    __aeabi_HUGE_VALL                        0x0801b480   Data           0  fpconst.o(c$$dinf)
    __aeabi_INFINITY                         0x0801b480   Data           0  fpconst.o(c$$dinf)
    __dInf                                   0x0801b480   Data           0  fpconst.o(c$$dinf)
    __huge_val                               0x0801b480   Data           0  fpconst.o(c$$dinf)
    __dbl_max                                0x0801b488   Data           0  fpconst.o(c$$dmax)
    __ctype                                  0x0801b49d   Data           0  lc_ctype_c.o(locale$$data)
    __lcnull_start                           0x0801b5ac   Data           4  null_locale.o(locale$$data)
    SHT$$INIT_ARRAY$$Base                    0x0801b5cc   Number         0  char.o(.init_array)
    SHT$$INIT_ARRAY$$Limit                   0x0801b5d8   Number         0  init_aeabi.o(.init_array)
    dat                                      0x20000000   Data           8  main.o(.data)
    V                                        0x20000008   Data           8  main.o(.data)
    C                                        0x20000010   Data           8  main.o(.data)
    P                                        0x20000018   Data           8  main.o(.data)
    E_con                                    0x20000020   Data           8  main.o(.data)
    V_set                                    0x20000028   Data           2  main.o(.data)
    C_set                                    0x2000002a   Data           2  main.o(.data)
    P_set                                    0x2000002c   Data           2  main.o(.data)
    E_con_set                                0x2000002e   Data           2  main.o(.data)
    leakage                                  0x20000030   Data           1  main.o(.data)
    cross                                    0x20000031   Data           1  main.o(.data)
    cross_t                                  0x20000032   Data           1  main.o(.data)
    cross_user                               0x20000033   Data           1  main.o(.data)
    errorcode                                0x20000034   Data           2  main.o(.data)
    HZ                                       0x20000038   Data           4  main.o(.data)
    HZ_S                                     0x2000003c   Data           4  main.o(.data)
    currentMenuIndex                         0x20000040   Data           2  main.o(.data)
    time_close                               0x20000042   Data           2  main.o(.data)
    time_on                                  0x20000044   Data           2  main.o(.data)
    enter                                    0x20000046   Data           2  main.o(.data)
    enter_storage                            0x20000048   Data           2  main.o(.data)
    time_storage                             0x2000004a   Data           2  main.o(.data)
    caring                                   0x2000004c   Data           1  main.o(.data)
    V_storage                                0x2000004e   Data           2  main.o(.data)
    P_storage                                0x20000050   Data           2  main.o(.data)
    currentMenuIndex_storage                 0x20000052   Data           2  main.o(.data)
    lineindex                                0x20000054   Data           2  main.o(.data)
    lineindex_storage                        0x20000056   Data           2  main.o(.data)
    data                                     0x20000058   Data           2  main.o(.data)
    type                                     0x2000005a   Data           1  main.o(.data)
    time                                     0x2000005b   Data           1  main.o(.data)
    time_h                                   0x2000005c   Data           1  main.o(.data)
    t                                        0x2000005d   Data           1  main.o(.data)
    RH                                       0x2000005e   Data           1  main.o(.data)
    T                                        0x2000005f   Data           1  main.o(.data)
    Td                                       0x20000060   Data           1  main.o(.data)
    temperature                              0x20000064   Data           4  main.o(.data)
    V_ppm                                    0x20000068   Data           4  main.o(.data)
    V_adc                                    0x2000006c   Data           4  main.o(.data)
    ADC_RV                                   0x20000070   Data           6  main.o(.data)
    set_us                                   0x20000076   Data           2  main.o(.data)
    reflect                                  0x20000078   Data           1  main.o(.data)
    uwTick                                   0x2000007c   Data           4  stm32f1xx_hal.o(.data)
    uwTickPrio                               0x20000080   Data           4  stm32f1xx_hal.o(.data)
    uwTickFreq                               0x20000084   Data           1  stm32f1xx_hal.o(.data)
    SystemCoreClock                          0x20000088   Data           4  system_stm32f1xx.o(.data)
    URTP                                     0x2000008c   Data           1  process.o(.data)
    URTP_UART_Receive                        0x2000008d   Data           5  process.o(.data)
    IIC_data                                 0x20000092   Data           5  process.o(.data)
    CMD_Data                                 0x20000097   Data          23  oled.o(.data)
    BMP1                                     0x200000ae   Data         128  oledfont.o(.data)
    gImage_1                                 0x2000012e   Data         377  oledfont.o(.data)
    menulist                                 0x200002a8   Data         120  menu.o(.data)
    ITM_RxBuffer                             0x20000320   Data           4  retarget_io.o(.data)
    __aeabi_stdin                            0x2000033c   Data           4  stdio_streams.o(.data)
    __aeabi_stdout                           0x20000340   Data           4  stdio_streams.o(.data)
    __aeabi_stderr                           0x20000344   Data           4  stdio_streams.o(.data)
    std::ctype<char>::id                     0x20000348   Data           4  char.o(.data)
    std::ctype<wchar_t>::id                  0x2000034c   Data           4  char.o(.data)
    std::locale::_C_classic                  0x20000358   Data           4  locale.o(.data)
    std::locale::_C_native                   0x2000035c   Data           4  locale.o(.data)
    std::locale::_C_global                   0x20000360   Data           4  locale.o(.data)
    std::codecvt<char, char, std::__mbstate_t>::id 0x20000364   Data           4  locale.o(.data)
    std::codecvt<wchar_t, char, std::__mbstate_t>::id 0x20000368   Data           4  locale.o(.data)
    __rw_throw_proc                          0x2000036c   Data           4  rwthrowproc_noex.o(.data)
    std::locale::id::_C_init() const::_C_id_gen 0x20000378   Data           4  locale.o(.data__ZZNKSt6locale2id7_C_initEvE9_C_id_gen)
    guard variable for std::__rw_get_cats()::__open_cats 0x2000037c   Data           4  messages.o(.data__ZZSt13__rw_get_catsvE11__open_cats)
    std::__rw_get_cats()::__open_cats        0x20000380   Data           8  messages.o(.data__ZZSt13__rw_get_catsvE11__open_cats)
    hadc1                                    0x20000388   Data          48  adc.o(.bss)
    hdma_adc1                                0x200003b8   Data          68  adc.o(.bss)
    hcan                                     0x200003fc   Data          40  can.o(.bss)
    hi2c1                                    0x20000424   Data          84  i2c.o(.bss)
    hi2c2                                    0x20000478   Data          84  i2c.o(.bss)
    re                                       0x200004cc   Data          10  main.o(.bss)
    receive                                  0x200004d6   Data          50  main.o(.bss)
    hrtc                                     0x20000508   Data          20  rtc.o(.bss)
    htim2                                    0x2000051c   Data          72  tim.o(.bss)
    htim3                                    0x20000564   Data          72  tim.o(.bss)
    htim4                                    0x200005ac   Data          72  tim.o(.bss)
    huart1                                   0x200005f4   Data          72  usart.o(.bss)
    huart2                                   0x2000063c   Data          72  usart.o(.bss)
    huart3                                   0x20000684   Data          72  usart.o(.bss)
    hdma_usart1_rx                           0x200006cc   Data          68  usart.o(.bss)
    hdma_usart3_rx                           0x20000710   Data          68  usart.o(.bss)
    __stdin                                  0x20000770   Data          84  stdio_streams.o(.bss)
    __stdout                                 0x200007c4   Data          84  stdio_streams.o(.bss)
    __stderr                                 0x20000818   Data          84  stdio_streams.o(.bss)
    __libspace_start                         0x2000086c   Data          96  libspace.o(.bss)
    __temporary_stack_top$libspace           0x200008cc   Data           0  libspace.o(.bss)
    std::basic_string<char, std::char_traits<char>, std::allocator<char>>::__nullref 0x200008f8   Data          16  vendor.o(.bss__ZNSs9__nullrefE)



==============================================================================

Memory Map of the image

  Image Entry point : 0x080000ed

  Load Region LR_IROM1 (Base: 0x08000000, Size: 0x0001b960, Max: 0x00020000, ABSOLUTE, COMPRESSED[0x0001b77c])

    Execution Region ER_IROM1 (Exec base: 0x08000000, Load base: 0x08000000, Size: 0x0001b5d8, Max: 0x00020000, ABSOLUTE)

    Exec Addr    Load Addr    Size         Type   Attr      Idx    E Section Name        Object

    0x08000000   0x08000000   0x000000ec   Data   RO            3    RESET               startup_stm32f103xb.o
    0x080000ec   0x080000ec   0x00000008   Code   RO         1616  * !!!main             c_w.l(__main.o)
    0x080000f4   0x080000f4   0x00000034   Code   RO         3491    !!!scatter          c_w.l(__scatter.o)
    0x08000128   0x08000128   0x0000005a   Code   RO         3489    !!dczerorl2         c_w.l(__dczerorl2.o)
    0x08000182   0x08000182   0x00000002   PAD
    0x08000184   0x08000184   0x0000001c   Code   RO         3493    !!handler_zi        c_w.l(__scatter_zi.o)
    0x080001a0   0x080001a0   0x00000000   Code   RO         2897    .ARM.Collect$$_printf_percent$$00000000  c_w.l(_printf_percent.o)
    0x080001a0   0x080001a0   0x00000006   Code   RO         2886    .ARM.Collect$$_printf_percent$$00000001  c_w.l(_printf_n.o)
    0x080001a6   0x080001a6   0x00000006   Code   RO         2888    .ARM.Collect$$_printf_percent$$00000002  c_w.l(_printf_p.o)
    0x080001ac   0x080001ac   0x00000006   Code   RO         2893    .ARM.Collect$$_printf_percent$$00000003  c_w.l(_printf_f.o)
    0x080001b2   0x080001b2   0x00000006   Code   RO         2894    .ARM.Collect$$_printf_percent$$00000004  c_w.l(_printf_e.o)
    0x080001b8   0x080001b8   0x00000006   Code   RO         2895    .ARM.Collect$$_printf_percent$$00000005  c_w.l(_printf_g.o)
    0x080001be   0x080001be   0x00000006   Code   RO         2896    .ARM.Collect$$_printf_percent$$00000006  c_w.l(_printf_a.o)
    0x080001c4   0x080001c4   0x0000000a   Code   RO         2901    .ARM.Collect$$_printf_percent$$00000007  c_w.l(_printf_ll.o)
    0x080001ce   0x080001ce   0x00000006   Code   RO         2890    .ARM.Collect$$_printf_percent$$00000008  c_w.l(_printf_i.o)
    0x080001d4   0x080001d4   0x00000006   Code   RO         2891    .ARM.Collect$$_printf_percent$$00000009  c_w.l(_printf_d.o)
    0x080001da   0x080001da   0x00000006   Code   RO         2892    .ARM.Collect$$_printf_percent$$0000000A  c_w.l(_printf_u.o)
    0x080001e0   0x080001e0   0x00000006   Code   RO         2889    .ARM.Collect$$_printf_percent$$0000000B  c_w.l(_printf_o.o)
    0x080001e6   0x080001e6   0x00000006   Code   RO         2887    .ARM.Collect$$_printf_percent$$0000000C  c_w.l(_printf_x.o)
    0x080001ec   0x080001ec   0x00000006   Code   RO         2898    .ARM.Collect$$_printf_percent$$0000000D  c_w.l(_printf_lli.o)
    0x080001f2   0x080001f2   0x00000006   Code   RO         2899    .ARM.Collect$$_printf_percent$$0000000E  c_w.l(_printf_lld.o)
    0x080001f8   0x080001f8   0x00000006   Code   RO         2900    .ARM.Collect$$_printf_percent$$0000000F  c_w.l(_printf_llu.o)
    0x080001fe   0x080001fe   0x00000006   Code   RO         2905    .ARM.Collect$$_printf_percent$$00000010  c_w.l(_printf_llo.o)
    0x08000204   0x08000204   0x00000006   Code   RO         2906    .ARM.Collect$$_printf_percent$$00000011  c_w.l(_printf_llx.o)
    0x0800020a   0x0800020a   0x0000000a   Code   RO         2902    .ARM.Collect$$_printf_percent$$00000012  c_w.l(_printf_l.o)
    0x08000214   0x08000214   0x00000006   Code   RO         2884    .ARM.Collect$$_printf_percent$$00000013  c_w.l(_printf_c.o)
    0x0800021a   0x0800021a   0x00000006   Code   RO         2885    .ARM.Collect$$_printf_percent$$00000014  c_w.l(_printf_s.o)
    0x08000220   0x08000220   0x00000006   Code   RO         2903    .ARM.Collect$$_printf_percent$$00000015  c_w.l(_printf_lc.o)
    0x08000226   0x08000226   0x00000006   Code   RO         2904    .ARM.Collect$$_printf_percent$$00000016  c_w.l(_printf_ls.o)
    0x0800022c   0x0800022c   0x00000004   Code   RO         3201    .ARM.Collect$$_printf_percent$$00000017  c_w.l(_printf_percent_end.o)
    0x08000230   0x08000230   0x00000002   Code   RO         2964    .ARM.Collect$$libinit$$00000000  c_w.l(libinit.o)
    0x08000232   0x08000232   0x00000000   Code   RO         2966    .ARM.Collect$$libinit$$00000002  c_w.l(libinit2.o)
    0x08000232   0x08000232   0x00000000   Code   RO         2968    .ARM.Collect$$libinit$$00000004  c_w.l(libinit2.o)
    0x08000232   0x08000232   0x00000008   Code   RO         2969    .ARM.Collect$$libinit$$00000005  c_w.l(libinit2.o)
    0x0800023a   0x0800023a   0x00000000   Code   RO         2971    .ARM.Collect$$libinit$$0000000A  c_w.l(libinit2.o)
    0x0800023a   0x0800023a   0x00000000   Code   RO         2973    .ARM.Collect$$libinit$$0000000C  c_w.l(libinit2.o)
    0x0800023a   0x0800023a   0x00000000   Code   RO         2975    .ARM.Collect$$libinit$$0000000E  c_w.l(libinit2.o)
    0x0800023a   0x0800023a   0x00000006   Code   RO         2976    .ARM.Collect$$libinit$$0000000F  c_w.l(libinit2.o)
    0x08000240   0x08000240   0x00000000   Code   RO         2978    .ARM.Collect$$libinit$$00000011  c_w.l(libinit2.o)
    0x08000240   0x08000240   0x0000000c   Code   RO         2979    .ARM.Collect$$libinit$$00000012  c_w.l(libinit2.o)
    0x0800024c   0x0800024c   0x00000000   Code   RO         2980    .ARM.Collect$$libinit$$00000013  c_w.l(libinit2.o)
    0x0800024c   0x0800024c   0x00000000   Code   RO         2982    .ARM.Collect$$libinit$$00000015  c_w.l(libinit2.o)
    0x0800024c   0x0800024c   0x0000000a   Code   RO         2983    .ARM.Collect$$libinit$$00000016  c_w.l(libinit2.o)
    0x08000256   0x08000256   0x00000000   Code   RO         2984    .ARM.Collect$$libinit$$00000017  c_w.l(libinit2.o)
    0x08000256   0x08000256   0x00000000   Code   RO         2986    .ARM.Collect$$libinit$$00000019  c_w.l(libinit2.o)
    0x08000256   0x08000256   0x00000000   Code   RO         2988    .ARM.Collect$$libinit$$0000001B  c_w.l(libinit2.o)
    0x08000256   0x08000256   0x00000000   Code   RO         2990    .ARM.Collect$$libinit$$0000001D  c_w.l(libinit2.o)
    0x08000256   0x08000256   0x00000000   Code   RO         2992    .ARM.Collect$$libinit$$0000001F  c_w.l(libinit2.o)
    0x08000256   0x08000256   0x00000000   Code   RO         2994    .ARM.Collect$$libinit$$00000021  c_w.l(libinit2.o)
    0x08000256   0x08000256   0x00000000   Code   RO         2996    .ARM.Collect$$libinit$$00000023  c_w.l(libinit2.o)
    0x08000256   0x08000256   0x00000004   Code   RO         2997    .ARM.Collect$$libinit$$00000024  c_w.l(libinit2.o)
    0x0800025a   0x0800025a   0x00000000   Code   RO         2998    .ARM.Collect$$libinit$$00000025  c_w.l(libinit2.o)
    0x0800025a   0x0800025a   0x00000000   Code   RO         3002    .ARM.Collect$$libinit$$0000002C  c_w.l(libinit2.o)
    0x0800025a   0x0800025a   0x00000000   Code   RO         3004    .ARM.Collect$$libinit$$0000002E  c_w.l(libinit2.o)
    0x0800025a   0x0800025a   0x00000000   Code   RO         3006    .ARM.Collect$$libinit$$00000030  c_w.l(libinit2.o)
    0x0800025a   0x0800025a   0x00000004   Code   RO         3007    .ARM.Collect$$libinit$$00000031  c_w.l(libinit2.o)
    0x0800025e   0x0800025e   0x00000000   Code   RO         3008    .ARM.Collect$$libinit$$00000032  c_w.l(libinit2.o)
    0x0800025e   0x0800025e   0x00000002   Code   RO         3009    .ARM.Collect$$libinit$$00000033  c_w.l(libinit2.o)
    0x08000260   0x08000260   0x00000002   Code   RO         3417    .ARM.Collect$$libshutdown$$00000000  c_w.l(libshutdown.o)
    0x08000262   0x08000262   0x00000006   Code   RO         3269    .ARM.Collect$$libshutdown$$00000001  c_w.l(libshutdown2.o)
    0x08000268   0x08000268   0x00000000   Code   RO         3270    .ARM.Collect$$libshutdown$$00000002  c_w.l(libshutdown2.o)
    0x08000268   0x08000268   0x00000004   Code   RO         3271    .ARM.Collect$$libshutdown$$00000003  c_w.l(libshutdown2.o)
    0x0800026c   0x0800026c   0x00000000   Code   RO         3272    .ARM.Collect$$libshutdown$$00000004  c_w.l(libshutdown2.o)
    0x0800026c   0x0800026c   0x00000000   Code   RO         3275    .ARM.Collect$$libshutdown$$00000007  c_w.l(libshutdown2.o)
    0x0800026c   0x0800026c   0x00000000   Code   RO         3278    .ARM.Collect$$libshutdown$$0000000A  c_w.l(libshutdown2.o)
    0x0800026c   0x0800026c   0x00000000   Code   RO         3280    .ARM.Collect$$libshutdown$$0000000C  c_w.l(libshutdown2.o)
    0x0800026c   0x0800026c   0x00000000   Code   RO         3283    .ARM.Collect$$libshutdown$$0000000F  c_w.l(libshutdown2.o)
    0x0800026c   0x0800026c   0x00000002   Code   RO         3284    .ARM.Collect$$libshutdown$$00000010  c_w.l(libshutdown2.o)
    0x0800026e   0x0800026e   0x00000000   Code   RO         1832    .ARM.Collect$$rtentry$$00000000  c_w.l(__rtentry.o)
    0x0800026e   0x0800026e   0x00000000   Code   RO         2113    .ARM.Collect$$rtentry$$00000002  c_w.l(__rtentry2.o)
    0x0800026e   0x0800026e   0x00000006   Code   RO         2125    .ARM.Collect$$rtentry$$00000004  c_w.l(__rtentry4.o)
    0x08000274   0x08000274   0x00000000   Code   RO         2115    .ARM.Collect$$rtentry$$00000009  c_w.l(__rtentry2.o)
    0x08000274   0x08000274   0x00000004   Code   RO         2116    .ARM.Collect$$rtentry$$0000000A  c_w.l(__rtentry2.o)
    0x08000278   0x08000278   0x00000000   Code   RO         2118    .ARM.Collect$$rtentry$$0000000C  c_w.l(__rtentry2.o)
    0x08000278   0x08000278   0x00000008   Code   RO         2119    .ARM.Collect$$rtentry$$0000000D  c_w.l(__rtentry2.o)
    0x08000280   0x08000280   0x00000002   Code   RO         3151    .ARM.Collect$$rtexit$$00000000  c_w.l(rtexit.o)
    0x08000282   0x08000282   0x00000000   Code   RO         3299    .ARM.Collect$$rtexit$$00000002  c_w.l(rtexit2.o)
    0x08000282   0x08000282   0x00000004   Code   RO         3300    .ARM.Collect$$rtexit$$00000003  c_w.l(rtexit2.o)
    0x08000286   0x08000286   0x00000006   Code   RO         3301    .ARM.Collect$$rtexit$$00000004  c_w.l(rtexit2.o)
    0x0800028c   0x0800028c   0x00000000   Code   RO         3172    .emb_text           c_w.l(maybetermalloc1.o)
    0x0800028c   0x0800028c   0x00000040   Code   RO            4    .text               startup_stm32f103xb.o
    0x080002cc   0x080002cc   0x0000015c   Code   RO           13    .text               adc.o
    0x08000428   0x08000428   0x000000f8   Code   RO          161    .text               can.o
    0x08000520   0x08000520   0x00000054   Code   RO          192    .text               dma.o
    0x08000574   0x08000574   0x00000144   Code   RO          220    .text               gpio.o
    0x080006b8   0x080006b8   0x0000018c   Code   RO          248    .text               i2c.o
    0x08000844   0x08000844   0x000005fc   Code   RO          310    .text               main.o
    0x08000e40   0x08000e40   0x000000c4   Code   RO          535    .text               rtc.o
    0x08000f04   0x08000f04   0x00000054   Code   RO          566    .text               stm32f1xx_hal_msp.o
    0x08000f58   0x08000f58   0x00000098   Code   RO          591    .text               stm32f1xx_it.o
    0x08000ff0   0x08000ff0   0x00000234   Code   RO          621    .text               tim.o
    0x08001224   0x08001224   0x000004d8   Code   RO          652    .text               usart.o
    0x080016fc   0x080016fc   0x00000da0   Code   RO          711    .text               stm32f1xx_hal_adc.o
    0x0800249c   0x0800249c   0x000009f4   Code   RO          736    .text               stm32f1xx_hal_adc_ex.o
    0x08002e90   0x08002e90   0x000001bc   Code   RO          761    .text               stm32f1xx_hal.o
    0x0800304c   0x0800304c   0x00000950   Code   RO          792    .text               stm32f1xx_hal_rcc.o
    0x0800399c   0x0800399c   0x0000025c   Code   RO          818    .text               stm32f1xx_hal_rcc_ex.o
    0x08003bf8   0x08003bf8   0x000004bc   Code   RO          844    .text               stm32f1xx_hal_gpio.o
    0x080040b4   0x080040b4   0x00000826   Code   RO          869    .text               stm32f1xx_hal_dma.o
    0x080048da   0x080048da   0x00000002   PAD
    0x080048dc   0x080048dc   0x00000310   Code   RO          894    .text               stm32f1xx_hal_cortex.o
    0x08004bec   0x08004bec   0x00000208   Code   RO          923    .text               stm32f1xx_hal_pwr.o
    0x08004df4   0x08004df4   0x00000b0a   Code   RO         1027    .text               stm32f1xx_hal_can.o
    0x080058fe   0x080058fe   0x00000002   PAD
    0x08005900   0x08005900   0x000046e8   Code   RO         1052    .text               stm32f1xx_hal_i2c.o
    0x08009fe8   0x08009fe8   0x00000ade   Code   RO         1102    .text               stm32f1xx_hal_rtc.o
    0x0800aac6   0x0800aac6   0x00000002   PAD
    0x0800aac8   0x0800aac8   0x00003954   Code   RO         1152    .text               stm32f1xx_hal_tim.o
    0x0800e41c   0x0800e41c   0x00001624   Code   RO         1177    .text               stm32f1xx_hal_tim_ex.o
    0x0800fa40   0x0800fa40   0x0000194c   Code   RO         1202    .text               stm32f1xx_hal_uart.o
    0x0801138c   0x0801138c   0x000000a4   Code   RO         1227    .text               system_stm32f1xx.o
    0x08011430   0x08011430   0x00000290   Code   RO         1259    .text               process.o
    0x080116c0   0x080116c0   0x0000069c   Code   RO         1308    .text               oled.o
    0x08011d5c   0x08011d5c   0x000010e4   Code   RO         1353    .text               menu.o
    0x08012e40   0x08012e40   0x00000338   Code   RO         1393    .text               funtion.o
    0x08013178   0x08013178   0x00000130   Code   RO         1544    .text               sht3x.o
    0x080132a8   0x080132a8   0x000001d4   Code   RO         1566    .text               retarget_io.o
    0x0801347c   0x0801347c   0x00000044   Code   RO         1608    .text               c_w.l(rt_memclr.o)
    0x080134c0   0x080134c0   0x0000004e   Code   RO         1610    .text               c_w.l(rt_memclr_w.o)
    0x0801350e   0x0801350e   0x00000002   PAD
    0x08013510   0x08013510   0x00000080   Code   RO         1612    .text               c_w.l(strcmpv7m.o)
    0x08013590   0x08013590   0x00000006   Code   RO         1614    .text               c_w.l(heapauxi.o)
    0x08013596   0x08013596   0x0000008a   Code   RO         1833    .text               c_w.l(rt_memcpy_v6.o)
    0x08013620   0x08013620   0x00000084   Code   RO         1835    .text               c_w.l(rt_memmove_v6.o)
    0x080136a4   0x080136a4   0x00000008   Code   RO         2130    .text               c_w.l(rt_new_handler_addr_intlibspace.o)
    0x080136ac   0x080136ac   0x0000005e   Code   RO         2136    .text               c_w.l(h1_alloc.o)
    0x0801370a   0x0801370a   0x0000004e   Code   RO         2138    .text               c_w.l(h1_free.o)
    0x08013758   0x08013758   0x00000014   Code   RO         2194    .text               c_w.l(fprintf.o)
    0x0801376c   0x0801376c   0x00000034   Code   RO         2196    .text               c_w.l(vsnprintf.o)
    0x080137a0   0x080137a0   0x0000003c   Code   RO         2198    .text               c_w.l(sscanf.o)
    0x080137dc   0x080137dc   0x00000016   Code   RO         2206    .text               c_w.l(abort.o)
    0x080137f2   0x080137f2   0x00000048   Code   RO         2208    .text               c_w.l(strcpy.o)
    0x0801383a   0x0801383a   0x00000016   Code   RO         2210    .text               c_w.l(strrchr.o)
    0x08013850   0x08013850   0x0000003e   Code   RO         2212    .text               c_w.l(strlen.o)
    0x0801388e   0x0801388e   0x00000018   Code   RO         2214    .text               c_w.l(strcat.o)
    0x080138a6   0x080138a6   0x00000064   Code   RO         2216    .text               c_w.l(rt_memcpy_w.o)
    0x0801390a   0x0801390a   0x0000007a   Code   RO         2218    .text               c_w.l(rt_memmove_w.o)
    0x08013984   0x08013984   0x00000004   Code   RO         2713    .text               cpprt_w.l(arm_newhandler_noexceptions.o)
    0x08013988   0x08013988   0x0000000e   Code   RO         2749    .text               cpprt_w.l(aeabi_vec_delete_noexceptions.o)
    0x08013996   0x08013996   0x0000001a   Code   RO         2755    .text               cpprt_w.l(arm_exceptions_terminate.o)
    0x080139b0   0x080139b0   0x00000050   Code   RO         2765    .text               cpprt_w.l(arm_exceptions_globs.o)
    0x08013a00   0x08013a00   0x0000000c   Code   RO         2771    .text               c_w.l(sys_exit.o)
    0x08013a0c   0x08013a0c   0x00000008   Code   RO         2773    .text               c_w.l(libspace.o)
    0x08013a14   0x08013a14   0x0000004a   Code   RO         2778    .text               c_w.l(sys_stackheap_outer.o)
    0x08013a5e   0x08013a5e   0x00000002   PAD
    0x08013a60   0x08013a60   0x00000010   Code   RO         2780    .text               c_w.l(rt_ctype_table.o)
    0x08013a70   0x08013a70   0x00000008   Code   RO         2785    .text               c_w.l(rt_heap_descriptor_intlibspace.o)
    0x08013a78   0x08013a78   0x00000008   Code   RO         2790    .text               c_w.l(rt_eh_globals_addr_intlibspace.o)
    0x08013a80   0x08013a80   0x00000004   Code   RO         2792    .text               c_w.l(hguard.o)
    0x08013a84   0x08013a84   0x0000008a   Code   RO         2794    .text               c_w.l(init_alloc.o)
    0x08013b0e   0x08013b0e   0x0000000e   Code   RO         2798    .text               c_w.l(h1_init.o)
    0x08013b1c   0x08013b1c   0x0000004e   Code   RO         2814    .text               c_w.l(_printf_pad.o)
    0x08013b6a   0x08013b6a   0x00000024   Code   RO         2816    .text               c_w.l(_printf_truncate.o)
    0x08013b8e   0x08013b8e   0x00000052   Code   RO         2818    .text               c_w.l(_printf_str.o)
    0x08013be0   0x08013be0   0x00000078   Code   RO         2820    .text               c_w.l(_printf_dec.o)
    0x08013c58   0x08013c58   0x00000028   Code   RO         2822    .text               c_w.l(_printf_charcount.o)
    0x08013c80   0x08013c80   0x00000030   Code   RO         2824    .text               c_w.l(_printf_char_common.o)
    0x08013cb0   0x08013cb0   0x0000000a   Code   RO         2826    .text               c_w.l(_sputc.o)
    0x08013cba   0x08013cba   0x00000010   Code   RO         2828    .text               c_w.l(_snputc.o)
    0x08013cca   0x08013cca   0x00000002   PAD
    0x08013ccc   0x08013ccc   0x00000024   Code   RO         2830    .text               c_w.l(_printf_char_file.o)
    0x08013cf0   0x08013cf0   0x000000bc   Code   RO         2832    .text               c_w.l(_printf_wctomb.o)
    0x08013dac   0x08013dac   0x0000007c   Code   RO         2835    .text               c_w.l(_printf_longlong_dec.o)
    0x08013e28   0x08013e28   0x00000070   Code   RO         2841    .text               c_w.l(_printf_oct_int_ll.o)
    0x08013e98   0x08013e98   0x00000094   Code   RO         2861    .text               c_w.l(_printf_hex_int_ll_ptr.o)
    0x08013f2c   0x08013f2c   0x00000188   Code   RO         2881    .text               c_w.l(__printf_flags_ss_wp.o)
    0x080140b4   0x080140b4   0x00000156   Code   RO         2907    .text               c_w.l(_scanf_longlong.o)
    0x0801420a   0x0801420a   0x0000014c   Code   RO         2909    .text               c_w.l(_scanf_int.o)
    0x08014356   0x08014356   0x000000e0   Code   RO         2911    .text               c_w.l(_scanf_str.o)
    0x08014436   0x08014436   0x00000002   PAD
    0x08014438   0x08014438   0x0000002c   Code   RO         2913    .text               c_w.l(scanf_char.o)
    0x08014464   0x08014464   0x00000040   Code   RO         2915    .text               c_w.l(_sgetc.o)
    0x080144a4   0x080144a4   0x00000114   Code   RO         2917    .text               c_w.l(_scanf_mbtowc.o)
    0x080145b8   0x080145b8   0x000000e8   Code   RO         2919    .text               c_w.l(_scanf_wctomb.o)
    0x080146a0   0x080146a0   0x000000d0   Code   RO         2921    .text               c_w.l(_scanf_wstr.o)
    0x08014770   0x08014770   0x00000138   Code   RO         2923    .text               c_w.l(initio.o)
    0x080148a8   0x080148a8   0x00000010   Code   RO         2927    .text               c_w.l(locale.o)
    0x080148b8   0x080148b8   0x00000012   Code   RO         2939    .text               c_w.l(exit.o)
    0x080148ca   0x080148ca   0x0000002e   Code   RO         2944    .text               c_w.l(aeabi_atexit.o)
    0x080148f8   0x080148f8   0x0000000e   Code   RO         2947    .text               c_w.l(defsig_abrt_outer.o)
    0x08014906   0x08014906   0x00000008   Code   RO         2955    .text               c_w.l(memcpy.o)
    0x0801490e   0x0801490e   0x0000003c   Code   RO         3126    .text               cpprt_w.l(arm_exceptions_mem.o)
    0x0801494a   0x0801494a   0x00000002   Code   RO         3148    .text               c_w.l(use_no_semi.o)
    0x0801494c   0x0801494c   0x00000000   Code   RO         3150    .text               c_w.l(indicate_semi.o)
    0x0801494c   0x0801494c   0x00000008   Code   RO         3158    .text               c_w.l(rt_locale_intlibspace.o)
    0x08014954   0x08014954   0x00000008   Code   RO         3163    .text               c_w.l(rt_ddtor_pointer_addr_intlibspace.o)
    0x0801495c   0x0801495c   0x00000008   Code   RO         3168    .text               c_w.l(rt_errno_addr_intlibspace.o)
    0x08014964   0x08014964   0x00000034   Code   RO         3174    .text               c_w.l(h1_extend.o)
    0x08014998   0x08014998   0x0000008a   Code   RO         3178    .text               c_w.l(lludiv10.o)
    0x08014a22   0x08014a22   0x00000012   Code   RO         3180    .text               c_w.l(isspace.o)
    0x08014a34   0x08014a34   0x000000b2   Code   RO         3188    .text               c_w.l(_printf_intcommon.o)
    0x08014ae6   0x08014ae6   0x0000041e   Code   RO         3190    .text               c_w.l(_printf_fp_dec.o)
    0x08014f04   0x08014f04   0x000002fc   Code   RO         3192    .text               c_w.l(_printf_fp_hex.o)
    0x08015200   0x08015200   0x0000002c   Code   RO         3197    .text               c_w.l(_printf_char.o)
    0x0801522c   0x0801522c   0x0000002c   Code   RO         3199    .text               c_w.l(_printf_wchar.o)
    0x08015258   0x08015258   0x0000001c   Code   RO         3202    .text               c_w.l(_chval.o)
    0x08015274   0x08015274   0x00000374   Code   RO         3204    .text               c_w.l(_scanf.o)
    0x080155e8   0x080155e8   0x000004f8   Code   RO         3206    .text               c_w.l(scanf_fp.o)
    0x08015ae0   0x08015ae0   0x0000001e   Code   RO         3210    .text               c_w.l(_scanf_wcharmap.o)
    0x08015afe   0x08015afe   0x00000008   Code   RO         3212    .text               c_w.l(ferror.o)
    0x08015b06   0x08015b06   0x00000046   Code   RO         3218    .text               c_w.l(setvbuf.o)
    0x08015b4c   0x08015b4c   0x000000ec   Code   RO         3221    .text               c_w.l(fopen.o)
    0x08015c38   0x08015c38   0x0000004c   Code   RO         3223    .text               c_w.l(fclose.o)
    0x08015c84   0x08015c84   0x000001b8   Code   RO         3235    .text               c_w.l(locale_r.o)
    0x08015e3c   0x08015e3c   0x0000003c   Code   RO         3237    .text               c_w.l(_mbrtowc.o)
    0x08015e78   0x08015e78   0x00000040   Code   RO         3239    .text               c_w.l(_wcrtomb.o)
    0x08015eb8   0x08015eb8   0x00000042   Code   RO         3249    .text               c_w.l(cxa_finalize.o)
    0x08015efa   0x08015efa   0x0000000a   Code   RO         3252    .text               c_w.l(defsig_exit.o)
    0x08015f04   0x08015f04   0x00000030   Code   RO         3254    .text               c_w.l(defsig_abrt_inner.o)
    0x08015f34   0x08015f34   0x0000000e   Code   RO         3256    .text               c_w.l(defsig_rtred_outer.o)
    0x08015f42   0x08015f42   0x0000000e   Code   RO         3260    .text               c_w.l(defsig_rtmem_outer.o)
    0x08015f50   0x08015f50   0x00000002   Code   RO         3285    .text               cpprt_w.l(arm_rethrow_noexceptions.o)
    0x08015f52   0x08015f52   0x00000022   Code   RO         3291    .text               cpprt_w.l(aeabi_vec_dtor_noexceptions.o)
    0x08015f74   0x08015f74   0x00000080   Code   RO         3307    .text               c_w.l(_printf_fp_infnan.o)
    0x08015ff4   0x08015ff4   0x000000e4   Code   RO         3311    .text               c_w.l(bigflt0.o)
    0x080160d8   0x080160d8   0x000001d6   Code   RO         3336    .text               c_w.l(flsbuf.o)
    0x080162ae   0x080162ae   0x00000002   PAD
    0x080162b0   0x080162b0   0x000000f8   Code   RO         3338    .text               c_w.l(fseek.o)
    0x080163a8   0x080163a8   0x000000f0   Code   RO         3340    .text               c_w.l(stdio.o)
    0x08016498   0x08016498   0x00000032   Code   RO         3351    .text               c_w.l(defsig_general.o)
    0x080164ca   0x080164ca   0x00000002   PAD
    0x080164cc   0x080164cc   0x00000034   Code   RO         3353    .text               c_w.l(defsig_rtred_inner.o)
    0x08016500   0x08016500   0x00000050   Code   RO         3355    .text               c_w.l(defsig_rtmem_inner.o)
    0x08016550   0x08016550   0x0000000e   Code   RO         3389    .text               c_w.l(sys_wrch.o)
    0x0801655e   0x0801655e   0x00000016   Code   RO         3395    .text               c_w.l(_rserrno.o)
    0x08016574   0x08016574   0x00000320   Code   RO         3399    .text               c_w.l(scanf_hexfp.o)
    0x08016894   0x08016894   0x00000134   Code   RO         3401    .text               c_w.l(scanf_infnan.o)
    0x080169c8   0x080169c8   0x00000042   Code   RO         3405    .text               c_w.l(ftell.o)
    0x08016a0a   0x08016a0a   0x0000001c   Code   RO         3418    .text               cpprt_w.l(ARM_vec_cleanup_noexceptions.o)
    0x08016a26   0x08016a26   0x00000026   Code   RO         3425    .text               c_w.l(llshl.o)
    0x08016a4c   0x08016a4c   0x00000024   Code   RO         3485    .text               c_w.l(init_aeabi.o)
    0x08016a70   0x08016a70   0x0000003e   Code   RO         3314    CL$$btod_d2e        c_w.l(btod.o)
    0x08016aae   0x08016aae   0x00000046   Code   RO         3316    CL$$btod_d2e_denorm_low  c_w.l(btod.o)
    0x08016af4   0x08016af4   0x00000060   Code   RO         3315    CL$$btod_d2e_norm_op1  c_w.l(btod.o)
    0x08016b54   0x08016b54   0x00000338   Code   RO         3324    CL$$btod_div_common  c_w.l(btod.o)
    0x08016e8c   0x08016e8c   0x00000084   Code   RO         3322    CL$$btod_e2d        c_w.l(btod.o)
    0x08016f10   0x08016f10   0x000000dc   Code   RO         3321    CL$$btod_e2e        c_w.l(btod.o)
    0x08016fec   0x08016fec   0x0000002a   Code   RO         3318    CL$$btod_ediv       c_w.l(btod.o)
    0x08017016   0x08017016   0x0000002a   Code   RO         3320    CL$$btod_edivd      c_w.l(btod.o)
    0x08017040   0x08017040   0x0000002a   Code   RO         3317    CL$$btod_emul       c_w.l(btod.o)
    0x0801706a   0x0801706a   0x0000002a   Code   RO         3319    CL$$btod_emuld      c_w.l(btod.o)
    0x08017094   0x08017094   0x00000244   Code   RO         3323    CL$$btod_mult_common  c_w.l(btod.o)
    0x080172d8   0x080172d8   0x00000014   Code   RO         2476    i.<Func5>           cpp_ws.l(locale.o)
    0x080172ec   0x080172ec   0x00000020   Code   RO         3010    i._Z7catgetsPN4__rw8__rw_catEiiPKc  cpp_ws.l(rwcats.o)
    0x0801730c   0x0801730c   0x00000022   Code   RO         3011    i._Z7catopenPKci    cpp_ws.l(rwcats.o)
    0x0801732e   0x0801732e   0x00000058   Code   RO         1837    i._ZN37_INTERNAL_15_rwstdexcept_cpp_8697b68a4__rw13__rw_vfmatstrEPcjPKcSt9__va_list  cpp_ws.l(rwstdexcept.o)
    0x08017386   0x08017386   0x00000002   PAD
    0x08017388   0x08017388   0x0000014c   Code   RO         1838    i._ZN37_INTERNAL_15_rwstdexcept_cpp_8697b68a4__rw13__rw_vfmatstrEPcjiSt9__va_list  cpp_ws.l(rwstdexcept.o)
    0x080174d4   0x080174d4   0x0000005c   Code   RO         1840    i._ZN4__rw10__rw_throwEiz  cpp_ws.l(rwstdexcept.o)
    0x08017530   0x08017530   0x00000020   Code   RO         1618    i._ZN4__rw13__rw_allocateEji  cpp_ws.l(rwalloc.o)
    0x08017550   0x08017550   0x00000004   Code   RO         1619    i._ZN4__rw15__rw_deallocateEPvji  cpp_ws.l(rwalloc.o)
    0x08017554   0x08017554   0x00000002   Code   RO         2423    i._ZN4__rw15__rw_facet_base12_C_initfacetERKSt6locale  cpp_ws.l(char.o)
    0x08017556   0x08017556   0x00000002   PAD
    0x08017558   0x08017558   0x000000ec   Code   RO         2579    i._ZN4__rw15__rw_locale_impC1EPKcjj  cpp_ws.l(locale.o)
    0x08017644   0x08017644   0x0000001a   Code   RO         2617    i._ZN4__rw15__rw_locale_impD1Ev  cpp_ws.l(locale.o)
    0x0801765e   0x0801765e   0x0000003a   Code   RO         2477    i._ZN4__rw21__rw_use_c_lib_localeC1EPKci  cpp_ws.l(locale.o)
    0x08017698   0x08017698   0x00000018   Code   RO         2393    i._ZN4__rw21__rw_use_c_lib_localeD1Ev  cpp_ws.l(char.o)
    0x080176b0   0x080176b0   0x00000098   Code   RO         3034    i._ZN4__rw25__rw_throw_exception_noexEiPc  cpp_ws.l(rwthrowproc_impl_noex.o)
    0x08017748   0x08017748   0x00000030   Code   RO         3014    i._ZN4__rw9__catfindEPNS_8__rw_catE  cpp_ws.l(rwcats.o)
    0x08017778   0x08017778   0x00000004   Code   RO         1960    i._ZNKSt14__rw_exception4whatEv  cpp_ws.l(rwstdexcept.o)
    0x0801777c   0x0801777c   0x00000072   Code   RO         2654    i._ZNKSt18__rw_messages_base11_C_cat_openERKSsRKSt6locale  cpp_ws.l(messages.o)
    0x080177ee   0x080177ee   0x00000020   Code   RO         2657    i._ZNKSt18__rw_messages_base13_C_get_localeEi  cpp_ws.l(messages.o)
    0x0801780e   0x0801780e   0x00000034   Code   RO         2658    i._ZNKSt18__rw_messages_base14_C_get_messageEiii  cpp_ws.l(messages.o)
    0x08017842   0x08017842   0x0000000e   Code   RO         2363    i._ZNKSt5ctypeIcE2isENSt10ctype_base4maskEc  cpp_ws.l(char.o)
    0x08017850   0x08017850   0x00000108   Code   RO         2482    i._ZNKSt6locale13_C_make_facetERKNS_2idEbiPFPN4__rw15__rw_facet_baseEiPKcjE  cpp_ws.l(locale.o)
    0x08017958   0x08017958   0x00000074   Code   RO         2484    i._ZNKSt6locale16_C_install_facetEPN4__rw15__rw_facet_baseERKNS_2idE  cpp_ws.l(locale.o)
    0x080179cc   0x080179cc   0x00000030   Code   RO         2485    i._ZNKSt6locale4nameEv  cpp_ws.l(locale.o)
    0x080179fc   0x080179fc   0x0000000c   Code   RO         2338    i._ZNSt11char_traitsIcE4copyEPcPKcj  cpp_ws.l(char.o)
    0x08017a08   0x08017a08   0x000000cc   Code   RO         2224    i._ZNSt12ctype_bynameIcE17_C_get_mask_tableEPKc  cpp_ws.l(char.o)
    0x08017ad4   0x08017ad4   0x00000120   Code   RO         2226    i._ZNSt12ctype_bynameIcEC1EPKcj  cpp_ws.l(char.o)
    0x08017bf4   0x08017bf4   0x0000000e   Code   RO         2470    i._ZNSt12ctype_bynameIcED0Ev  cpp_ws.l(char.o)
    0x08017c02   0x08017c02   0x00000008   Code   RO         2467    i._ZNSt12ctype_bynameIcED1Ev  cpp_ws.l(char.o)
    0x08017c0a   0x08017c0a   0x00000002   PAD
    0x08017c0c   0x08017c0c   0x00000084   Code   RO         1843    i._ZNSt14__rw_exception10_C_vformatEiSt9__va_list  cpp_ws.l(rwstdexcept.o)
    0x08017c90   0x08017c90   0x00000014   Code   RO         1910    i._ZNSt14__rw_exceptionC1Ev  cpp_ws.l(rwstdexcept.o)
    0x08017ca4   0x08017ca4   0x0000001c   Code   RO         1954    i._ZNSt14__rw_exceptionD1Ev  cpp_ws.l(rwstdexcept.o)
    0x08017cc0   0x08017cc0   0x00000008   Code   RO         1907    i._ZNSt18__rw_messages_baseD1Ev  cpp_ws.l(rwstdexcept.o)
    0x08017cc8   0x08017cc8   0x0000001a   Code   RO         2694    i._ZNSt18__rw_open_cat_dataC1Ev  cpp_ws.l(messages.o)
    0x08017ce2   0x08017ce2   0x0000000c   Code   RO         2691    i._ZNSt18__rw_open_cat_dataD1Ev  cpp_ws.l(messages.o)
    0x08017cee   0x08017cee   0x00000012   Code   RO         2697    i._ZNSt18__rw_open_cat_dataaSERKS_  cpp_ws.l(messages.o)
    0x08017d00   0x08017d00   0x000000fa   Code   RO         2228    i._ZNSt5ctypeIcE12_C_initfacetERKSt6locale  cpp_ws.l(char.o)
    0x08017dfa   0x08017dfa   0x00000002   PAD
    0x08017dfc   0x08017dfc   0x00000118   Code   RO         2230    i._ZNSt5ctypeIcEC1EPKNSt10ctype_base4maskEbj  cpp_ws.l(char.o)
    0x08017f14   0x08017f14   0x0000000e   Code   RO         2366    i._ZNSt5ctypeIcED0Ev  cpp_ws.l(char.o)
    0x08017f22   0x08017f22   0x00000002   PAD
    0x08017f24   0x08017f24   0x0000002c   Code   RO         2295    i._ZNSt5ctypeIcED1Ev  cpp_ws.l(char.o)
    0x08017f50   0x08017f50   0x0000000e   Code   RO         1951    i._ZNSt6locale5facetD0Ev  cpp_ws.l(rwstdexcept.o)
    0x08017f5e   0x08017f5e   0x00000002   PAD
    0x08017f60   0x08017f60   0x00000084   Code   RO         2488    i._ZNSt6locale7_C_initEv  cpp_ws.l(locale.o)
    0x08017fe4   0x08017fe4   0x00000044   Code   RO         2490    i._ZNSt6locale7classicEv  cpp_ws.l(locale.o)
    0x08018028   0x08018028   0x00000020   Code   RO         2620    i._ZNSt6localeC1EPN4__rw15__rw_locale_impE  cpp_ws.l(locale.o)
    0x08018048   0x08018048   0x0000000c   Code   RO         2700    i._ZNSt6localeC1ERKS_  cpp_ws.l(messages.o)
    0x08018054   0x08018054   0x00000020   Code   RO         1903    i._ZNSt6localeC1Ev  cpp_ws.l(rwstdexcept.o)
    0x08018074   0x08018074   0x00000020   Code   RO         2595    i._ZNSt6localeD1Ev  cpp_ws.l(locale.o)
    0x08018094   0x08018094   0x00000032   Code   RO         2498    i._ZNSt6localeaSERKS_  cpp_ws.l(locale.o)
    0x080180c6   0x080180c6   0x0000000e   Code   RO         1925    i._ZNSt8messagesIcED0Ev  cpp_ws.l(rwstdexcept.o)
    0x080180d4   0x080180d4   0x00000010   Code   RO         1894    i._ZNSt8messagesIcED1Ev  cpp_ws.l(rwstdexcept.o)
    0x080180e4   0x080180e4   0x0000000c   Code   RO         2726    i._ZNSt9exceptionC1Ev  cpprt_w.l(exception_ctor.o)
    0x080180f0   0x080180f0   0x0000003c   Code   RO         2675    i._ZSt13__rw_get_catsv  cpp_ws.l(messages.o)
    0x0801812c   0x0801812c   0x00000008   Code   RO         2706    i._ZdaPv            cpprt_w.l(array_del.o)
    0x08018134   0x08018134   0x00000008   Code   RO         1963    i._ZdlPv            cpprt_w.l(delete.o)
    0x0801813c   0x0801813c   0x00000008   Code   RO         2709    i._Znaj             cpprt_w.l(array_new.o)
    0x08018144   0x08018144   0x00000028   Code   RO         1966    i._Znwj             cpprt_w.l(new.o)
    0x0801816c   0x0801816c   0x00000092   Code   RO         3363    i.__ARM_array_new_general  cpprt_w.l(array_new_general.o)
    0x080181fe   0x080181fe   0x00000028   Code   RO         3381    i.__ARM_fpclassify  m_ws.l(fpclassify.o)
    0x08018226   0x08018226   0x00000010   Code   RO         3120    i.__aeabi_vec_dtor_cookie  cpprt_w.l(aeabi_vec_dtor_cookie.o)
    0x08018236   0x08018236   0x00000014   Code   RO         3117    i.__aeabi_vec_new_cookie  cpprt_w.l(aeabi_vec_new_cookie.o)
    0x0801824a   0x0801824a   0x00000010   Code   RO         3105    i.__cxa_guard_acquire  cpprt_w.l(cxa_guard_acquire.o)
    0x0801825a   0x0801825a   0x00000002   PAD
    0x0801825c   0x0801825c   0x00000018   Code   RO         3288    i.__cxa_vec_new     cpprt_w.l(cxa_vec_new.o)
    0x08018274   0x08018274   0x0000000e   Code   RO         3467    i.__mathlib_dbl_overflow  m_ws.l(dunder.o)
    0x08018282   0x08018282   0x00000002   PAD
    0x08018284   0x08018284   0x00000010   Code   RO         3469    i.__mathlib_dbl_underflow  m_ws.l(dunder.o)
    0x08018294   0x08018294   0x00000010   Code   RO         3383    i.__mathlib_narrow  m_ws.l(narrow.o)
    0x080182a4   0x080182a4   0x000000bc   Code   RO         3384    i.__mathlib_tofloat  m_ws.l(narrow.o)
    0x08018360   0x08018360   0x00000010   Code   RO         2499    i.__sti___10_locale_cpp_ff99fc7b  cpp_ws.l(locale.o)
    0x08018370   0x08018370   0x00000038   Code   RO         3015    i.__sti___10_rwcats_cpp_64e8068e  cpp_ws.l(rwcats.o)
    0x080183a8   0x080183a8   0x00000010   Code   RO         2232    i.__sti___8_char_cpp_a3dc957a  cpp_ws.l(char.o)
    0x080183b8   0x080183b8   0x00000016   Code   RO         3450    i.__support_ldexp   m_ws.l(ldexp.o)
    0x080183ce   0x080183ce   0x0000000e   Code   RO         2874    i._is_digit         c_w.l(__printf_wp.o)
    0x080183dc   0x080183dc   0x0000001a   Code   RO         3215    i.fputc             c_w.l(fputc.o)
    0x080183f6   0x080183f6   0x00000002   PAD
    0x080183f8   0x080183f8   0x00000058   Code   RO         3422    i.frexp             m_ws.l(frexp.o)
    0x08018450   0x08018450   0x00000074   Code   RO         3451    i.ldexp             m_ws.l(ldexp.o)
    0x080184c4   0x080184c4   0x0000002c   Code   RO         3242    locale$$code        c_w.l(lc_ctype_c.o)
    0x080184f0   0x080184f0   0x0000002c   Code   RO         3347    locale$$code        c_w.l(lc_numeric_c.o)
    0x0801851c   0x0801851c   0x00000014   Code   RO         2347    t._ZN4__rw12__string_refIcSt11char_traitsIcESaIcEE10_C_inc_refEv  cpp_ws.l(char.o)
    0x08018530   0x08018530   0x00000046   Code   RO         1916    t._ZN4__rw16__rw_facet_makerISt5ctypeIcEE13_C_maker_funcEiPKcj  cpp_ws.l(rwstdexcept.o)
    0x08018576   0x08018576   0x00000056   Code   RO         2598    t._ZN4__rw18__rw_locale_vectorIPNS_15__rw_facet_baseEE6resizeEjRKS2_  cpp_ws.l(locale.o)
    0x080185cc   0x080185cc   0x0000000e   Code   RO         2610    t._ZN4__rw18__rw_locale_vectorIPNS_15__rw_facet_baseEED1Ev  cpp_ws.l(locale.o)
    0x080185da   0x080185da   0x0000000e   Code   RO         3031    t._ZN4__rw18__rw_locale_vectorIPNS_8__rw_catEED1Ev  cpp_ws.l(rwcats.o)
    0x080185e8   0x080185e8   0x00000014   Code   RO         2613    t._ZN4__rw18__rw_locale_vectorISsED1Ev  cpp_ws.l(locale.o)
    0x080185fc   0x080185fc   0x00000088   Code   RO         2681    t._ZN4__rw18__rw_locale_vectorISt18__rw_open_cat_dataE6resizeEj  cpp_ws.l(messages.o)
    0x08018684   0x08018684   0x00000014   Code   RO         2687    t._ZN4__rw18__rw_locale_vectorISt18__rw_open_cat_dataED1Ev  cpp_ws.l(messages.o)
    0x08018698   0x08018698   0x00000018   Code   RO         1418    t._ZNKSt6vectorItSaItEE4sizeEv  funtion.o
    0x080186b0   0x080186b0   0x0000000c   Code   RO         1466    t._ZNKSt6vectorItSaItEE8capacityEv  funtion.o
    0x080186bc   0x080186bc   0x00000090   Code   RO         1888    t._ZNKSt8messagesIcE6do_getEiiiRKSs  cpp_ws.l(rwstdexcept.o)
    0x0801874c   0x0801874c   0x00000006   Code   RO         1913    t._ZNKSt8messagesIcE7do_openERKSsRKSt6locale  cpp_ws.l(rwstdexcept.o)
    0x08018752   0x08018752   0x00000014   Code   RO         1442    t._ZNSaItE10deallocateEPtj  funtion.o
    0x08018766   0x08018766   0x00000016   Code   RO         1424    t._ZNSaItE9constructEPtRKt  funtion.o
    0x0801877c   0x0801877c   0x00000032   Code   RO         2567    t._ZNSs11_C_allocateEjjj  cpp_ws.l(locale.o)
    0x080187ae   0x080187ae   0x00000018   Code   RO         2607    t._ZNSs7replaceEjjPKcj  cpp_ws.l(locale.o)
    0x080187c6   0x080187c6   0x00000002   PAD
    0x080187c8   0x080187c8   0x00000168   Code   RO         2285    t._ZNSs7replaceEjjPKcjjj  cpp_ws.l(char.o)
    0x08018930   0x08018930   0x00000074   Code   RO         2273    t._ZNSs9_C_getRepEjj  cpp_ws.l(char.o)
    0x080189a4   0x080189a4   0x00000048   Code   RO         2282    t._ZNSs9_C_unlinkEv  cpp_ws.l(char.o)
    0x080189ec   0x080189ec   0x00000038   Code   RO         2570    t._ZNSsC1EPKcRKSaIcE  cpp_ws.l(locale.o)
    0x08018a24   0x08018a24   0x00000010   Code   RO         2604    t._ZNSsC1ERKSaIcE   cpp_ws.l(locale.o)
    0x08018a34   0x08018a34   0x0000003e   Code   RO         2276    t._ZNSsC1ERKSs      cpp_ws.l(char.o)
    0x08018a72   0x08018a72   0x0000000c   Code   RO         2356    t._ZNSsD1Ev         cpp_ws.l(char.o)
    0x08018a7e   0x08018a7e   0x00000002   PAD
    0x08018a80   0x08018a80   0x0000004c   Code   RO         2576    t._ZNSsaSEPKc       cpp_ws.l(locale.o)
    0x08018acc   0x08018acc   0x0000003e   Code   RO         2573    t._ZNSsaSERKSs      cpp_ws.l(locale.o)
    0x08018b0a   0x08018b0a   0x00000012   Code   RO         1412    t._ZNSt6vectorItSaItEE10_C_destroyEPtS2_  funtion.o
    0x08018b1c   0x08018b1c   0x0000012a   Code   RO         1436    t._ZNSt6vectorItSaItEE13_C_insert_auxEPtRKt  funtion.o
    0x08018c46   0x08018c46   0x00000008   Code   RO         1448    t._ZNSt6vectorItSaItEE3endEv  funtion.o
    0x08018c4e   0x08018c4e   0x00000008   Code   RO         1454    t._ZNSt6vectorItSaItEE5beginEv  funtion.o
    0x08018c56   0x08018c56   0x00000012   Code   RO         1460    t._ZNSt6vectorItSaItEEixEj  funtion.o
    0x08018c68   0x08018c68   0x0000002c   Code   RO         1430    t._ZSt18uninitialized_copyIPtS0_SaItEET0_T_S3_S2_RT1_  funtion.o
    0x08018c94   0x08018c94   0x0000000c   Code   RO         2350    t._ZSt3maxIjERKT_S2_S2_  cpp_ws.l(char.o)
    0x08018ca0   0x08018ca0   0x00000062   Code   RO         1772    x$fpl$d2f           fz_ws.l(d2f.o)
    0x08018d02   0x08018d02   0x00000002   PAD
    0x08018d04   0x08018d04   0x00000150   Code   RO         1774    x$fpl$dadd          fz_ws.l(daddsub_clz.o)
    0x08018e54   0x08018e54   0x00000010   Code   RO         3461    x$fpl$dcheck1       fz_ws.l(dcheck1.o)
    0x08018e64   0x08018e64   0x00000018   Code   RO         2097    x$fpl$dcmpinf       fz_ws.l(dcmpi.o)
    0x08018e7c   0x08018e7c   0x000002b0   Code   RO         1781    x$fpl$ddiv          fz_ws.l(ddiv.o)
    0x0801912c   0x0801912c   0x00000078   Code   RO         3294    x$fpl$deqf          fz_ws.l(deqf.o)
    0x080191a4   0x080191a4   0x0000005a   Code   RO         1784    x$fpl$dfixu         fz_ws.l(dfixu.o)
    0x080191fe   0x080191fe   0x00000026   Code   RO         1788    x$fpl$dfltu         fz_ws.l(dflt_clz.o)
    0x08019224   0x08019224   0x00000078   Code   RO         1794    x$fpl$dleqf         fz_ws.l(dleqf.o)
    0x0801929c   0x0801929c   0x00000154   Code   RO         1796    x$fpl$dmul          fz_ws.l(dmul.o)
    0x080193f0   0x080193f0   0x0000009c   Code   RO         2099    x$fpl$dnaninf       fz_ws.l(dnaninf.o)
    0x0801948c   0x0801948c   0x0000000c   Code   RO         2101    x$fpl$dretinf       fz_ws.l(dretinf.o)
    0x08019498   0x08019498   0x0000006c   Code   RO         1798    x$fpl$drleqf        fz_ws.l(drleqf.o)
    0x08019504   0x08019504   0x000001d4   Code   RO         1776    x$fpl$dsub          fz_ws.l(daddsub_clz.o)
    0x080196d8   0x080196d8   0x000000c4   Code   RO         1800    x$fpl$fadd          fz_ws.l(faddsub_clz.o)
    0x0801979c   0x0801979c   0x00000018   Code   RO         2103    x$fpl$fcmpinf       fz_ws.l(fcmpi.o)
    0x080197b4   0x080197b4   0x00000184   Code   RO         1807    x$fpl$fdiv          fz_ws.l(fdiv.o)
    0x08019938   0x08019938   0x00000068   Code   RO         1810    x$fpl$feqf          fz_ws.l(feqf.o)
    0x080199a0   0x080199a0   0x00000036   Code   RO         1812    x$fpl$ffix          fz_ws.l(ffix.o)
    0x080199d6   0x080199d6   0x00000002   PAD
    0x080199d8   0x080199d8   0x0000003e   Code   RO         1816    x$fpl$ffixu         fz_ws.l(ffixu.o)
    0x08019a16   0x08019a16   0x00000002   PAD
    0x08019a18   0x08019a18   0x00000030   Code   RO         1821    x$fpl$fflt          fz_ws.l(fflt_clz.o)
    0x08019a48   0x08019a48   0x00000026   Code   RO         1820    x$fpl$ffltu         fz_ws.l(fflt_clz.o)
    0x08019a6e   0x08019a6e   0x00000002   PAD
    0x08019a70   0x08019a70   0x00000068   Code   RO         1826    x$fpl$fleqf         fz_ws.l(fleqf.o)
    0x08019ad8   0x08019ad8   0x00000102   Code   RO         1828    x$fpl$fmul          fz_ws.l(fmul.o)
    0x08019bda   0x08019bda   0x0000008c   Code   RO         2105    x$fpl$fnaninf       fz_ws.l(fnaninf.o)
    0x08019c66   0x08019c66   0x0000000a   Code   RO         2107    x$fpl$fretinf       fz_ws.l(fretinf.o)
    0x08019c70   0x08019c70   0x00000062   Code   RO         1830    x$fpl$frleqf        fz_ws.l(frleqf.o)
    0x08019cd2   0x08019cd2   0x00000014   Code   RO         1801    x$fpl$frsb          fz_ws.l(faddsub_clz.o)
    0x08019ce6   0x08019ce6   0x00000002   PAD
    0x08019ce8   0x08019ce8   0x000000ea   Code   RO         1802    x$fpl$fsub          fz_ws.l(faddsub_clz.o)
    0x08019dd2   0x08019dd2   0x00000006   Code   RO         3373    x$fpl$ieeestatus    fz_ws.l(istatus.o)
    0x08019dd8   0x08019dd8   0x00000004   Code   RO         3136    x$fpl$printf1       fz_ws.l(printf1.o)
    0x08019ddc   0x08019ddc   0x00000004   Code   RO         3138    x$fpl$printf2       fz_ws.l(printf2.o)
    0x08019de0   0x08019de0   0x00000064   Code   RO         3478    x$fpl$retnan        fz_ws.l(retnan.o)
    0x08019e44   0x08019e44   0x0000005c   Code   RO         3447    x$fpl$scalbn        fz_ws.l(scalbn.o)
    0x08019ea0   0x08019ea0   0x00000004   Code   RO         3144    x$fpl$scanf1        fz_ws.l(scanf1.o)
    0x08019ea4   0x08019ea4   0x00000008   Code   RO         3375    x$fpl$scanf2        fz_ws.l(scanf2.o)
    0x08019eac   0x08019eac   0x00000030   Code   RO         3480    x$fpl$trapveneer    fz_ws.l(trapv.o)
    0x08019edc   0x08019edc   0x00000000   Code   RO         2109    x$fpl$usenofp       fz_ws.l(usenofp.o)
    0x08019edc   0x08019edc   0x00000012   Data   RO          794    .constdata          stm32f1xx_hal_rcc.o
    0x08019eee   0x08019eee   0x00000012   Data   RO          820    .constdata          stm32f1xx_hal_rcc_ex.o
    0x08019f00   0x08019f00   0x00000018   Data   RO         1229    .constdata          system_stm32f1xx.o
    0x08019f18   0x08019f18   0x00000e98   Data   RO         1337    .constdata          oledfont.o
    0x0801adb0   0x0801adb0   0x00000017   Data   RO         1568    .constdata          retarget_io.o
    0x0801adc7   0x0801adc7   0x00000001   PAD
    0x0801adc8   0x0801adc8   0x0000005c   Data   RO         1863    .constdata          cpp_ws.l(rwstdexcept.o)
    0x0801ae24   0x0801ae24   0x00000200   Data   RO         2252    .constdata          cpp_ws.l(char.o)
    0x0801b024   0x0801b024   0x00000008   Data   RO         2833    .constdata          c_w.l(_printf_wctomb.o)
    0x0801b02c   0x0801b02c   0x00000028   Data   RO         2862    .constdata          c_w.l(_printf_hex_int_ll_ptr.o)
    0x0801b054   0x0801b054   0x00000011   Data   RO         2882    .constdata          c_w.l(__printf_flags_ss_wp.o)
    0x0801b065   0x0801b065   0x00000026   Data   RO         3193    .constdata          c_w.l(_printf_fp_hex.o)
    0x0801b08b   0x0801b08b   0x00000001   PAD
    0x0801b08c   0x0801b08c   0x00000094   Data   RO         3312    .constdata          c_w.l(bigflt0.o)
    0x0801b120   0x0801b120   0x00000014   Data   RO         1939    .constdata__ZTVNSt6locale5facetE  cpp_ws.l(rwstdexcept.o)
    0x0801b134   0x0801b134   0x00000034   Data   RO         2434    .constdata__ZTVSt12ctype_bynameIcE  cpp_ws.l(char.o)
    0x0801b168   0x0801b168   0x00000014   Data   RO         1941    .constdata__ZTVSt14__rw_exception  cpp_ws.l(rwstdexcept.o)
    0x0801b17c   0x0801b17c   0x00000034   Data   RO         2263    .constdata__ZTVSt5ctypeIcE  cpp_ws.l(char.o)
    0x0801b1b0   0x0801b1b0   0x00000020   Data   RO         1876    .constdata__ZTVSt8messagesIcE  cpp_ws.l(rwstdexcept.o)
    0x0801b1d0   0x0801b1d0   0x00000014   Data   RO         2736    .constdata__ZTVSt9exception  cpprt_w.l(exception_dtor.o)
    0x0801b1e4   0x0801b1e4   0x00000001   Data   RO         2564    .constdata__ZZNK4__rw15__rw_locale_imp16_C_category_nameEiEs  cpp_ws.l(locale.o)
    0x0801b1e5   0x0801b1e5   0x00000001   Data   RO         2271    .constdata__ZZNSs7replaceEjjPKcjjjEs  cpp_ws.l(char.o)
    0x0801b1e6   0x0801b1e6   0x00000001   Data   RO         2272    .constdata__ZZNSs9_C_getRepEjjEs  cpp_ws.l(char.o)
    0x0801b1e7   0x0801b1e7   0x00000002   Data   RO         1877    .constdata__ZZNSt8messagesIcEC1EjEs  cpp_ws.l(rwstdexcept.o)
    0x0801b1e9   0x0801b1e9   0x00000003   PAD
    0x0801b1ec   0x0801b1ec   0x00000272   Data   RO         1864    .conststring        cpp_ws.l(rwstdexcept.o)
    0x0801b45e   0x0801b45e   0x00000002   PAD
    0x0801b460   0x0801b460   0x00000020   Data   RO         3488    Region$$Table       anon$$obj.o
    0x0801b480   0x0801b480   0x00000008   Data   RO         3369    c$$dinf             fz_ws.l(fpconst.o)
    0x0801b488   0x0801b488   0x00000008   Data   RO         3372    c$$dmax             fz_ws.l(fpconst.o)
    0x0801b490   0x0801b490   0x00000110   Data   RO         3241    locale$$data        c_w.l(lc_ctype_c.o)
    0x0801b5a0   0x0801b5a0   0x00000010   Data   RO         3342    locale$$data        c_w.l(null_locale.o)
    0x0801b5b0   0x0801b5b0   0x0000001c   Data   RO         3346    locale$$data        c_w.l(lc_numeric_c.o)
    0x0801b5cc   0x0801b5cc   0x00000004   Data   RO         2254    .init_array         cpp_ws.l(char.o)
    0x0801b5d0   0x0801b5cc   0x00000004   Data   RO         2547    .init_array         cpp_ws.l(locale.o)
    0x0801b5d4   0x0801b5cc   0x00000004   Data   RO         3025    .init_array         cpp_ws.l(rwcats.o)
    0x0801b5d8   0x0801b5cc   0x00000000   Data   RO         3483    .init_array         c_w.l(init_aeabi.o)


    Execution Region RW_IRAM1 (Exec base: 0x20000000, Load base: 0x0801b5d8, Size: 0x00000f08, Max: 0x00005000, ABSOLUTE, COMPRESSED[0x000001a4])

    Exec Addr    Load Addr    Size         Type   Attr      Idx    E Section Name        Object

    0x20000000   COMPRESSED   0x00000079   Data   RW          313    .data               main.o
    0x20000079   COMPRESSED   0x00000003   PAD
    0x2000007c   COMPRESSED   0x00000009   Data   RW          763    .data               stm32f1xx_hal.o
    0x20000085   COMPRESSED   0x00000003   PAD
    0x20000088   COMPRESSED   0x00000004   Data   RW         1230    .data               system_stm32f1xx.o
    0x2000008c   COMPRESSED   0x0000000b   Data   RW         1261    .data               process.o
    0x20000097   COMPRESSED   0x00000017   Data   RW         1310    .data               oled.o
    0x200000ae   COMPRESSED   0x000001f9   Data   RW         1338    .data               oledfont.o
    0x200002a7   COMPRESSED   0x00000001   PAD
    0x200002a8   COMPRESSED   0x00000078   Data   RW         1355    .data               menu.o
    0x20000320   COMPRESSED   0x00000004   Data   RW         1569    .data               retarget_io.o
    0x20000324   COMPRESSED   0x00000017   Data   RW         1865    .data               cpp_ws.l(rwstdexcept.o)
    0x2000033b   COMPRESSED   0x00000001   PAD
    0x2000033c   COMPRESSED   0x00000004   Data   RW         2203    .data               c_w.l(stdio_streams.o)
    0x20000340   COMPRESSED   0x00000004   Data   RW         2204    .data               c_w.l(stdio_streams.o)
    0x20000344   COMPRESSED   0x00000004   Data   RW         2205    .data               c_w.l(stdio_streams.o)
    0x20000348   COMPRESSED   0x00000008   Data   RW         2253    .data               cpp_ws.l(char.o)
    0x20000350   COMPRESSED   0x0000001c   Data   RW         2546    .data               cpp_ws.l(locale.o)
    0x2000036c   COMPRESSED   0x00000004   Data   RW         2705    .data               cpp_ws.l(rwthrowproc_noex.o)
    0x20000370   COMPRESSED   0x00000008   Data   RW         3024    .data               cpp_ws.l(rwcats.o)
    0x20000378   COMPRESSED   0x00000004   Data   RW         2647    .data__ZZNKSt6locale2id7_C_initEvE9_C_id_gen  cpp_ws.l(locale.o)
    0x2000037c   COMPRESSED   0x0000000c   Data   RW         2703    .data__ZZSt13__rw_get_catsvE11__open_cats  cpp_ws.l(messages.o)
    0x20000388        -       0x00000074   Zero   RW           15    .bss                adc.o
    0x200003fc        -       0x00000028   Zero   RW          163    .bss                can.o
    0x20000424        -       0x000000a8   Zero   RW          250    .bss                i2c.o
    0x200004cc        -       0x0000003c   Zero   RW          312    .bss                main.o
    0x20000508        -       0x00000014   Zero   RW          537    .bss                rtc.o
    0x2000051c        -       0x000000d8   Zero   RW          623    .bss                tim.o
    0x200005f4        -       0x00000160   Zero   RW          654    .bss                usart.o
    0x20000754   COMPRESSED   0x00000004   PAD
    0x20000758        -       0x00000018   Zero   RW         1862    .bss                cpp_ws.l(rwstdexcept.o)
    0x20000770        -       0x00000054   Zero   RW         2200    .bss                c_w.l(stdio_streams.o)
    0x200007c4        -       0x00000054   Zero   RW         2201    .bss                c_w.l(stdio_streams.o)
    0x20000818        -       0x00000054   Zero   RW         2202    .bss                c_w.l(stdio_streams.o)
    0x2000086c        -       0x00000060   Zero   RW         2774    .bss                c_w.l(libspace.o)
    0x200008cc        -       0x0000002a   Zero   RW         2928    .bss                c_w.l(locale.o)
    0x200008f6   COMPRESSED   0x00000002   PAD
    0x200008f8        -       0x00000010   Zero   RW         3098    .bss__ZNSs9__nullrefE  cpp_ws.l(vendor.o)
    0x20000908        -       0x00000200   Zero   RW            2    HEAP                startup_stm32f103xb.o
    0x20000b08        -       0x00000400   Zero   RW            1    STACK               startup_stm32f103xb.o


==============================================================================

Image component sizes


      Code (inc. data)   RO Data    RW Data    ZI Data      Debug   Object Name

       348         24          0          0        116     475831   adc.o
       248         20          0          0         40       1507   can.o
        84          4          0          0          0        726   dma.o
      1296         18          0          0          0      18244   funtion.o
       324         18          0          0          0       1003   gpio.o
       396         30          0          0        168       1752   i2c.o
      1532        230          0        121         60      10579   main.o
      4324        234          0        120          0       6530   menu.o
      1692         22          0         23          0       6950   oled.o
         0          0       3736        505          0        679   oledfont.o
       656         46          0         11          0       5200   process.o
       468         38         23          4          0       5768   retarget_io.o
       196         16          0          0         20       1423   rtc.o
       304         20          0          0          0       2113   sht3x.o
        64         26        236          0       1536        796   startup_stm32f103xb.o
       444         38          0          9          0       7025   stm32f1xx_hal.o
      3488         92          0          0          0       9642   stm32f1xx_hal_adc.o
      2548         68          0          0          0       6678   stm32f1xx_hal_adc_ex.o
      2826          4          0          0          0      11333   stm32f1xx_hal_can.o
       784         20          0          0          0      30670   stm32f1xx_hal_cortex.o
      2086         18          0          0          0       5777   stm32f1xx_hal_dma.o
      1212         34          0          0          0       3947   stm32f1xx_hal_gpio.o
     18152        208          0          0          0      39706   stm32f1xx_hal_i2c.o
        84          8          0          0          0        854   stm32f1xx_hal_msp.o
       520         20          0          0          0       4203   stm32f1xx_hal_pwr.o
      2384         90         18          0          0       5603   stm32f1xx_hal_rcc.o
       604         28         18          0          0       2232   stm32f1xx_hal_rcc_ex.o
      2782         18          0          0          0      10441   stm32f1xx_hal_rtc.o
     14676        172          0          0          0      42070   stm32f1xx_hal_tim.o
      5668        104          0          0          0      16919   stm32f1xx_hal_tim_ex.o
      6476         46          0          0          0      22636   stm32f1xx_hal_uart.o
       152         28          0          0          0       2469   stm32f1xx_it.o
       164         20         24          4          0       1397   system_stm32f1xx.o
       564         26          0          0        216       2221   tim.o
      1240         78          0          0        352       3227   usart.o

    ----------------------------------------------------------------------
     78792       1866       4088        804       2512     768151   Object Totals
         0          0         32          0          0          0   (incl. Generated)
         6          0          1          7          4          0   (incl. Padding)

    ----------------------------------------------------------------------

      Code (inc. data)   RO Data    RW Data    ZI Data      Debug   Library Member Name

        90          0          0          0          0          0   __dczerorl2.o
         8          0          0          0          0         68   __main.o
       392          4         17          0          0         92   __printf_flags_ss_wp.o
        14          0          0          0          0         68   __printf_wp.o
         0          0          0          0          0          0   __rtentry.o
        12          0          0          0          0          0   __rtentry2.o
         6          0          0          0          0          0   __rtentry4.o
        52          8          0          0          0          0   __scatter.o
        28          0          0          0          0          0   __scatter_zi.o
        28          0          0          0          0         68   _chval.o
        60          0          0          0          0         92   _mbrtowc.o
         6          0          0          0          0          0   _printf_a.o
         6          0          0          0          0          0   _printf_c.o
        44          0          0          0          0        108   _printf_char.o
        48          6          0          0          0         96   _printf_char_common.o
        36          4          0          0          0         80   _printf_char_file.o
        40          0          0          0          0         68   _printf_charcount.o
         6          0          0          0          0          0   _printf_d.o
       120         16          0          0          0         92   _printf_dec.o
         6          0          0          0          0          0   _printf_e.o
         6          0          0          0          0          0   _printf_f.o
      1054          0          0          0          0        216   _printf_fp_dec.o
       764          8         38          0          0        100   _printf_fp_hex.o
       128         16          0          0          0         84   _printf_fp_infnan.o
         6          0          0          0          0          0   _printf_g.o
       148          4         40          0          0        160   _printf_hex_int_ll_ptr.o
         6          0          0          0          0          0   _printf_i.o
       178          0          0          0          0         88   _printf_intcommon.o
        10          0          0          0          0          0   _printf_l.o
         6          0          0          0          0          0   _printf_lc.o
        10          0          0          0          0          0   _printf_ll.o
         6          0          0          0          0          0   _printf_lld.o
         6          0          0          0          0          0   _printf_lli.o
         6          0          0          0          0          0   _printf_llo.o
         6          0          0          0          0          0   _printf_llu.o
         6          0          0          0          0          0   _printf_llx.o
       124         16          0          0          0         92   _printf_longlong_dec.o
         6          0          0          0          0          0   _printf_ls.o
         6          0          0          0          0          0   _printf_n.o
         6          0          0          0          0          0   _printf_o.o
       112         10          0          0          0        124   _printf_oct_int_ll.o
         6          0          0          0          0          0   _printf_p.o
        78          0          0          0          0        108   _printf_pad.o
         0          0          0          0          0          0   _printf_percent.o
         4          0          0          0          0          0   _printf_percent_end.o
         6          0          0          0          0          0   _printf_s.o
        82          0          0          0          0         80   _printf_str.o
        36          0          0          0          0         84   _printf_truncate.o
         6          0          0          0          0          0   _printf_u.o
        44          0          0          0          0        108   _printf_wchar.o
       188          6          8          0          0         92   _printf_wctomb.o
         6          0          0          0          0          0   _printf_x.o
        22          0          0          0          0        100   _rserrno.o
       884          6          0          0          0        100   _scanf.o
       332          0          0          0          0         96   _scanf_int.o
       342          0          0          0          0        100   _scanf_longlong.o
       276          0          0          0          0        100   _scanf_mbtowc.o
       224          0          0          0          0         96   _scanf_str.o
        30          0          0          0          0         76   _scanf_wcharmap.o
       232          0          0          0          0        100   _scanf_wctomb.o
       208          0          0          0          0         96   _scanf_wstr.o
        64          0          0          0          0         84   _sgetc.o
        16          0          0          0          0         68   _snputc.o
        10          0          0          0          0         68   _sputc.o
        64          0          0          0          0         92   _wcrtomb.o
        22          0          0          0          0         80   abort.o
        46          0          0          0          0         84   aeabi_atexit.o
       228          4        148          0          0         96   bigflt0.o
      2152        136          0          0          0        960   btod.o
        66          0          0          0          0         84   cxa_finalize.o
        48         34          0          0          0         76   defsig_abrt_inner.o
        14          0          0          0          0         80   defsig_abrt_outer.o
        10          0          0          0          0         68   defsig_exit.o
        50          0          0          0          0         88   defsig_general.o
        80         58          0          0          0         76   defsig_rtmem_inner.o
        14          0          0          0          0         80   defsig_rtmem_outer.o
        52         38          0          0          0         76   defsig_rtred_inner.o
        14          0          0          0          0         80   defsig_rtred_outer.o
        18          0          0          0          0         80   exit.o
        76          0          0          0          0         88   fclose.o
         8          0          0          0          0         68   ferror.o
       470          0          0          0          0         88   flsbuf.o
       236          4          0          0          0        128   fopen.o
        20          0          0          0          0         84   fprintf.o
        26          0          0          0          0         68   fputc.o
       248          6          0          0          0         84   fseek.o
        66          0          0          0          0         76   ftell.o
        94          0          0          0          0         80   h1_alloc.o
        52          0          0          0          0         68   h1_extend.o
        78          0          0          0          0         80   h1_free.o
        14          0          0          0          0         84   h1_init.o
         6          0          0          0          0        152   heapauxi.o
         4          0          0          0          0        136   hguard.o
         0          0          0          0          0          0   indicate_semi.o
        36         10          0          0          0         80   init_aeabi.o
       138          0          0          0          0        168   init_alloc.o
       312         46          0          0          0        112   initio.o
        18          0          0          0          0         76   isspace.o
        44         10        272          0          0         76   lc_ctype_c.o
        44         10         28          0          0         76   lc_numeric_c.o
         2          0          0          0          0          0   libinit.o
        46          0          0          0          0          0   libinit2.o
         2          0          0          0          0          0   libshutdown.o
        12          0          0          0          0          0   libshutdown2.o
         8          4          0          0         96         68   libspace.o
        38          0          0          0          0         68   llshl.o
       138          0          0          0          0         80   lludiv10.o
        16          6          0          0         42         68   locale.o
       440          8          0          0          0        180   locale_r.o
         0          0          0          0          0          0   maybetermalloc1.o
         8          0          0          0          0         76   memcpy.o
         0          0         16          0          0          0   null_locale.o
        16          4          0          0          0         76   rt_ctype_table.o
         8          4          0          0          0         68   rt_ddtor_pointer_addr_intlibspace.o
         8          4          0          0          0         68   rt_eh_globals_addr_intlibspace.o
         8          4          0          0          0         68   rt_errno_addr_intlibspace.o
         8          4          0          0          0         68   rt_heap_descriptor_intlibspace.o
         8          4          0          0          0         68   rt_locale_intlibspace.o
        68          0          0          0          0         68   rt_memclr.o
        78          0          0          0          0         80   rt_memclr_w.o
       138          0          0          0          0         68   rt_memcpy_v6.o
       100          0          0          0          0         80   rt_memcpy_w.o
       132          0          0          0          0         68   rt_memmove_v6.o
       122          0          0          0          0         80   rt_memmove_w.o
         8          4          0          0          0         68   rt_new_handler_addr_intlibspace.o
         2          0          0          0          0          0   rtexit.o
        10          0          0          0          0          0   rtexit2.o
        44          8          0          0          0         84   scanf_char.o
      1272         16          0          0          0        168   scanf_fp.o
       800         14          0          0          0        100   scanf_hexfp.o
       308         16          0          0          0        100   scanf_infnan.o
        70          0          0          0          0         80   setvbuf.o
        60          8          0          0          0         84   sscanf.o
       240          6          0          0          0        156   stdio.o
         0          0          0         12        252          0   stdio_streams.o
        24          0          0          0          0         68   strcat.o
       128          0          0          0          0         68   strcmpv7m.o
        72          0          0          0          0         80   strcpy.o
        62          0          0          0          0         76   strlen.o
        22          0          0          0          0         68   strrchr.o
        12          4          0          0          0         68   sys_exit.o
        74          0          0          0          0         80   sys_stackheap_outer.o
        14          0          0          0          0         76   sys_wrch.o
         2          0          0          0          0         68   use_no_semi.o
        52          4          0          0          0         80   vsnprintf.o
      1824         74        622          8          0       1552   char.o
      1502         80          5         32          0       1760   locale.o
       482         34          0         12          0        784   messages.o
        36          0          0          0          0        144   rwalloc.o
       184         24          4          8          0        400   rwcats.o
      1000         68        792         23         24       1220   rwstdexcept.o
       152         94          0          0          0         72   rwthrowproc_impl_noex.o
         0          0          0          4          0          0   rwthrowproc_noex.o
         0          0          0          0         16          0   vendor.o
        28          0          0          0          0         84   ARM_vec_cleanup_noexceptions.o
        14          0          0          0          0         80   aeabi_vec_delete_noexceptions.o
        16          0          0          0          0         68   aeabi_vec_dtor_cookie.o
        34          0          0          0          0         84   aeabi_vec_dtor_noexceptions.o
        20          0          0          0          0         80   aeabi_vec_new_cookie.o
        80         12          0          0          0        104   arm_exceptions_globs.o
        60          0          0          0          0        108   arm_exceptions_mem.o
        26          0          0          0          0         76   arm_exceptions_terminate.o
         4          0          0          0          0         68   arm_newhandler_noexceptions.o
         2          0          0          0          0         68   arm_rethrow_noexceptions.o
         8          0          0          0          0         76   array_del.o
         8          0          0          0          0         76   array_new.o
       146          0          0          0          0         96   array_new_general.o
        16          0          0          0          0         68   cxa_guard_acquire.o
        24          6          0          0          0         84   cxa_vec_new.o
         8          0          0          0          0         76   delete.o
        12          6          0          0          0         68   exception_ctor.o
         0          0         20          0          0          0   exception_dtor.o
        40          6          0          0          0         76   new.o
        98          4          0          0          0         92   d2f.o
       804         16          0          0          0        272   daddsub_clz.o
        16          4          0          0          0         68   dcheck1.o
        24          0          0          0          0         68   dcmpi.o
       688        140          0          0          0        208   ddiv.o
       120          4          0          0          0         92   deqf.o
        90          4          0          0          0         92   dfixu.o
        38          0          0          0          0         68   dflt_clz.o
       120          4          0          0          0         92   dleqf.o
       340         12          0          0          0        104   dmul.o
       156          4          0          0          0         92   dnaninf.o
        12          0          0          0          0         68   dretinf.o
       108          0          0          0          0         80   drleqf.o
       450          8          0          0          0        236   faddsub_clz.o
        24          0          0          0          0         68   fcmpi.o
       388         76          0          0          0         96   fdiv.o
       104          4          0          0          0         84   feqf.o
        54          4          0          0          0         84   ffix.o
        62          4          0          0          0         84   ffixu.o
        86          0          0          0          0        136   fflt_clz.o
       104          4          0          0          0         84   fleqf.o
       258          4          0          0          0         84   fmul.o
       140          4          0          0          0         84   fnaninf.o
         0          0         16          0          0          0   fpconst.o
        10          0          0          0          0         68   fretinf.o
        98          0          0          0          0         68   frleqf.o
         6          0          0          0          0         68   istatus.o
         4          0          0          0          0         68   printf1.o
         4          0          0          0          0         68   printf2.o
       100          0          0          0          0         68   retnan.o
        92          0          0          0          0         68   scalbn.o
         4          0          0          0          0         68   scanf1.o
         8          0          0          0          0         84   scanf2.o
        48          0          0          0          0         68   trapv.o
         0          0          0          0          0          0   usenofp.o
        30          6          0          0          0        136   dunder.o
        40          0          0          0          0         68   fpclassify.o
        88          8          0          0          0         76   frexp.o
       138          0          0          0          0        160   ldexp.o
       204          4          0          0          0        168   narrow.o

    ----------------------------------------------------------------------
     27176       1304       2032        100        432      21308   Library Totals
        46          0          6          1          2          0   (incl. Padding)

    ----------------------------------------------------------------------

      Code (inc. data)   RO Data    RW Data    ZI Data      Debug   Library Name

     16246        582        567         12        390      10196   c_w.l
      5180        374       1423         87         40       5932   cpp_ws.l
       546         30         20          0          0       1440   cpprt_w.l
      4658        300         16          0          0       3132   fz_ws.l
       500         18          0          0          0        608   m_ws.l

    ----------------------------------------------------------------------
     27176       1304       2032        100        432      21308   Library Totals

    ----------------------------------------------------------------------

==============================================================================


      Code (inc. data)   RO Data    RW Data    ZI Data      Debug   

    105968       3170       6120        904       2944     772763   Grand Totals
    105968       3170       6120        420       2944     772763   ELF Image Totals (compressed)
    105968       3170       6120        420          0          0   ROM Totals

==============================================================================

    Total RO  Size (Code + RO Data)               112088 ( 109.46kB)
    Total RW  Size (RW Data + ZI Data)              3848 (   3.76kB)
    Total ROM Size (Code + RO Data + RW Data)     112508 ( 109.87kB)

==============================================================================

