<!doctype html public "-//w3c//dtd html 4.0 transitional//en">
<html><head>
<title>Static Call Graph - [switch\switch.axf]</title></head>
<body><HR>
<H1>Static Call Graph for image switch\switch.axf</H1><HR>
<BR><P>#&#060CALLGRAPH&#062# ARM Linker, 5060750: Last Updated: Sat Mar 16 09:29:02 2024
<BR><P>
<H3>Maximum Stack Usage =        916 bytes + Unknown(Functions without stacksize, Cycles, Untraceable Function Pointers)</H3><H3>
Call chain for Maximum Stack Depth:</H3>
std::messages&lang;char&rang;::do_open(const std::basic_string&lang;char, std::char_traits&lang;char&rang;, std::allocator&lang;char&rang;&rang;&, const std::locale&) const &rArr; std::__rw_messages_base::_C_cat_open(const std::basic_string&lang;char, std::char_traits&lang;char&rang;, std::allocator&lang;char&rang;&rang;&, const std::locale&) const &rArr; __rw::__rw_locale_vector&lang;std::__rw_open_cat_data&rang;::resize(unsigned) &rArr; std::__rw_open_cat_data::__rw_open_cat_data() &rArr; std::locale::classic() &rArr; std::locale::locale(__rw::__rw_locale_imp*) &rArr; std::locale::_C_init() &rArr; __rw::__rw_locale_imp::__rw_locale_imp(const char*, unsigned, unsigned) &rArr; std::basic_string&lang;char, std::char_traits&lang;char&rang;, std::allocator&lang;char&rang;&rang;::operator =(const std::basic_string&lang;char, std::char_traits&lang;char&rang;, std::allocator&lang;char&rang;&rang;&) &rArr; std::basic_string&lang;char, std::char_traits&lang;char&rang;, std::allocator&lang;char&rang;&rang;::replace(unsigned, unsigned, const char*, unsigned) &rArr; std::basic_string&lang;char, std::char_traits&lang;char&rang;, std::allocator&lang;char&rang;&rang;::replace(unsigned, unsigned, const char*, unsigned, unsigned, unsigned) &rArr; __rw::__rw_throw(int, ...) &rArr; std::__rw_exception::_C_vformat(int, std::__va_list) &rArr; [local to rwstdexcept_cpp]::__rw::__rw_vfmatstr(char*, unsigned, int, std::__va_list) &rArr; sscanf &rArr; __vfscanf_char &rArr; __vfscanf &rArr; _scanf_real &rArr; _scanf_really_real &rArr; _fp_value &rArr; _btod_etento &rArr; _btod_emul &rArr; _e2e
<P>
<H3>
Functions with no stack information
</H3><UL>
 <LI><a href="#[2c5]">__user_initial_stackheap</a>
</UL>
</UL>
<P>
<H3>
Mutually Recursive functions
</H3> <LI><a href="#[3b]">ADC1_2_IRQHandler</a>&nbsp;&nbsp;&nbsp;&rArr;&nbsp;&nbsp;&nbsp;<a href="#[3b]">ADC1_2_IRQHandler</a><BR>
 <LI><a href="#[32e]">std::locale::locale()</a>&nbsp;&nbsp;&nbsp;&rArr;&nbsp;&nbsp;&nbsp;<a href="#[354]">std::locale::_C_init()</a><BR>
 <LI><a href="#[332]">__rw::__rw_allocate(unsigned, int)</a>&nbsp;&nbsp;&nbsp;&rArr;&nbsp;&nbsp;&nbsp;<a href="#[32f]">__rw::__rw_throw(int, ...)</a><BR>
 <LI><a href="#[367]">std::basic_string&lang;char, std::char_traits&lang;char&rang;, std::allocator&lang;char&rang;&rang;::_C_getRep(unsigned, unsigned)</a>&nbsp;&nbsp;&nbsp;&rArr;&nbsp;&nbsp;&nbsp;<a href="#[32f]">__rw::__rw_throw(int, ...)</a><BR>
</UL>
<P>
<H3>
Function Pointers
</H3><UL>
 <LI><a href="#[7d]">&lang;Func5&rang;</a> from locale.o(i.<Func5>) referenced from locale.o(i._ZN4__rw15__rw_locale_impC1EPKcjj)
 <LI><a href="#[3b]">ADC1_2_IRQHandler</a> from startup_stm32f103xb.o(.text) referenced from startup_stm32f103xb.o(RESET)
 <LI><a href="#[56]">ADC_DMAConvCplt</a> from stm32f1xx_hal_adc.o(.text) referenced 2 times from stm32f1xx_hal_adc_ex.o(.text)
 <LI><a href="#[58]">ADC_DMAError</a> from stm32f1xx_hal_adc.o(.text) referenced 2 times from stm32f1xx_hal_adc_ex.o(.text)
 <LI><a href="#[57]">ADC_DMAHalfConvCplt</a> from stm32f1xx_hal_adc.o(.text) referenced 2 times from stm32f1xx_hal_adc_ex.o(.text)
 <LI><a href="#[23]">BusFault_Handler</a> from stm32f1xx_it.o(.text) referenced from startup_stm32f103xb.o(RESET)
 <LI><a href="#[3e]">CAN1_RX1_IRQHandler</a> from startup_stm32f103xb.o(.text) referenced from startup_stm32f103xb.o(RESET)
 <LI><a href="#[3f]">CAN1_SCE_IRQHandler</a> from startup_stm32f103xb.o(.text) referenced from startup_stm32f103xb.o(RESET)
 <LI><a href="#[34]">DMA1_Channel1_IRQHandler</a> from stm32f1xx_it.o(.text) referenced from startup_stm32f103xb.o(RESET)
 <LI><a href="#[35]">DMA1_Channel2_IRQHandler</a> from startup_stm32f103xb.o(.text) referenced from startup_stm32f103xb.o(RESET)
 <LI><a href="#[36]">DMA1_Channel3_IRQHandler</a> from stm32f1xx_it.o(.text) referenced from startup_stm32f103xb.o(RESET)
 <LI><a href="#[37]">DMA1_Channel4_IRQHandler</a> from startup_stm32f103xb.o(.text) referenced from startup_stm32f103xb.o(RESET)
 <LI><a href="#[38]">DMA1_Channel5_IRQHandler</a> from stm32f1xx_it.o(.text) referenced from startup_stm32f103xb.o(RESET)
 <LI><a href="#[39]">DMA1_Channel6_IRQHandler</a> from startup_stm32f103xb.o(.text) referenced from startup_stm32f103xb.o(RESET)
 <LI><a href="#[3a]">DMA1_Channel7_IRQHandler</a> from startup_stm32f103xb.o(.text) referenced from startup_stm32f103xb.o(RESET)
 <LI><a href="#[26]">DebugMon_Handler</a> from stm32f1xx_it.o(.text) referenced from startup_stm32f103xb.o(RESET)
 <LI><a href="#[2f]">EXTI0_IRQHandler</a> from startup_stm32f103xb.o(.text) referenced from startup_stm32f103xb.o(RESET)
 <LI><a href="#[51]">EXTI15_10_IRQHandler</a> from startup_stm32f103xb.o(.text) referenced from startup_stm32f103xb.o(RESET)
 <LI><a href="#[30]">EXTI1_IRQHandler</a> from startup_stm32f103xb.o(.text) referenced from startup_stm32f103xb.o(RESET)
 <LI><a href="#[31]">EXTI2_IRQHandler</a> from startup_stm32f103xb.o(.text) referenced from startup_stm32f103xb.o(RESET)
 <LI><a href="#[32]">EXTI3_IRQHandler</a> from stm32f1xx_it.o(.text) referenced from startup_stm32f103xb.o(RESET)
 <LI><a href="#[33]">EXTI4_IRQHandler</a> from startup_stm32f103xb.o(.text) referenced from startup_stm32f103xb.o(RESET)
 <LI><a href="#[40]">EXTI9_5_IRQHandler</a> from stm32f1xx_it.o(.text) referenced from startup_stm32f103xb.o(RESET)
 <LI><a href="#[2d]">FLASH_IRQHandler</a> from startup_stm32f103xb.o(.text) referenced from startup_stm32f103xb.o(RESET)
 <LI><a href="#[21]">HardFault_Handler</a> from stm32f1xx_it.o(.text) referenced from startup_stm32f103xb.o(RESET)
 <LI><a href="#[49]">I2C1_ER_IRQHandler</a> from startup_stm32f103xb.o(.text) referenced from startup_stm32f103xb.o(RESET)
 <LI><a href="#[48]">I2C1_EV_IRQHandler</a> from startup_stm32f103xb.o(.text) referenced from startup_stm32f103xb.o(RESET)
 <LI><a href="#[4b]">I2C2_ER_IRQHandler</a> from startup_stm32f103xb.o(.text) referenced from startup_stm32f103xb.o(RESET)
 <LI><a href="#[4a]">I2C2_EV_IRQHandler</a> from startup_stm32f103xb.o(.text) referenced from startup_stm32f103xb.o(RESET)
 <LI><a href="#[22]">MemManage_Handler</a> from stm32f1xx_it.o(.text) referenced from startup_stm32f103xb.o(RESET)
 <LI><a href="#[20]">NMI_Handler</a> from stm32f1xx_it.o(.text) referenced from startup_stm32f103xb.o(RESET)
 <LI><a href="#[2a]">PVD_IRQHandler</a> from startup_stm32f103xb.o(.text) referenced from startup_stm32f103xb.o(RESET)
 <LI><a href="#[27]">PendSV_Handler</a> from stm32f1xx_it.o(.text) referenced from startup_stm32f103xb.o(RESET)
 <LI><a href="#[2e]">RCC_IRQHandler</a> from startup_stm32f103xb.o(.text) referenced from startup_stm32f103xb.o(RESET)
 <LI><a href="#[52]">RTC_Alarm_IRQHandler</a> from startup_stm32f103xb.o(.text) referenced from startup_stm32f103xb.o(RESET)
 <LI><a href="#[2c]">RTC_IRQHandler</a> from startup_stm32f103xb.o(.text) referenced from startup_stm32f103xb.o(RESET)
 <LI><a href="#[1f]">Reset_Handler</a> from startup_stm32f103xb.o(.text) referenced from startup_stm32f103xb.o(RESET)
 <LI><a href="#[4c]">SPI1_IRQHandler</a> from startup_stm32f103xb.o(.text) referenced from startup_stm32f103xb.o(RESET)
 <LI><a href="#[4d]">SPI2_IRQHandler</a> from startup_stm32f103xb.o(.text) referenced from startup_stm32f103xb.o(RESET)
 <LI><a href="#[25]">SVC_Handler</a> from stm32f1xx_it.o(.text) referenced from startup_stm32f103xb.o(RESET)
 <LI><a href="#[28]">SysTick_Handler</a> from stm32f1xx_it.o(.text) referenced from startup_stm32f103xb.o(RESET)
 <LI><a href="#[54]">SystemInit</a> from system_stm32f1xx.o(.text) referenced from startup_stm32f103xb.o(.text)
 <LI><a href="#[2b]">TAMPER_IRQHandler</a> from startup_stm32f103xb.o(.text) referenced from startup_stm32f103xb.o(RESET)
 <LI><a href="#[41]">TIM1_BRK_IRQHandler</a> from startup_stm32f103xb.o(.text) referenced from startup_stm32f103xb.o(RESET)
 <LI><a href="#[44]">TIM1_CC_IRQHandler</a> from startup_stm32f103xb.o(.text) referenced from startup_stm32f103xb.o(RESET)
 <LI><a href="#[43]">TIM1_TRG_COM_IRQHandler</a> from startup_stm32f103xb.o(.text) referenced from startup_stm32f103xb.o(RESET)
 <LI><a href="#[42]">TIM1_UP_IRQHandler</a> from startup_stm32f103xb.o(.text) referenced from startup_stm32f103xb.o(RESET)
 <LI><a href="#[45]">TIM2_IRQHandler</a> from stm32f1xx_it.o(.text) referenced from startup_stm32f103xb.o(RESET)
 <LI><a href="#[46]">TIM3_IRQHandler</a> from stm32f1xx_it.o(.text) referenced from startup_stm32f103xb.o(RESET)
 <LI><a href="#[47]">TIM4_IRQHandler</a> from startup_stm32f103xb.o(.text) referenced from startup_stm32f103xb.o(RESET)
 <LI><a href="#[61]">TIMEx_DMACommutationCplt</a> from stm32f1xx_hal_tim_ex.o(.text) referenced 2 times from stm32f1xx_hal_tim.o(.text)
 <LI><a href="#[62]">TIMEx_DMACommutationHalfCplt</a> from stm32f1xx_hal_tim_ex.o(.text) referenced 2 times from stm32f1xx_hal_tim.o(.text)
 <LI><a href="#[65]">TIM_DMACaptureCplt</a> from stm32f1xx_hal_tim.o(.text) referenced 10 times from stm32f1xx_hal_tim.o(.text)
 <LI><a href="#[66]">TIM_DMACaptureHalfCplt</a> from stm32f1xx_hal_tim.o(.text) referenced 10 times from stm32f1xx_hal_tim.o(.text)
 <LI><a href="#[60]">TIM_DMADelayPulseHalfCplt</a> from stm32f1xx_hal_tim.o(.text) referenced 11 times from stm32f1xx_hal_tim.o(.text)
 <LI><a href="#[5f]">TIM_DMAError</a> from stm32f1xx_hal_tim.o(.text) referenced 14 times from stm32f1xx_hal_tim.o(.text)
 <LI><a href="#[4e]">USART1_IRQHandler</a> from stm32f1xx_it.o(.text) referenced from startup_stm32f103xb.o(RESET)
 <LI><a href="#[4f]">USART2_IRQHandler</a> from startup_stm32f103xb.o(.text) referenced from startup_stm32f103xb.o(RESET)
 <LI><a href="#[50]">USART3_IRQHandler</a> from stm32f1xx_it.o(.text) referenced from startup_stm32f103xb.o(RESET)
 <LI><a href="#[53]">USBWakeUp_IRQHandler</a> from startup_stm32f103xb.o(.text) referenced from startup_stm32f103xb.o(RESET)
 <LI><a href="#[3c]">USB_HP_CAN1_TX_IRQHandler</a> from startup_stm32f103xb.o(.text) referenced from startup_stm32f103xb.o(RESET)
 <LI><a href="#[3d]">USB_LP_CAN1_RX0_IRQHandler</a> from startup_stm32f103xb.o(.text) referenced from startup_stm32f103xb.o(RESET)
 <LI><a href="#[24]">UsageFault_Handler</a> from stm32f1xx_it.o(.text) referenced from startup_stm32f103xb.o(RESET)
 <LI><a href="#[29]">WWDG_IRQHandler</a> from startup_stm32f103xb.o(.text) referenced from startup_stm32f103xb.o(RESET)
 <LI><a href="#[80]">__default_new_handler()</a> from arm_newhandler_noexceptions.o(.text) referenced from new.o(i._Znwj)
 <LI><a href="#[76]">[local to arm_exceptions_c]::__default_terminate_handler()</a> from arm_exceptions_globs.o(.text) referenced from arm_exceptions_globs.o(.text)
 <LI><a href="#[5b]">[local to stm32f1xx_hal_i2c_c]::I2C_DMAAbort(__DMA_HandleTypeDef*)</a> from stm32f1xx_hal_i2c.o(.text) referenced 3 times from stm32f1xx_hal_i2c.o(.text)
 <LI><a href="#[5a]">[local to stm32f1xx_hal_i2c_c]::I2C_DMAError(__DMA_HandleTypeDef*)</a> from stm32f1xx_hal_i2c.o(.text) referenced 7 times from stm32f1xx_hal_i2c.o(.text)
 <LI><a href="#[59]">[local to stm32f1xx_hal_i2c_c]::I2C_DMAXferCplt(__DMA_HandleTypeDef*)</a> from stm32f1xx_hal_i2c.o(.text) referenced 7 times from stm32f1xx_hal_i2c.o(.text)
 <LI><a href="#[63]">[local to stm32f1xx_hal_tim_c]::TIM_DMATriggerCplt(__DMA_HandleTypeDef*)</a> from stm32f1xx_hal_tim.o(.text) referenced from stm32f1xx_hal_tim.o(.text)
 <LI><a href="#[5e]">[local to stm32f1xx_hal_tim_c]::TIM_DMADelayPulseCplt(__DMA_HandleTypeDef*)</a> from stm32f1xx_hal_tim.o(.text) referenced 4 times from stm32f1xx_hal_tim.o(.text)
 <LI><a href="#[64]">[local to stm32f1xx_hal_tim_c]::TIM_DMATriggerHalfCplt(__DMA_HandleTypeDef*)</a> from stm32f1xx_hal_tim.o(.text) referenced from stm32f1xx_hal_tim.o(.text)
 <LI><a href="#[5c]">[local to stm32f1xx_hal_tim_c]::TIM_DMAPeriodElapsedCplt(__DMA_HandleTypeDef*)</a> from stm32f1xx_hal_tim.o(.text) referenced 2 times from stm32f1xx_hal_tim.o(.text)
 <LI><a href="#[5d]">[local to stm32f1xx_hal_tim_c]::TIM_DMAPeriodElapsedHalfCplt(__DMA_HandleTypeDef*)</a> from stm32f1xx_hal_tim.o(.text) referenced 2 times from stm32f1xx_hal_tim.o(.text)
 <LI><a href="#[6b]">[local to stm32f1xx_hal_uart_c]::UART_DMAError(__DMA_HandleTypeDef*)</a> from stm32f1xx_hal_uart.o(.text) referenced from stm32f1xx_hal_uart.o(.text)
 <LI><a href="#[6d]">[local to stm32f1xx_hal_uart_c]::UART_DMARxHalfCplt(__DMA_HandleTypeDef*)</a> from stm32f1xx_hal_uart.o(.text) referenced from stm32f1xx_hal_uart.o(.text)
 <LI><a href="#[6a]">[local to stm32f1xx_hal_uart_c]::UART_DMATxHalfCplt(__DMA_HandleTypeDef*)</a> from stm32f1xx_hal_uart.o(.text) referenced from stm32f1xx_hal_uart.o(.text)
 <LI><a href="#[6c]">[local to stm32f1xx_hal_uart_c]::UART_DMAReceiveCplt(__DMA_HandleTypeDef*)</a> from stm32f1xx_hal_uart.o(.text) referenced from stm32f1xx_hal_uart.o(.text)
 <LI><a href="#[72]">[local to stm32f1xx_hal_uart_c]::UART_DMAAbortOnError(__DMA_HandleTypeDef*)</a> from stm32f1xx_hal_uart.o(.text) referenced from stm32f1xx_hal_uart.o(.text)
 <LI><a href="#[69]">[local to stm32f1xx_hal_uart_c]::UART_DMATransmitCplt(__DMA_HandleTypeDef*)</a> from stm32f1xx_hal_uart.o(.text) referenced from stm32f1xx_hal_uart.o(.text)
 <LI><a href="#[6f]">[local to stm32f1xx_hal_uart_c]::UART_DMARxAbortCallback(__DMA_HandleTypeDef*)</a> from stm32f1xx_hal_uart.o(.text) referenced from stm32f1xx_hal_uart.o(.text)
 <LI><a href="#[6e]">[local to stm32f1xx_hal_uart_c]::UART_DMATxAbortCallback(__DMA_HandleTypeDef*)</a> from stm32f1xx_hal_uart.o(.text) referenced from stm32f1xx_hal_uart.o(.text)
 <LI><a href="#[71]">[local to stm32f1xx_hal_uart_c]::UART_DMARxOnlyAbortCallback(__DMA_HandleTypeDef*)</a> from stm32f1xx_hal_uart.o(.text) referenced from stm32f1xx_hal_uart.o(.text)
 <LI><a href="#[70]">[local to stm32f1xx_hal_uart_c]::UART_DMATxOnlyAbortCallback(__DMA_HandleTypeDef*)</a> from stm32f1xx_hal_uart.o(.text) referenced from stm32f1xx_hal_uart.o(.text)
 <LI><a href="#[68]">[local to stm32f1xx_hal_tim_ex_c]::TIM_DMAErrorCCxN(__DMA_HandleTypeDef*)</a> from stm32f1xx_hal_tim_ex.o(.text) referenced 2 times from stm32f1xx_hal_tim_ex.o(.text)
 <LI><a href="#[67]">[local to stm32f1xx_hal_tim_ex_c]::TIM_DMADelayPulseNCplt(__DMA_HandleTypeDef*)</a> from stm32f1xx_hal_tim_ex.o(.text) referenced 2 times from stm32f1xx_hal_tim_ex.o(.text)
 <LI><a href="#[87]">__rw::__rw_facet_base::_C_initfacet(const std::locale&)</a> from char.o(i._ZN4__rw15__rw_facet_base12_C_initfacetERKSt6locale) referenced from rwstdexcept.o(.constdata__ZTVNSt6locale5facetE)
 <LI><a href="#[87]">__rw::__rw_facet_base::_C_initfacet(const std::locale&)</a> from char.o(i._ZN4__rw15__rw_facet_base12_C_initfacetERKSt6locale) referenced from rwstdexcept.o(.constdata__ZTVSt8messagesIcE)
 <LI><a href="#[85]">__rw::__rw_facet_maker&lang;std::ctype&lang;char&rang;&rang;::_C_maker_func(int, const char*, unsigned)</a> from rwstdexcept.o(t._ZN4__rw16__rw_facet_makerISt5ctypeIcEE13_C_maker_funcEiPKcj) referenced from rwstdexcept.o(t._ZNKSt8messagesIcE6do_getEiiiRKSs)
 <LI><a href="#[82]">__rw::__rw_locale_vector&lang;__rw::__rw_cat*&rang;::~__rw_locale_vector()</a> from rwcats.o(t._ZN4__rw18__rw_locale_vectorIPNS_8__rw_catEED1Ev) referenced from rwcats.o(i.__sti___10_rwcats_cpp_64e8068e)
 <LI><a href="#[7f]">__rw::__rw_locale_vector&lang;std::__rw_open_cat_data&rang;::~__rw_locale_vector()</a> from messages.o(t._ZN4__rw18__rw_locale_vectorISt18__rw_open_cat_dataED1Ev) referenced from messages.o(i._ZSt13__rw_get_catsv)
 <LI><a href="#[1e]">__rw::__rw_throw_exception_noex(int, char*)</a> from rwthrowproc_impl_noex.o(i._ZN4__rw25__rw_throw_exception_noexEiPc) referenced 2 times from rwthrowproc_noex.o(.data)
 <LI><a href="#[8c]">std::__rw_exception::what() const</a> from rwstdexcept.o(i._ZNKSt14__rw_exception4whatEv) referenced from rwstdexcept.o(.constdata__ZTVSt14__rw_exception)
 <LI><a href="#[92]">std::messages&lang;char&rang;::do_get(int, int, int, const std::basic_string&lang;char, std::char_traits&lang;char&rang;, std::allocator&lang;char&rang;&rang;&) const</a> from rwstdexcept.o(t._ZNKSt8messagesIcE6do_getEiiiRKSs) referenced from rwstdexcept.o(.constdata__ZTVSt8messagesIcE)
 <LI><a href="#[91]">std::messages&lang;char&rang;::do_open(const std::basic_string&lang;char, std::char_traits&lang;char&rang;, std::allocator&lang;char&rang;&rang;&, const std::locale&) const</a> from rwstdexcept.o(t._ZNKSt8messagesIcE7do_openERKSsRKSt6locale) referenced from rwstdexcept.o(.constdata__ZTVSt8messagesIcE)
 <LI><a href="#[7c]">std::basic_string&lang;char, std::char_traits&lang;char&rang;, std::allocator&lang;char&rang;&rang;::~basic_string()</a> from char.o(t._ZNSsD1Ev) referenced from locale.o(i._ZN4__rw15__rw_locale_impC1EPKcjj)
 <LI><a href="#[7c]">std::basic_string&lang;char, std::char_traits&lang;char&rang;, std::allocator&lang;char&rang;&rang;::~basic_string()</a> from char.o(t._ZNSsD1Ev) referenced from locale.o(t._ZN4__rw18__rw_locale_vectorISsED1Ev)
 <LI><a href="#[89]">std::ctype_byname&lang;char&rang;::~ctype_byname__deallocating()</a> from char.o(i._ZNSt12ctype_bynameIcED0Ev) referenced from char.o(.constdata__ZTVSt12ctype_bynameIcE)
 <LI><a href="#[88]">std::ctype_byname&lang;char&rang;::~ctype_byname()</a> from char.o(i._ZNSt12ctype_bynameIcED1Ev) referenced from char.o(.constdata__ZTVSt12ctype_bynameIcE)
 <LI><a href="#[8b]">std::__rw_exception::~__rw_exception()</a> from rwstdexcept.o(i._ZNSt14__rw_exceptionD1Ev) referenced from rwstdexcept.o(.constdata__ZTVSt14__rw_exception)
 <LI><a href="#[84]">std::__rw_open_cat_data::__rw_open_cat_data()</a> from messages.o(i._ZNSt18__rw_open_cat_dataC1Ev) referenced from messages.o(t._ZN4__rw18__rw_locale_vectorISt18__rw_open_cat_dataE6resizeEj)
 <LI><a href="#[83]">std::__rw_open_cat_data::~__rw_open_cat_data()</a> from messages.o(i._ZNSt18__rw_open_cat_dataD1Ev) referenced from messages.o(t._ZN4__rw18__rw_locale_vectorISt18__rw_open_cat_dataE6resizeEj)
 <LI><a href="#[83]">std::__rw_open_cat_data::~__rw_open_cat_data()</a> from messages.o(i._ZNSt18__rw_open_cat_dataD1Ev) referenced from messages.o(t._ZN4__rw18__rw_locale_vectorISt18__rw_open_cat_dataED1Ev)
 <LI><a href="#[8a]">std::ctype&lang;char&rang;::_C_initfacet(const std::locale&)</a> from char.o(i._ZNSt5ctypeIcE12_C_initfacetERKSt6locale) referenced from char.o(.constdata__ZTVSt12ctype_bynameIcE)
 <LI><a href="#[8a]">std::ctype&lang;char&rang;::_C_initfacet(const std::locale&)</a> from char.o(i._ZNSt5ctypeIcE12_C_initfacetERKSt6locale) referenced from char.o(.constdata__ZTVSt5ctypeIcE)
 <LI><a href="#[8e]">std::ctype&lang;char&rang;::~ctype__deallocating()</a> from char.o(i._ZNSt5ctypeIcED0Ev) referenced from char.o(.constdata__ZTVSt5ctypeIcE)
 <LI><a href="#[8d]">std::ctype&lang;char&rang;::~ctype()</a> from char.o(i._ZNSt5ctypeIcED1Ev) referenced from char.o(.constdata__ZTVSt5ctypeIcE)
 <LI><a href="#[86]">std::locale::facet::~facet__deallocating()</a> from rwstdexcept.o(i._ZNSt6locale5facetD0Ev) referenced from rwstdexcept.o(.constdata__ZTVNSt6locale5facetE)
 <LI><a href="#[7e]">std::locale::~locale()</a> from locale.o(i._ZNSt6localeD1Ev) referenced from locale.o(i._ZNSt6locale7classicEv)
 <LI><a href="#[90]">std::messages&lang;char&rang;::~messages__deallocating()</a> from rwstdexcept.o(i._ZNSt8messagesIcED0Ev) referenced from rwstdexcept.o(.constdata__ZTVSt8messagesIcE)
 <LI><a href="#[8f]">std::messages&lang;char&rang;::~messages()</a> from rwstdexcept.o(i._ZNSt8messagesIcED1Ev) referenced from rwstdexcept.o(.constdata__ZTVSt8messagesIcE)
 <LI><a href="#[81]">operator delete[] (void*)</a> from array_del.o(i._ZdaPv) referenced from cxa_vec_new.o(i.__cxa_vec_new)
 <LI><a href="#[96]">__main</a> from __main.o(!!!main) referenced from startup_stm32f103xb.o(.text)
 <LI><a href="#[94]">__sti___10_locale_cpp_ff99fc7b</a> from locale.o(i.__sti___10_locale_cpp_ff99fc7b) referenced from locale.o(.init_array)
 <LI><a href="#[95]">__sti___10_rwcats_cpp_64e8068e</a> from rwcats.o(i.__sti___10_rwcats_cpp_64e8068e) referenced from rwcats.o(.init_array)
 <LI><a href="#[93]">__sti___8_char_cpp_a3dc957a</a> from char.o(i.__sti___8_char_cpp_a3dc957a) referenced from char.o(.init_array)
 <LI><a href="#[77]">_get_lc_ctype</a> from lc_ctype_c.o(locale$$code) referenced from rt_ctype_table.o(.text)
 <LI><a href="#[78]">_printf_input_char</a> from _printf_char_common.o(.text) referenced from _printf_char_common.o(.text)
 <LI><a href="#[75]">_sbackspace</a> from _sgetc.o(.text) referenced from sscanf.o(.text)
 <LI><a href="#[7a]">_scanf_char_input</a> from scanf_char.o(.text) referenced from scanf_char.o(.text)
 <LI><a href="#[74]">_sgetc</a> from _sgetc.o(.text) referenced from sscanf.o(.text)
 <LI><a href="#[73]">_snputc</a> from _snputc.o(.text) referenced from vsnprintf.o(.text)
 <LI><a href="#[79]">fputc</a> from fputc.o(i.fputc) referenced from _printf_char_file.o(.text)
 <LI><a href="#[7b]">isspace</a> from isspace.o(.text) referenced from scanf_char.o(.text)
</UL>
<P>
<H3>
Global Symbols
</H3>
<P><STRONG><a name="[96]"></a>__main</STRONG> (Thumb, 8 bytes, Stack size 0 bytes, __main.o(!!!main))
<BR><BR>[Calls]<UL><LI><a href="#[99]">&gt;&gt;</a>&nbsp;&nbsp;&nbsp;__rt_entry
<LI><a href="#[98]">&gt;&gt;</a>&nbsp;&nbsp;&nbsp;__scatterload
</UL>

<P><STRONG><a name="[98]"></a>__scatterload</STRONG> (Thumb, 0 bytes, Stack size unknown bytes, __scatter.o(!!!scatter))
<BR><BR>[Called By]<UL><LI><a href="#[96]">&gt;&gt;</a>&nbsp;&nbsp;&nbsp;__main
</UL>

<P><STRONG><a name="[9a]"></a>__scatterload_rt2</STRONG> (Thumb, 44 bytes, Stack size unknown bytes, __scatter.o(!!!scatter), UNUSED)
<BR><BR>[Calls]<UL><LI><a href="#[99]">&gt;&gt;</a>&nbsp;&nbsp;&nbsp;__rt_entry
</UL>

<P><STRONG><a name="[393]"></a>__scatterload_rt2_thumb_only</STRONG> (Thumb, 0 bytes, Stack size unknown bytes, __scatter.o(!!!scatter), UNUSED)

<P><STRONG><a name="[394]"></a>__scatterload_null</STRONG> (Thumb, 0 bytes, Stack size unknown bytes, __scatter.o(!!!scatter), UNUSED)

<P><STRONG><a name="[395]"></a>__decompress</STRONG> (Thumb, 90 bytes, Stack size unknown bytes, __dczerorl2.o(!!dczerorl2), UNUSED)

<P><STRONG><a name="[396]"></a>__decompress1</STRONG> (Thumb, 0 bytes, Stack size unknown bytes, __dczerorl2.o(!!dczerorl2), UNUSED)

<P><STRONG><a name="[397]"></a>__scatterload_zeroinit</STRONG> (Thumb, 28 bytes, Stack size unknown bytes, __scatter_zi.o(!!handler_zi), UNUSED)

<P><STRONG><a name="[9b]"></a>_printf_n</STRONG> (Thumb, 0 bytes, Stack size unknown bytes, _printf_n.o(.ARM.Collect$$_printf_percent$$00000001))
<BR><BR>[Calls]<UL><LI><a href="#[9c]">&gt;&gt;</a>&nbsp;&nbsp;&nbsp;_printf_charcount
</UL>

<P><STRONG><a name="[2d9]"></a>_printf_percent</STRONG> (Thumb, 0 bytes, Stack size unknown bytes, _printf_percent.o(.ARM.Collect$$_printf_percent$$00000000))
<BR><BR>[Called By]<UL><LI><a href="#[2d1]">&gt;&gt;</a>&nbsp;&nbsp;&nbsp;__printf
</UL>

<P><STRONG><a name="[9d]"></a>_printf_p</STRONG> (Thumb, 0 bytes, Stack size unknown bytes, _printf_p.o(.ARM.Collect$$_printf_percent$$00000002))
<BR><BR>[Stack]<UL><LI>Max Depth = 64 + Unknown Stack Size
<LI>Call Chain = _printf_p &rArr; _printf_hex_ptr &rArr; _printf_longlong_hex &rArr; _printf_int_common &rArr; _printf_post_padding
</UL>
<BR>[Calls]<UL><LI><a href="#[9e]">&gt;&gt;</a>&nbsp;&nbsp;&nbsp;_printf_hex_ptr
</UL>

<P><STRONG><a name="[9f]"></a>_printf_f</STRONG> (Thumb, 0 bytes, Stack size unknown bytes, _printf_f.o(.ARM.Collect$$_printf_percent$$00000003))
<BR><BR>[Stack]<UL><LI>Max Depth = 324 + Unknown Stack Size
<LI>Call Chain = _printf_f &rArr; _printf_fp_dec &rArr; _printf_fp_dec_real &rArr; _fp_digits &rArr; _btod_etento &rArr; _btod_emul &rArr; _e2e
</UL>
<BR>[Calls]<UL><LI><a href="#[a0]">&gt;&gt;</a>&nbsp;&nbsp;&nbsp;_printf_fp_dec
</UL>

<P><STRONG><a name="[a1]"></a>_printf_e</STRONG> (Thumb, 0 bytes, Stack size unknown bytes, _printf_e.o(.ARM.Collect$$_printf_percent$$00000004))
<BR><BR>[Stack]<UL><LI>Max Depth = 324 + Unknown Stack Size
<LI>Call Chain = _printf_e &rArr; _printf_fp_dec &rArr; _printf_fp_dec_real &rArr; _fp_digits &rArr; _btod_etento &rArr; _btod_emul &rArr; _e2e
</UL>
<BR>[Calls]<UL><LI><a href="#[a0]">&gt;&gt;</a>&nbsp;&nbsp;&nbsp;_printf_fp_dec
</UL>

<P><STRONG><a name="[a2]"></a>_printf_g</STRONG> (Thumb, 0 bytes, Stack size unknown bytes, _printf_g.o(.ARM.Collect$$_printf_percent$$00000005))
<BR><BR>[Stack]<UL><LI>Max Depth = 324 + Unknown Stack Size
<LI>Call Chain = _printf_g &rArr; _printf_fp_dec &rArr; _printf_fp_dec_real &rArr; _fp_digits &rArr; _btod_etento &rArr; _btod_emul &rArr; _e2e
</UL>
<BR>[Calls]<UL><LI><a href="#[a0]">&gt;&gt;</a>&nbsp;&nbsp;&nbsp;_printf_fp_dec
</UL>

<P><STRONG><a name="[a3]"></a>_printf_a</STRONG> (Thumb, 0 bytes, Stack size unknown bytes, _printf_a.o(.ARM.Collect$$_printf_percent$$00000006))
<BR><BR>[Stack]<UL><LI>Max Depth = 112 + Unknown Stack Size
<LI>Call Chain = _printf_a &rArr; _printf_fp_hex &rArr; _printf_fp_hex_real &rArr; _printf_fp_infnan &rArr; _printf_post_padding
</UL>
<BR>[Calls]<UL><LI><a href="#[a4]">&gt;&gt;</a>&nbsp;&nbsp;&nbsp;_printf_fp_hex
</UL>

<P><STRONG><a name="[398]"></a>_printf_ll</STRONG> (Thumb, 0 bytes, Stack size unknown bytes, _printf_ll.o(.ARM.Collect$$_printf_percent$$00000007))

<P><STRONG><a name="[a5]"></a>_printf_i</STRONG> (Thumb, 0 bytes, Stack size unknown bytes, _printf_i.o(.ARM.Collect$$_printf_percent$$00000008))
<BR><BR>[Stack]<UL><LI>Max Depth = 72 + Unknown Stack Size
<LI>Call Chain = _printf_i &rArr; _printf_int_dec &rArr; _printf_int_common &rArr; _printf_post_padding
</UL>
<BR>[Calls]<UL><LI><a href="#[a6]">&gt;&gt;</a>&nbsp;&nbsp;&nbsp;_printf_int_dec
</UL>

<P><STRONG><a name="[a7]"></a>_printf_d</STRONG> (Thumb, 0 bytes, Stack size unknown bytes, _printf_d.o(.ARM.Collect$$_printf_percent$$00000009))
<BR><BR>[Stack]<UL><LI>Max Depth = 72 + Unknown Stack Size
<LI>Call Chain = _printf_d &rArr; _printf_int_dec &rArr; _printf_int_common &rArr; _printf_post_padding
</UL>
<BR>[Calls]<UL><LI><a href="#[a6]">&gt;&gt;</a>&nbsp;&nbsp;&nbsp;_printf_int_dec
</UL>

<P><STRONG><a name="[a8]"></a>_printf_u</STRONG> (Thumb, 0 bytes, Stack size unknown bytes, _printf_u.o(.ARM.Collect$$_printf_percent$$0000000A))
<BR><BR>[Stack]<UL><LI>Max Depth = 72 + Unknown Stack Size
<LI>Call Chain = _printf_u &rArr; _printf_int_dec &rArr; _printf_int_common &rArr; _printf_post_padding
</UL>
<BR>[Calls]<UL><LI><a href="#[a6]">&gt;&gt;</a>&nbsp;&nbsp;&nbsp;_printf_int_dec
</UL>

<P><STRONG><a name="[a9]"></a>_printf_o</STRONG> (Thumb, 0 bytes, Stack size unknown bytes, _printf_o.o(.ARM.Collect$$_printf_percent$$0000000B))
<BR><BR>[Stack]<UL><LI>Max Depth = 64 + Unknown Stack Size
<LI>Call Chain = _printf_o &rArr; _printf_int_oct &rArr; _printf_longlong_oct &rArr; _printf_int_common &rArr; _printf_post_padding
</UL>
<BR>[Calls]<UL><LI><a href="#[aa]">&gt;&gt;</a>&nbsp;&nbsp;&nbsp;_printf_int_oct
</UL>

<P><STRONG><a name="[ab]"></a>_printf_x</STRONG> (Thumb, 0 bytes, Stack size unknown bytes, _printf_x.o(.ARM.Collect$$_printf_percent$$0000000C))
<BR><BR>[Stack]<UL><LI>Max Depth = 80 + Unknown Stack Size
<LI>Call Chain = _printf_x &rArr; _printf_int_hex &rArr; _printf_longlong_hex &rArr; _printf_int_common &rArr; _printf_post_padding
</UL>
<BR>[Calls]<UL><LI><a href="#[ac]">&gt;&gt;</a>&nbsp;&nbsp;&nbsp;_printf_int_hex
</UL>

<P><STRONG><a name="[ad]"></a>_printf_lli</STRONG> (Thumb, 0 bytes, Stack size unknown bytes, _printf_lli.o(.ARM.Collect$$_printf_percent$$0000000D))
<BR><BR>[Stack]<UL><LI>Max Depth = 72 + Unknown Stack Size
<LI>Call Chain = _printf_lli &rArr; _printf_longlong_dec &rArr; _printf_int_common &rArr; _printf_post_padding
</UL>
<BR>[Calls]<UL><LI><a href="#[ae]">&gt;&gt;</a>&nbsp;&nbsp;&nbsp;_printf_longlong_dec
</UL>

<P><STRONG><a name="[af]"></a>_printf_lld</STRONG> (Thumb, 0 bytes, Stack size unknown bytes, _printf_lld.o(.ARM.Collect$$_printf_percent$$0000000E))
<BR><BR>[Stack]<UL><LI>Max Depth = 72 + Unknown Stack Size
<LI>Call Chain = _printf_lld &rArr; _printf_longlong_dec &rArr; _printf_int_common &rArr; _printf_post_padding
</UL>
<BR>[Calls]<UL><LI><a href="#[ae]">&gt;&gt;</a>&nbsp;&nbsp;&nbsp;_printf_longlong_dec
</UL>

<P><STRONG><a name="[b0]"></a>_printf_llu</STRONG> (Thumb, 0 bytes, Stack size unknown bytes, _printf_llu.o(.ARM.Collect$$_printf_percent$$0000000F))
<BR><BR>[Stack]<UL><LI>Max Depth = 72 + Unknown Stack Size
<LI>Call Chain = _printf_llu &rArr; _printf_longlong_dec &rArr; _printf_int_common &rArr; _printf_post_padding
</UL>
<BR>[Calls]<UL><LI><a href="#[ae]">&gt;&gt;</a>&nbsp;&nbsp;&nbsp;_printf_longlong_dec
</UL>

<P><STRONG><a name="[b1]"></a>_printf_llo</STRONG> (Thumb, 0 bytes, Stack size unknown bytes, _printf_llo.o(.ARM.Collect$$_printf_percent$$00000010))
<BR><BR>[Stack]<UL><LI>Max Depth = 56 + Unknown Stack Size
<LI>Call Chain = _printf_llo &rArr; _printf_ll_oct &rArr; _printf_longlong_oct &rArr; _printf_int_common &rArr; _printf_post_padding
</UL>
<BR>[Calls]<UL><LI><a href="#[b2]">&gt;&gt;</a>&nbsp;&nbsp;&nbsp;_printf_ll_oct
</UL>

<P><STRONG><a name="[b3]"></a>_printf_llx</STRONG> (Thumb, 0 bytes, Stack size unknown bytes, _printf_llx.o(.ARM.Collect$$_printf_percent$$00000011))
<BR><BR>[Stack]<UL><LI>Max Depth = 64 + Unknown Stack Size
<LI>Call Chain = _printf_llx &rArr; _printf_ll_hex &rArr; _printf_longlong_hex &rArr; _printf_int_common &rArr; _printf_post_padding
</UL>
<BR>[Calls]<UL><LI><a href="#[b4]">&gt;&gt;</a>&nbsp;&nbsp;&nbsp;_printf_ll_hex
</UL>

<P><STRONG><a name="[399]"></a>_printf_l</STRONG> (Thumb, 0 bytes, Stack size unknown bytes, _printf_l.o(.ARM.Collect$$_printf_percent$$00000012))

<P><STRONG><a name="[b5]"></a>_printf_c</STRONG> (Thumb, 0 bytes, Stack size unknown bytes, _printf_c.o(.ARM.Collect$$_printf_percent$$00000013))
<BR><BR>[Stack]<UL><LI>Max Depth = 40 + Unknown Stack Size
<LI>Call Chain = _printf_c &rArr; _printf_char &rArr; _printf_cs_common &rArr; _printf_str &rArr; _printf_post_padding
</UL>
<BR>[Calls]<UL><LI><a href="#[b6]">&gt;&gt;</a>&nbsp;&nbsp;&nbsp;_printf_char
</UL>

<P><STRONG><a name="[b7]"></a>_printf_s</STRONG> (Thumb, 0 bytes, Stack size unknown bytes, _printf_s.o(.ARM.Collect$$_printf_percent$$00000014))
<BR><BR>[Stack]<UL><LI>Max Depth = 40 + Unknown Stack Size
<LI>Call Chain = _printf_s &rArr; _printf_string &rArr; _printf_cs_common &rArr; _printf_str &rArr; _printf_post_padding
</UL>
<BR>[Calls]<UL><LI><a href="#[b8]">&gt;&gt;</a>&nbsp;&nbsp;&nbsp;_printf_string
</UL>

<P><STRONG><a name="[b9]"></a>_printf_lc</STRONG> (Thumb, 0 bytes, Stack size unknown bytes, _printf_lc.o(.ARM.Collect$$_printf_percent$$00000015))
<BR><BR>[Stack]<UL><LI>Max Depth = 88 + Unknown Stack Size
<LI>Call Chain = _printf_lc &rArr; _printf_wchar &rArr; _printf_lcs_common &rArr; _printf_wctomb &rArr; _wcrtomb &rArr; __rt_ctype_table
</UL>
<BR>[Calls]<UL><LI><a href="#[ba]">&gt;&gt;</a>&nbsp;&nbsp;&nbsp;_printf_wchar
</UL>

<P><STRONG><a name="[bb]"></a>_printf_ls</STRONG> (Thumb, 0 bytes, Stack size unknown bytes, _printf_ls.o(.ARM.Collect$$_printf_percent$$00000016))
<BR><BR>[Stack]<UL><LI>Max Depth = 88 + Unknown Stack Size
<LI>Call Chain = _printf_ls &rArr; _printf_wstring &rArr; _printf_lcs_common &rArr; _printf_wctomb &rArr; _wcrtomb &rArr; __rt_ctype_table
</UL>
<BR>[Calls]<UL><LI><a href="#[bc]">&gt;&gt;</a>&nbsp;&nbsp;&nbsp;_printf_wstring
</UL>

<P><STRONG><a name="[39a]"></a>_printf_percent_end</STRONG> (Thumb, 0 bytes, Stack size unknown bytes, _printf_percent_end.o(.ARM.Collect$$_printf_percent$$00000017))

<P><STRONG><a name="[ce]"></a>__rt_lib_init</STRONG> (Thumb, 0 bytes, Stack size unknown bytes, libinit.o(.ARM.Collect$$libinit$$00000000))
<BR><BR>[Called By]<UL><LI><a href="#[cd]">&gt;&gt;</a>&nbsp;&nbsp;&nbsp;__rt_entry_li
</UL>

<P><STRONG><a name="[39b]"></a>__rt_lib_init_fp_1</STRONG> (Thumb, 0 bytes, Stack size unknown bytes, libinit2.o(.ARM.Collect$$libinit$$00000002))

<P><STRONG><a name="[bd]"></a>__rt_lib_init_heap_2</STRONG> (Thumb, 0 bytes, Stack size unknown bytes, libinit2.o(.ARM.Collect$$libinit$$00000005))
<BR><BR>[Stack]<UL><LI>Max Depth = 64 + Unknown Stack Size
<LI>Call Chain = __rt_lib_init_heap_2 &rArr; _init_alloc &rArr; __rt_SIGRTMEM &rArr; __rt_SIGRTMEM_inner &rArr; __default_signal_display &rArr; _ttywrch
</UL>
<BR>[Calls]<UL><LI><a href="#[be]">&gt;&gt;</a>&nbsp;&nbsp;&nbsp;_init_alloc
</UL>

<P><STRONG><a name="[39c]"></a>__rt_lib_init_preinit_1</STRONG> (Thumb, 0 bytes, Stack size unknown bytes, libinit2.o(.ARM.Collect$$libinit$$00000004))

<P><STRONG><a name="[39d]"></a>__rt_lib_init_heap_1</STRONG> (Thumb, 0 bytes, Stack size unknown bytes, libinit2.o(.ARM.Collect$$libinit$$0000000A))

<P><STRONG><a name="[bf]"></a>__rt_lib_init_lc_common</STRONG> (Thumb, 0 bytes, Stack size unknown bytes, libinit2.o(.ARM.Collect$$libinit$$0000000F))
<BR><BR>[Calls]<UL><LI><a href="#[c0]">&gt;&gt;</a>&nbsp;&nbsp;&nbsp;__rt_locale
</UL>

<P><STRONG><a name="[39e]"></a>__rt_lib_init_rand_1</STRONG> (Thumb, 0 bytes, Stack size unknown bytes, libinit2.o(.ARM.Collect$$libinit$$0000000E))

<P><STRONG><a name="[39f]"></a>__rt_lib_init_user_alloc_1</STRONG> (Thumb, 0 bytes, Stack size unknown bytes, libinit2.o(.ARM.Collect$$libinit$$0000000C))

<P><STRONG><a name="[3a0]"></a>__rt_lib_init_lc_collate_1</STRONG> (Thumb, 0 bytes, Stack size unknown bytes, libinit2.o(.ARM.Collect$$libinit$$00000011))

<P><STRONG><a name="[c1]"></a>__rt_lib_init_lc_ctype_2</STRONG> (Thumb, 0 bytes, Stack size unknown bytes, libinit2.o(.ARM.Collect$$libinit$$00000012))
<BR><BR>[Stack]<UL><LI>Max Depth = 8 + Unknown Stack Size
<LI>Call Chain = __rt_lib_init_lc_ctype_2 &rArr; _get_lc_ctype
</UL>
<BR>[Calls]<UL><LI><a href="#[77]">&gt;&gt;</a>&nbsp;&nbsp;&nbsp;_get_lc_ctype
</UL>

<P><STRONG><a name="[3a1]"></a>__rt_lib_init_lc_ctype_1</STRONG> (Thumb, 0 bytes, Stack size unknown bytes, libinit2.o(.ARM.Collect$$libinit$$00000013))

<P><STRONG><a name="[3a2]"></a>__rt_lib_init_lc_monetary_1</STRONG> (Thumb, 0 bytes, Stack size unknown bytes, libinit2.o(.ARM.Collect$$libinit$$00000015))

<P><STRONG><a name="[c2]"></a>__rt_lib_init_lc_numeric_2</STRONG> (Thumb, 0 bytes, Stack size unknown bytes, libinit2.o(.ARM.Collect$$libinit$$00000016))
<BR><BR>[Stack]<UL><LI>Max Depth = 8 + Unknown Stack Size
<LI>Call Chain = __rt_lib_init_lc_numeric_2 &rArr; _get_lc_numeric
</UL>
<BR>[Calls]<UL><LI><a href="#[c3]">&gt;&gt;</a>&nbsp;&nbsp;&nbsp;_get_lc_numeric
</UL>

<P><STRONG><a name="[3a3]"></a>__rt_lib_init_atexit_1</STRONG> (Thumb, 0 bytes, Stack size unknown bytes, libinit2.o(.ARM.Collect$$libinit$$0000001B))

<P><STRONG><a name="[3a4]"></a>__rt_lib_init_clock_1</STRONG> (Thumb, 0 bytes, Stack size unknown bytes, libinit2.o(.ARM.Collect$$libinit$$00000021))

<P><STRONG><a name="[3a5]"></a>__rt_lib_init_fp_trap_1</STRONG> (Thumb, 0 bytes, Stack size unknown bytes, libinit2.o(.ARM.Collect$$libinit$$0000001F))

<P><STRONG><a name="[3a6]"></a>__rt_lib_init_getenv_1</STRONG> (Thumb, 0 bytes, Stack size unknown bytes, libinit2.o(.ARM.Collect$$libinit$$00000023))

<P><STRONG><a name="[3a7]"></a>__rt_lib_init_lc_numeric_1</STRONG> (Thumb, 0 bytes, Stack size unknown bytes, libinit2.o(.ARM.Collect$$libinit$$00000017))

<P><STRONG><a name="[3a8]"></a>__rt_lib_init_lc_time_1</STRONG> (Thumb, 0 bytes, Stack size unknown bytes, libinit2.o(.ARM.Collect$$libinit$$00000019))

<P><STRONG><a name="[3a9]"></a>__rt_lib_init_signal_1</STRONG> (Thumb, 0 bytes, Stack size unknown bytes, libinit2.o(.ARM.Collect$$libinit$$0000001D))

<P><STRONG><a name="[c4]"></a>__rt_lib_init_stdio_2</STRONG> (Thumb, 0 bytes, Stack size unknown bytes, libinit2.o(.ARM.Collect$$libinit$$00000024))
<BR><BR>[Stack]<UL><LI>Max Depth = 140 + Unknown Stack Size
<LI>Call Chain = __rt_lib_init_stdio_2 &rArr; _initio &rArr; freopen &rArr; _fclose_internal &rArr; _fflush &rArr; _writebuf &rArr; _sys_write &rArr; [local to retarget_io_c]::stderr_putchar(int)
</UL>
<BR>[Calls]<UL><LI><a href="#[c5]">&gt;&gt;</a>&nbsp;&nbsp;&nbsp;_initio
</UL>

<P><STRONG><a name="[3aa]"></a>__rt_lib_init_alloca_1</STRONG> (Thumb, 0 bytes, Stack size unknown bytes, libinit2.o(.ARM.Collect$$libinit$$0000002E))

<P><STRONG><a name="[3ab]"></a>__rt_lib_init_argv_1</STRONG> (Thumb, 0 bytes, Stack size unknown bytes, libinit2.o(.ARM.Collect$$libinit$$0000002C))

<P><STRONG><a name="[c6]"></a>__rt_lib_init_cpp_2</STRONG> (Thumb, 0 bytes, Stack size unknown bytes, libinit2.o(.ARM.Collect$$libinit$$00000031))
<BR><BR>[Stack]<UL><LI>Max Depth = 16 + Unknown Stack Size
<LI>Call Chain = __rt_lib_init_cpp_2 &rArr; __cpp_initialize__aeabi_
</UL>
<BR>[Calls]<UL><LI><a href="#[97]">&gt;&gt;</a>&nbsp;&nbsp;&nbsp;__cpp_initialize__aeabi_
</UL>

<P><STRONG><a name="[3ac]"></a>__rt_lib_init_exceptions_1</STRONG> (Thumb, 0 bytes, Stack size unknown bytes, libinit2.o(.ARM.Collect$$libinit$$00000030))

<P><STRONG><a name="[3ad]"></a>__rt_lib_init_stdio_1</STRONG> (Thumb, 0 bytes, Stack size unknown bytes, libinit2.o(.ARM.Collect$$libinit$$00000025))

<P><STRONG><a name="[3ae]"></a>__rt_lib_init_cpp_1</STRONG> (Thumb, 0 bytes, Stack size unknown bytes, libinit2.o(.ARM.Collect$$libinit$$00000032))

<P><STRONG><a name="[3af]"></a>__rt_lib_init_return</STRONG> (Thumb, 0 bytes, Stack size unknown bytes, libinit2.o(.ARM.Collect$$libinit$$00000033))

<P><STRONG><a name="[d3]"></a>__rt_lib_shutdown</STRONG> (Thumb, 0 bytes, Stack size unknown bytes, libshutdown.o(.ARM.Collect$$libshutdown$$00000000))
<BR><BR>[Called By]<UL><LI><a href="#[2bb]">&gt;&gt;</a>&nbsp;&nbsp;&nbsp;abort
<LI><a href="#[d2]">&gt;&gt;</a>&nbsp;&nbsp;&nbsp;__rt_exit_ls
</UL>

<P><STRONG><a name="[c7]"></a>__rt_lib_shutdown_cpp_2</STRONG> (Thumb, 0 bytes, Stack size unknown bytes, libshutdown2.o(.ARM.Collect$$libshutdown$$00000001))
<BR><BR>[Stack]<UL><LI>Max Depth = 40 + Unknown Stack Size
<LI>Call Chain = __rt_lib_shutdown_cpp_2 &rArr; __cxa_finalize &rArr; free
</UL>
<BR>[Calls]<UL><LI><a href="#[c8]">&gt;&gt;</a>&nbsp;&nbsp;&nbsp;__cxa_finalize
</UL>

<P><STRONG><a name="[3b0]"></a>__rt_lib_shutdown_cpp_1</STRONG> (Thumb, 0 bytes, Stack size unknown bytes, libshutdown2.o(.ARM.Collect$$libshutdown$$00000002))

<P><STRONG><a name="[c9]"></a>__rt_lib_shutdown_stdio_2</STRONG> (Thumb, 0 bytes, Stack size unknown bytes, libshutdown2.o(.ARM.Collect$$libshutdown$$00000003))
<BR><BR>[Stack]<UL><LI>Max Depth = 124 + Unknown Stack Size
<LI>Call Chain = __rt_lib_shutdown_stdio_2 &rArr; _terminateio &rArr; _fclose_internal &rArr; _fflush &rArr; _writebuf &rArr; _sys_write &rArr; [local to retarget_io_c]::stderr_putchar(int)
</UL>
<BR>[Calls]<UL><LI><a href="#[ca]">&gt;&gt;</a>&nbsp;&nbsp;&nbsp;_terminateio
</UL>

<P><STRONG><a name="[3b1]"></a>__rt_lib_shutdown_fp_trap_1</STRONG> (Thumb, 0 bytes, Stack size unknown bytes, libshutdown2.o(.ARM.Collect$$libshutdown$$00000007))

<P><STRONG><a name="[3b2]"></a>__rt_lib_shutdown_heap_1</STRONG> (Thumb, 0 bytes, Stack size unknown bytes, libshutdown2.o(.ARM.Collect$$libshutdown$$0000000F))

<P><STRONG><a name="[3b3]"></a>__rt_lib_shutdown_return</STRONG> (Thumb, 0 bytes, Stack size unknown bytes, libshutdown2.o(.ARM.Collect$$libshutdown$$00000010))

<P><STRONG><a name="[3b4]"></a>__rt_lib_shutdown_signal_1</STRONG> (Thumb, 0 bytes, Stack size unknown bytes, libshutdown2.o(.ARM.Collect$$libshutdown$$0000000A))

<P><STRONG><a name="[3b5]"></a>__rt_lib_shutdown_stdio_1</STRONG> (Thumb, 0 bytes, Stack size unknown bytes, libshutdown2.o(.ARM.Collect$$libshutdown$$00000004))

<P><STRONG><a name="[3b6]"></a>__rt_lib_shutdown_user_alloc_1</STRONG> (Thumb, 0 bytes, Stack size unknown bytes, libshutdown2.o(.ARM.Collect$$libshutdown$$0000000C))

<P><STRONG><a name="[99]"></a>__rt_entry</STRONG> (Thumb, 0 bytes, Stack size unknown bytes, __rtentry.o(.ARM.Collect$$rtentry$$00000000))
<BR><BR>[Called By]<UL><LI><a href="#[96]">&gt;&gt;</a>&nbsp;&nbsp;&nbsp;__main
<LI><a href="#[9a]">&gt;&gt;</a>&nbsp;&nbsp;&nbsp;__scatterload_rt2
</UL>

<P><STRONG><a name="[3b7]"></a>__rt_entry_presh_1</STRONG> (Thumb, 0 bytes, Stack size unknown bytes, __rtentry2.o(.ARM.Collect$$rtentry$$00000002))

<P><STRONG><a name="[cb]"></a>__rt_entry_sh</STRONG> (Thumb, 0 bytes, Stack size unknown bytes, __rtentry4.o(.ARM.Collect$$rtentry$$00000004))
<BR><BR>[Stack]<UL><LI>Max Depth = 8 + Unknown Stack Size
<LI>Call Chain = __rt_entry_sh &rArr; __user_setup_stackheap
</UL>
<BR>[Calls]<UL><LI><a href="#[cc]">&gt;&gt;</a>&nbsp;&nbsp;&nbsp;__user_setup_stackheap
</UL>

<P><STRONG><a name="[cd]"></a>__rt_entry_li</STRONG> (Thumb, 0 bytes, Stack size unknown bytes, __rtentry2.o(.ARM.Collect$$rtentry$$0000000A))
<BR><BR>[Calls]<UL><LI><a href="#[ce]">&gt;&gt;</a>&nbsp;&nbsp;&nbsp;__rt_lib_init
</UL>

<P><STRONG><a name="[3b8]"></a>__rt_entry_postsh_1</STRONG> (Thumb, 0 bytes, Stack size unknown bytes, __rtentry2.o(.ARM.Collect$$rtentry$$00000009))

<P><STRONG><a name="[cf]"></a>__rt_entry_main</STRONG> (Thumb, 0 bytes, Stack size unknown bytes, __rtentry2.o(.ARM.Collect$$rtentry$$0000000D))
<BR><BR>[Stack]<UL><LI>Max Depth = 376 + Unknown Stack Size
<LI>Call Chain = __rt_entry_main &rArr; main &rArr; menuprocess &rArr; page0 &rArr; OLED_Showdecimal &rArr; OLED_ShowChar &rArr; OLED_Set_Pos &rArr; OLED_WR_CMD &rArr; HAL_I2C_Mem_Write &rArr; [local to stm32f1xx_hal_i2c_c]::I2C_RequestMemoryWrite(I2C_HandleTypeDef*, unsigned short, unsigned short, unsigned short, unsigned, unsigned) &rArr; [local to stm32f1xx_hal_i2c_c]::I2C_WaitOnFlagUntilTimeout(I2C_HandleTypeDef*, unsigned, FlagStatus, unsigned, unsigned)
</UL>
<BR>[Calls]<UL><LI><a href="#[d0]">&gt;&gt;</a>&nbsp;&nbsp;&nbsp;main
<LI><a href="#[d1]">&gt;&gt;</a>&nbsp;&nbsp;&nbsp;exit
</UL>

<P><STRONG><a name="[3b9]"></a>__rt_entry_postli_1</STRONG> (Thumb, 0 bytes, Stack size unknown bytes, __rtentry2.o(.ARM.Collect$$rtentry$$0000000C))

<P><STRONG><a name="[2e9]"></a>__rt_exit</STRONG> (Thumb, 0 bytes, Stack size unknown bytes, rtexit.o(.ARM.Collect$$rtexit$$00000000))
<BR><BR>[Called By]<UL><LI><a href="#[d1]">&gt;&gt;</a>&nbsp;&nbsp;&nbsp;exit
</UL>

<P><STRONG><a name="[d2]"></a>__rt_exit_ls</STRONG> (Thumb, 0 bytes, Stack size unknown bytes, rtexit2.o(.ARM.Collect$$rtexit$$00000003))
<BR><BR>[Calls]<UL><LI><a href="#[d3]">&gt;&gt;</a>&nbsp;&nbsp;&nbsp;__rt_lib_shutdown
</UL>

<P><STRONG><a name="[3ba]"></a>__rt_exit_prels_1</STRONG> (Thumb, 0 bytes, Stack size unknown bytes, rtexit2.o(.ARM.Collect$$rtexit$$00000002))

<P><STRONG><a name="[d4]"></a>__rt_exit_exit</STRONG> (Thumb, 0 bytes, Stack size unknown bytes, rtexit2.o(.ARM.Collect$$rtexit$$00000004))
<BR><BR>[Calls]<UL><LI><a href="#[d5]">&gt;&gt;</a>&nbsp;&nbsp;&nbsp;_sys_exit
</UL>

<P><STRONG><a name="[1f]"></a>Reset_Handler</STRONG> (Thumb, 8 bytes, Stack size 0 bytes, startup_stm32f103xb.o(.text))
<BR>[Address Reference Count : 1]<UL><LI> startup_stm32f103xb.o(RESET)
</UL>
<P><STRONG><a name="[3bb]"></a>_maybe_terminate_alloc</STRONG> (Thumb, 0 bytes, Stack size 0 bytes, maybetermalloc1.o(.emb_text), UNUSED)

<P><STRONG><a name="[3b]"></a>ADC1_2_IRQHandler</STRONG> (Thumb, 0 bytes, Stack size 0 bytes, startup_stm32f103xb.o(.text))
<BR><BR>[Calls]<UL><LI><a href="#[3b]">&gt;&gt;</a>&nbsp;&nbsp;&nbsp;ADC1_2_IRQHandler
</UL>
<BR>[Called By]<UL><LI><a href="#[3b]">&gt;&gt;</a>&nbsp;&nbsp;&nbsp;ADC1_2_IRQHandler
</UL>
<BR>[Address Reference Count : 1]<UL><LI> startup_stm32f103xb.o(RESET)
</UL>
<P><STRONG><a name="[3e]"></a>CAN1_RX1_IRQHandler</STRONG> (Thumb, 0 bytes, Stack size 0 bytes, startup_stm32f103xb.o(.text))
<BR>[Address Reference Count : 1]<UL><LI> startup_stm32f103xb.o(RESET)
</UL>
<P><STRONG><a name="[3f]"></a>CAN1_SCE_IRQHandler</STRONG> (Thumb, 0 bytes, Stack size 0 bytes, startup_stm32f103xb.o(.text))
<BR>[Address Reference Count : 1]<UL><LI> startup_stm32f103xb.o(RESET)
</UL>
<P><STRONG><a name="[35]"></a>DMA1_Channel2_IRQHandler</STRONG> (Thumb, 0 bytes, Stack size 0 bytes, startup_stm32f103xb.o(.text))
<BR>[Address Reference Count : 1]<UL><LI> startup_stm32f103xb.o(RESET)
</UL>
<P><STRONG><a name="[37]"></a>DMA1_Channel4_IRQHandler</STRONG> (Thumb, 0 bytes, Stack size 0 bytes, startup_stm32f103xb.o(.text))
<BR>[Address Reference Count : 1]<UL><LI> startup_stm32f103xb.o(RESET)
</UL>
<P><STRONG><a name="[39]"></a>DMA1_Channel6_IRQHandler</STRONG> (Thumb, 0 bytes, Stack size 0 bytes, startup_stm32f103xb.o(.text))
<BR>[Address Reference Count : 1]<UL><LI> startup_stm32f103xb.o(RESET)
</UL>
<P><STRONG><a name="[3a]"></a>DMA1_Channel7_IRQHandler</STRONG> (Thumb, 0 bytes, Stack size 0 bytes, startup_stm32f103xb.o(.text))
<BR>[Address Reference Count : 1]<UL><LI> startup_stm32f103xb.o(RESET)
</UL>
<P><STRONG><a name="[2f]"></a>EXTI0_IRQHandler</STRONG> (Thumb, 0 bytes, Stack size 0 bytes, startup_stm32f103xb.o(.text))
<BR>[Address Reference Count : 1]<UL><LI> startup_stm32f103xb.o(RESET)
</UL>
<P><STRONG><a name="[51]"></a>EXTI15_10_IRQHandler</STRONG> (Thumb, 0 bytes, Stack size 0 bytes, startup_stm32f103xb.o(.text))
<BR>[Address Reference Count : 1]<UL><LI> startup_stm32f103xb.o(RESET)
</UL>
<P><STRONG><a name="[30]"></a>EXTI1_IRQHandler</STRONG> (Thumb, 0 bytes, Stack size 0 bytes, startup_stm32f103xb.o(.text))
<BR>[Address Reference Count : 1]<UL><LI> startup_stm32f103xb.o(RESET)
</UL>
<P><STRONG><a name="[31]"></a>EXTI2_IRQHandler</STRONG> (Thumb, 0 bytes, Stack size 0 bytes, startup_stm32f103xb.o(.text))
<BR>[Address Reference Count : 1]<UL><LI> startup_stm32f103xb.o(RESET)
</UL>
<P><STRONG><a name="[33]"></a>EXTI4_IRQHandler</STRONG> (Thumb, 0 bytes, Stack size 0 bytes, startup_stm32f103xb.o(.text))
<BR>[Address Reference Count : 1]<UL><LI> startup_stm32f103xb.o(RESET)
</UL>
<P><STRONG><a name="[2d]"></a>FLASH_IRQHandler</STRONG> (Thumb, 0 bytes, Stack size 0 bytes, startup_stm32f103xb.o(.text))
<BR>[Address Reference Count : 1]<UL><LI> startup_stm32f103xb.o(RESET)
</UL>
<P><STRONG><a name="[49]"></a>I2C1_ER_IRQHandler</STRONG> (Thumb, 0 bytes, Stack size 0 bytes, startup_stm32f103xb.o(.text))
<BR>[Address Reference Count : 1]<UL><LI> startup_stm32f103xb.o(RESET)
</UL>
<P><STRONG><a name="[48]"></a>I2C1_EV_IRQHandler</STRONG> (Thumb, 0 bytes, Stack size 0 bytes, startup_stm32f103xb.o(.text))
<BR>[Address Reference Count : 1]<UL><LI> startup_stm32f103xb.o(RESET)
</UL>
<P><STRONG><a name="[4b]"></a>I2C2_ER_IRQHandler</STRONG> (Thumb, 0 bytes, Stack size 0 bytes, startup_stm32f103xb.o(.text))
<BR>[Address Reference Count : 1]<UL><LI> startup_stm32f103xb.o(RESET)
</UL>
<P><STRONG><a name="[4a]"></a>I2C2_EV_IRQHandler</STRONG> (Thumb, 0 bytes, Stack size 0 bytes, startup_stm32f103xb.o(.text))
<BR>[Address Reference Count : 1]<UL><LI> startup_stm32f103xb.o(RESET)
</UL>
<P><STRONG><a name="[2a]"></a>PVD_IRQHandler</STRONG> (Thumb, 0 bytes, Stack size 0 bytes, startup_stm32f103xb.o(.text))
<BR>[Address Reference Count : 1]<UL><LI> startup_stm32f103xb.o(RESET)
</UL>
<P><STRONG><a name="[2e]"></a>RCC_IRQHandler</STRONG> (Thumb, 0 bytes, Stack size 0 bytes, startup_stm32f103xb.o(.text))
<BR>[Address Reference Count : 1]<UL><LI> startup_stm32f103xb.o(RESET)
</UL>
<P><STRONG><a name="[52]"></a>RTC_Alarm_IRQHandler</STRONG> (Thumb, 0 bytes, Stack size 0 bytes, startup_stm32f103xb.o(.text))
<BR>[Address Reference Count : 1]<UL><LI> startup_stm32f103xb.o(RESET)
</UL>
<P><STRONG><a name="[2c]"></a>RTC_IRQHandler</STRONG> (Thumb, 0 bytes, Stack size 0 bytes, startup_stm32f103xb.o(.text))
<BR>[Address Reference Count : 1]<UL><LI> startup_stm32f103xb.o(RESET)
</UL>
<P><STRONG><a name="[4c]"></a>SPI1_IRQHandler</STRONG> (Thumb, 0 bytes, Stack size 0 bytes, startup_stm32f103xb.o(.text))
<BR>[Address Reference Count : 1]<UL><LI> startup_stm32f103xb.o(RESET)
</UL>
<P><STRONG><a name="[4d]"></a>SPI2_IRQHandler</STRONG> (Thumb, 0 bytes, Stack size 0 bytes, startup_stm32f103xb.o(.text))
<BR>[Address Reference Count : 1]<UL><LI> startup_stm32f103xb.o(RESET)
</UL>
<P><STRONG><a name="[2b]"></a>TAMPER_IRQHandler</STRONG> (Thumb, 0 bytes, Stack size 0 bytes, startup_stm32f103xb.o(.text))
<BR>[Address Reference Count : 1]<UL><LI> startup_stm32f103xb.o(RESET)
</UL>
<P><STRONG><a name="[41]"></a>TIM1_BRK_IRQHandler</STRONG> (Thumb, 0 bytes, Stack size 0 bytes, startup_stm32f103xb.o(.text))
<BR>[Address Reference Count : 1]<UL><LI> startup_stm32f103xb.o(RESET)
</UL>
<P><STRONG><a name="[44]"></a>TIM1_CC_IRQHandler</STRONG> (Thumb, 0 bytes, Stack size 0 bytes, startup_stm32f103xb.o(.text))
<BR>[Address Reference Count : 1]<UL><LI> startup_stm32f103xb.o(RESET)
</UL>
<P><STRONG><a name="[43]"></a>TIM1_TRG_COM_IRQHandler</STRONG> (Thumb, 0 bytes, Stack size 0 bytes, startup_stm32f103xb.o(.text))
<BR>[Address Reference Count : 1]<UL><LI> startup_stm32f103xb.o(RESET)
</UL>
<P><STRONG><a name="[42]"></a>TIM1_UP_IRQHandler</STRONG> (Thumb, 0 bytes, Stack size 0 bytes, startup_stm32f103xb.o(.text))
<BR>[Address Reference Count : 1]<UL><LI> startup_stm32f103xb.o(RESET)
</UL>
<P><STRONG><a name="[47]"></a>TIM4_IRQHandler</STRONG> (Thumb, 0 bytes, Stack size 0 bytes, startup_stm32f103xb.o(.text))
<BR>[Address Reference Count : 1]<UL><LI> startup_stm32f103xb.o(RESET)
</UL>
<P><STRONG><a name="[4f]"></a>USART2_IRQHandler</STRONG> (Thumb, 0 bytes, Stack size 0 bytes, startup_stm32f103xb.o(.text))
<BR>[Address Reference Count : 1]<UL><LI> startup_stm32f103xb.o(RESET)
</UL>
<P><STRONG><a name="[53]"></a>USBWakeUp_IRQHandler</STRONG> (Thumb, 0 bytes, Stack size 0 bytes, startup_stm32f103xb.o(.text))
<BR>[Address Reference Count : 1]<UL><LI> startup_stm32f103xb.o(RESET)
</UL>
<P><STRONG><a name="[3c]"></a>USB_HP_CAN1_TX_IRQHandler</STRONG> (Thumb, 0 bytes, Stack size 0 bytes, startup_stm32f103xb.o(.text))
<BR>[Address Reference Count : 1]<UL><LI> startup_stm32f103xb.o(RESET)
</UL>
<P><STRONG><a name="[3d]"></a>USB_LP_CAN1_RX0_IRQHandler</STRONG> (Thumb, 0 bytes, Stack size 0 bytes, startup_stm32f103xb.o(.text))
<BR>[Address Reference Count : 1]<UL><LI> startup_stm32f103xb.o(RESET)
</UL>
<P><STRONG><a name="[29]"></a>WWDG_IRQHandler</STRONG> (Thumb, 0 bytes, Stack size 0 bytes, startup_stm32f103xb.o(.text))
<BR>[Address Reference Count : 1]<UL><LI> startup_stm32f103xb.o(RESET)
</UL>
<P><STRONG><a name="[2c5]"></a>__user_initial_stackheap</STRONG> (Thumb, 0 bytes, Stack size unknown bytes, startup_stm32f103xb.o(.text))
<BR><BR>[Called By]<UL><LI><a href="#[cc]">&gt;&gt;</a>&nbsp;&nbsp;&nbsp;__user_setup_stackheap
</UL>

<P><STRONG><a name="[d6]"></a>MX_ADC1_Init</STRONG> (Thumb, 130 bytes, Stack size 16 bytes, adc.o(.text))
<BR><BR>[Stack]<UL><LI>Max Depth = 108<LI>Call Chain = MX_ADC1_Init &rArr; HAL_ADC_Init &rArr; HAL_ADC_MspInit &rArr; HAL_GPIO_Init
</UL>
<BR>[Calls]<UL><LI><a href="#[d7]">&gt;&gt;</a>&nbsp;&nbsp;&nbsp;HAL_ADC_Init
<LI><a href="#[d9]">&gt;&gt;</a>&nbsp;&nbsp;&nbsp;HAL_ADC_ConfigChannel
<LI><a href="#[d8]">&gt;&gt;</a>&nbsp;&nbsp;&nbsp;Error_Handler
</UL>
<BR>[Called By]<UL><LI><a href="#[d0]">&gt;&gt;</a>&nbsp;&nbsp;&nbsp;main
</UL>

<P><STRONG><a name="[da]"></a>HAL_ADC_MspInit</STRONG> (Thumb, 154 bytes, Stack size 32 bytes, adc.o(.text))
<BR><BR>[Stack]<UL><LI>Max Depth = 68<LI>Call Chain = HAL_ADC_MspInit &rArr; HAL_GPIO_Init
</UL>
<BR>[Calls]<UL><LI><a href="#[db]">&gt;&gt;</a>&nbsp;&nbsp;&nbsp;HAL_GPIO_Init
<LI><a href="#[dc]">&gt;&gt;</a>&nbsp;&nbsp;&nbsp;HAL_DMA_Init
<LI><a href="#[d8]">&gt;&gt;</a>&nbsp;&nbsp;&nbsp;Error_Handler
</UL>
<BR>[Called By]<UL><LI><a href="#[d7]">&gt;&gt;</a>&nbsp;&nbsp;&nbsp;HAL_ADC_Init
</UL>

<P><STRONG><a name="[dd]"></a>HAL_ADC_MspDeInit</STRONG> (Thumb, 40 bytes, Stack size 8 bytes, adc.o(.text), UNUSED)
<BR><BR>[Calls]<UL><LI><a href="#[de]">&gt;&gt;</a>&nbsp;&nbsp;&nbsp;HAL_GPIO_DeInit
<LI><a href="#[df]">&gt;&gt;</a>&nbsp;&nbsp;&nbsp;HAL_DMA_DeInit
</UL>
<BR>[Called By]<UL><LI><a href="#[137]">&gt;&gt;</a>&nbsp;&nbsp;&nbsp;HAL_ADC_DeInit
</UL>

<P><STRONG><a name="[e0]"></a>MX_CAN_Init</STRONG> (Thumb, 48 bytes, Stack size 8 bytes, can.o(.text))
<BR><BR>[Stack]<UL><LI>Max Depth = 92<LI>Call Chain = MX_CAN_Init &rArr; HAL_CAN_Init &rArr; HAL_CAN_MspInit &rArr; HAL_GPIO_Init
</UL>
<BR>[Calls]<UL><LI><a href="#[e1]">&gt;&gt;</a>&nbsp;&nbsp;&nbsp;HAL_CAN_Init
<LI><a href="#[d8]">&gt;&gt;</a>&nbsp;&nbsp;&nbsp;Error_Handler
</UL>
<BR>[Called By]<UL><LI><a href="#[273]">&gt;&gt;</a>&nbsp;&nbsp;&nbsp;communciation::modeprocessing(TransmissionProtocols)
</UL>

<P><STRONG><a name="[e2]"></a>HAL_CAN_MspInit</STRONG> (Thumb, 144 bytes, Stack size 32 bytes, can.o(.text))
<BR><BR>[Stack]<UL><LI>Max Depth = 68<LI>Call Chain = HAL_CAN_MspInit &rArr; HAL_GPIO_Init
</UL>
<BR>[Calls]<UL><LI><a href="#[db]">&gt;&gt;</a>&nbsp;&nbsp;&nbsp;HAL_GPIO_Init
</UL>
<BR>[Called By]<UL><LI><a href="#[e1]">&gt;&gt;</a>&nbsp;&nbsp;&nbsp;HAL_CAN_Init
</UL>

<P><STRONG><a name="[e3]"></a>HAL_CAN_MspDeInit</STRONG> (Thumb, 36 bytes, Stack size 8 bytes, can.o(.text), UNUSED)
<BR><BR>[Calls]<UL><LI><a href="#[de]">&gt;&gt;</a>&nbsp;&nbsp;&nbsp;HAL_GPIO_DeInit
</UL>
<BR>[Called By]<UL><LI><a href="#[16f]">&gt;&gt;</a>&nbsp;&nbsp;&nbsp;HAL_CAN_DeInit
</UL>

<P><STRONG><a name="[e4]"></a>MX_DMA_Init</STRONG> (Thumb, 80 bytes, Stack size 8 bytes, dma.o(.text))
<BR><BR>[Stack]<UL><LI>Max Depth = 56<LI>Call Chain = MX_DMA_Init &rArr; HAL_NVIC_SetPriority &rArr; [local to stm32f1xx_hal_cortex_c]::__NVIC_SetPriority(IRQn_Type, unsigned)
</UL>
<BR>[Calls]<UL><LI><a href="#[e5]">&gt;&gt;</a>&nbsp;&nbsp;&nbsp;HAL_NVIC_SetPriority
<LI><a href="#[e6]">&gt;&gt;</a>&nbsp;&nbsp;&nbsp;HAL_NVIC_EnableIRQ
</UL>
<BR>[Called By]<UL><LI><a href="#[d0]">&gt;&gt;</a>&nbsp;&nbsp;&nbsp;main
</UL>

<P><STRONG><a name="[e7]"></a>MX_GPIO_Init</STRONG> (Thumb, 306 bytes, Stack size 24 bytes, gpio.o(.text))
<BR><BR>[Stack]<UL><LI>Max Depth = 72<LI>Call Chain = MX_GPIO_Init &rArr; HAL_NVIC_SetPriority &rArr; [local to stm32f1xx_hal_cortex_c]::__NVIC_SetPriority(IRQn_Type, unsigned)
</UL>
<BR>[Calls]<UL><LI><a href="#[e8]">&gt;&gt;</a>&nbsp;&nbsp;&nbsp;HAL_GPIO_WritePin
<LI><a href="#[e5]">&gt;&gt;</a>&nbsp;&nbsp;&nbsp;HAL_NVIC_SetPriority
<LI><a href="#[e6]">&gt;&gt;</a>&nbsp;&nbsp;&nbsp;HAL_NVIC_EnableIRQ
<LI><a href="#[db]">&gt;&gt;</a>&nbsp;&nbsp;&nbsp;HAL_GPIO_Init
</UL>
<BR>[Called By]<UL><LI><a href="#[d0]">&gt;&gt;</a>&nbsp;&nbsp;&nbsp;main
</UL>

<P><STRONG><a name="[e9]"></a>MX_I2C1_Init</STRONG> (Thumb, 48 bytes, Stack size 8 bytes, i2c.o(.text))
<BR><BR>[Stack]<UL><LI>Max Depth = 92<LI>Call Chain = MX_I2C1_Init &rArr; HAL_I2C_Init &rArr; HAL_I2C_MspInit &rArr; HAL_GPIO_Init
</UL>
<BR>[Calls]<UL><LI><a href="#[ea]">&gt;&gt;</a>&nbsp;&nbsp;&nbsp;HAL_I2C_Init
<LI><a href="#[d8]">&gt;&gt;</a>&nbsp;&nbsp;&nbsp;Error_Handler
</UL>
<BR>[Called By]<UL><LI><a href="#[d0]">&gt;&gt;</a>&nbsp;&nbsp;&nbsp;main
</UL>

<P><STRONG><a name="[eb]"></a>MX_I2C2_Init</STRONG> (Thumb, 48 bytes, Stack size 8 bytes, i2c.o(.text))
<BR><BR>[Stack]<UL><LI>Max Depth = 92<LI>Call Chain = MX_I2C2_Init &rArr; HAL_I2C_Init &rArr; HAL_I2C_MspInit &rArr; HAL_GPIO_Init
</UL>
<BR>[Calls]<UL><LI><a href="#[ea]">&gt;&gt;</a>&nbsp;&nbsp;&nbsp;HAL_I2C_Init
<LI><a href="#[d8]">&gt;&gt;</a>&nbsp;&nbsp;&nbsp;Error_Handler
</UL>
<BR>[Called By]<UL><LI><a href="#[273]">&gt;&gt;</a>&nbsp;&nbsp;&nbsp;communciation::modeprocessing(TransmissionProtocols)
</UL>

<P><STRONG><a name="[ec]"></a>HAL_I2C_MspInit</STRONG> (Thumb, 188 bytes, Stack size 32 bytes, i2c.o(.text))
<BR><BR>[Stack]<UL><LI>Max Depth = 68<LI>Call Chain = HAL_I2C_MspInit &rArr; HAL_GPIO_Init
</UL>
<BR>[Calls]<UL><LI><a href="#[db]">&gt;&gt;</a>&nbsp;&nbsp;&nbsp;HAL_GPIO_Init
</UL>
<BR>[Called By]<UL><LI><a href="#[ea]">&gt;&gt;</a>&nbsp;&nbsp;&nbsp;HAL_I2C_Init
</UL>

<P><STRONG><a name="[ed]"></a>HAL_I2C_MspDeInit</STRONG> (Thumb, 82 bytes, Stack size 8 bytes, i2c.o(.text), UNUSED)
<BR><BR>[Calls]<UL><LI><a href="#[de]">&gt;&gt;</a>&nbsp;&nbsp;&nbsp;HAL_GPIO_DeInit
</UL>
<BR>[Called By]<UL><LI><a href="#[17f]">&gt;&gt;</a>&nbsp;&nbsp;&nbsp;HAL_I2C_DeInit
</UL>

<P><STRONG><a name="[ee]"></a>ppm_processing(unsigned short, unsigned short*)</STRONG> (Thumb, 40 bytes, Stack size 16 bytes, main.o(.text))
<BR><BR>[Stack]<UL><LI>Max Depth = 16<LI>Call Chain = ppm_processing(unsigned short, unsigned short*)
</UL>
<BR>[Calls]<UL><LI><a href="#[ef]">&gt;&gt;</a>&nbsp;&nbsp;&nbsp;__aeabi_cfrcmple
</UL>
<BR>[Called By]<UL><LI><a href="#[d0]">&gt;&gt;</a>&nbsp;&nbsp;&nbsp;main
</UL>

<P><STRONG><a name="[3bc]"></a>ms_Delay(unsigned short)</STRONG> (Thumb, 20 bytes, Stack size 0 bytes, main.o(.text), UNUSED)

<P><STRONG><a name="[f0]"></a>HAL_UART_ErrorCallback</STRONG> (Thumb, 74 bytes, Stack size 8 bytes, main.o(.text))
<BR><BR>[Stack]<UL><LI>Max Depth = 100<LI>Call Chain = HAL_UART_ErrorCallback &rArr; HAL_UARTEx_ReceiveToIdle_DMA &rArr; UART_Start_Receive_DMA &rArr; HAL_DMA_Start_IT &rArr; [local to stm32f1xx_hal_dma_c]::DMA_SetConfig(__DMA_HandleTypeDef*, unsigned, unsigned, unsigned)
</UL>
<BR>[Calls]<UL><LI><a href="#[f1]">&gt;&gt;</a>&nbsp;&nbsp;&nbsp;HAL_UARTEx_ReceiveToIdle_DMA
</UL>
<BR>[Called By]<UL><LI><a href="#[126]">&gt;&gt;</a>&nbsp;&nbsp;&nbsp;HAL_UART_IRQHandler
<LI><a href="#[72]">&gt;&gt;</a>&nbsp;&nbsp;&nbsp;[local to stm32f1xx_hal_uart_c]::UART_DMAAbortOnError(__DMA_HandleTypeDef*)
<LI><a href="#[6b]">&gt;&gt;</a>&nbsp;&nbsp;&nbsp;[local to stm32f1xx_hal_uart_c]::UART_DMAError(__DMA_HandleTypeDef*)
</UL>

<P><STRONG><a name="[f2]"></a>HAL_TIM_PeriodElapsedCallback</STRONG> (Thumb, 212 bytes, Stack size 16 bytes, main.o(.text))
<BR><BR>[Stack]<UL><LI>Max Depth = 16<LI>Call Chain = HAL_TIM_PeriodElapsedCallback
</UL>
<BR>[Calls]<UL><LI><a href="#[f4]">&gt;&gt;</a>&nbsp;&nbsp;&nbsp;HAL_Delay
<LI><a href="#[f3]">&gt;&gt;</a>&nbsp;&nbsp;&nbsp;__aeabi_i2f
</UL>
<BR>[Called By]<UL><LI><a href="#[125]">&gt;&gt;</a>&nbsp;&nbsp;&nbsp;HAL_TIM_IRQHandler
<LI><a href="#[5c]">&gt;&gt;</a>&nbsp;&nbsp;&nbsp;[local to stm32f1xx_hal_tim_c]::TIM_DMAPeriodElapsedCplt(__DMA_HandleTypeDef*)
</UL>

<P><STRONG><a name="[f5]"></a>HAL_GPIO_EXTI_Callback</STRONG> (Thumb, 66 bytes, Stack size 8 bytes, main.o(.text))
<BR><BR>[Stack]<UL><LI>Max Depth = 8<LI>Call Chain = HAL_GPIO_EXTI_Callback
</UL>
<BR>[Calls]<UL><LI><a href="#[f6]">&gt;&gt;</a>&nbsp;&nbsp;&nbsp;HAL_GPIO_ReadPin
<LI><a href="#[e8]">&gt;&gt;</a>&nbsp;&nbsp;&nbsp;HAL_GPIO_WritePin
</UL>
<BR>[Called By]<UL><LI><a href="#[123]">&gt;&gt;</a>&nbsp;&nbsp;&nbsp;HAL_GPIO_EXTI_IRQHandler
</UL>

<P><STRONG><a name="[f7]"></a>HAL_UARTEx_RxEventCallback</STRONG> (Thumb, 152 bytes, Stack size 24 bytes, main.o(.text))
<BR><BR>[Stack]<UL><LI>Max Depth = 224<LI>Call Chain = HAL_UARTEx_RxEventCallback &rArr; expanddata_C(unsigned char*, action*, unsigned short*, unsigned short*, unsigned short*, unsigned short*) &rArr; communciation::expanddata(unsigned char*, action*, unsigned short*, unsigned short*, unsigned short*, unsigned short*) &rArr; communciation::Receive_port(unsigned char*, action*, unsigned short*, unsigned short*, unsigned short*, unsigned short*) &rArr; communciation::dataprocessing(unsigned char*, action*, unsigned short*, unsigned short*, unsigned short*, unsigned short*) &rArr; communciation::Firstbyteprocess(unsigned char, action*)
</UL>
<BR>[Calls]<UL><LI><a href="#[fb]">&gt;&gt;</a>&nbsp;&nbsp;&nbsp;expanddata_C(unsigned char*, action*, unsigned short*, unsigned short*, unsigned short*, unsigned short*)
<LI><a href="#[f9]">&gt;&gt;</a>&nbsp;&nbsp;&nbsp;HLW8032_Data_processing
<LI><a href="#[f1]">&gt;&gt;</a>&nbsp;&nbsp;&nbsp;HAL_UARTEx_ReceiveToIdle_DMA
<LI><a href="#[fa]">&gt;&gt;</a>&nbsp;&nbsp;&nbsp;__aeabi_memclr
<LI><a href="#[f8]">&gt;&gt;</a>&nbsp;&nbsp;&nbsp;__aeabi_d2uiz
</UL>
<BR>[Called By]<UL><LI><a href="#[126]">&gt;&gt;</a>&nbsp;&nbsp;&nbsp;HAL_UART_IRQHandler
<LI><a href="#[26b]">&gt;&gt;</a>&nbsp;&nbsp;&nbsp;[local to stm32f1xx_hal_uart_c]::UART_Receive_IT(__UART_HandleTypeDef*)
<LI><a href="#[6c]">&gt;&gt;</a>&nbsp;&nbsp;&nbsp;[local to stm32f1xx_hal_uart_c]::UART_DMAReceiveCplt(__DMA_HandleTypeDef*)
<LI><a href="#[6d]">&gt;&gt;</a>&nbsp;&nbsp;&nbsp;[local to stm32f1xx_hal_uart_c]::UART_DMARxHalfCplt(__DMA_HandleTypeDef*)
</UL>

<P><STRONG><a name="[fc]"></a>HAL_I2C_SlaveTxCpltCallback</STRONG> (Thumb, 42 bytes, Stack size 16 bytes, main.o(.text))
<BR><BR>[Stack]<UL><LI>Max Depth = 216<LI>Call Chain = HAL_I2C_SlaveTxCpltCallback &rArr; expanddata_C(unsigned char*, action*, unsigned short*, unsigned short*, unsigned short*, unsigned short*) &rArr; communciation::expanddata(unsigned char*, action*, unsigned short*, unsigned short*, unsigned short*, unsigned short*) &rArr; communciation::Receive_port(unsigned char*, action*, unsigned short*, unsigned short*, unsigned short*, unsigned short*) &rArr; communciation::dataprocessing(unsigned char*, action*, unsigned short*, unsigned short*, unsigned short*, unsigned short*) &rArr; communciation::Firstbyteprocess(unsigned char, action*)
</UL>
<BR>[Calls]<UL><LI><a href="#[fb]">&gt;&gt;</a>&nbsp;&nbsp;&nbsp;expanddata_C(unsigned char*, action*, unsigned short*, unsigned short*, unsigned short*, unsigned short*)
<LI><a href="#[fd]">&gt;&gt;</a>&nbsp;&nbsp;&nbsp;HAL_I2C_Slave_Transmit_IT
</UL>
<BR>[Called By]<UL><LI><a href="#[1bb]">&gt;&gt;</a>&nbsp;&nbsp;&nbsp;[local to stm32f1xx_hal_i2c_c]::I2C_Slave_AF(I2C_HandleTypeDef*)
<LI><a href="#[1a6]">&gt;&gt;</a>&nbsp;&nbsp;&nbsp;[local to stm32f1xx_hal_i2c_c]::I2C_SlaveTransmit_TXE(I2C_HandleTypeDef*)
<LI><a href="#[59]">&gt;&gt;</a>&nbsp;&nbsp;&nbsp;[local to stm32f1xx_hal_i2c_c]::I2C_DMAXferCplt(__DMA_HandleTypeDef*)
</UL>

<P><STRONG><a name="[d8]"></a>Error_Handler</STRONG> (Thumb, 6 bytes, Stack size 0 bytes, main.o(.text))
<BR><BR>[Called By]<UL><LI><a href="#[105]">&gt;&gt;</a>&nbsp;&nbsp;&nbsp;MX_USART2_UART_Init
<LI><a href="#[104]">&gt;&gt;</a>&nbsp;&nbsp;&nbsp;MX_USART1_UART_Init
<LI><a href="#[108]">&gt;&gt;</a>&nbsp;&nbsp;&nbsp;MX_TIM3_Init
<LI><a href="#[106]">&gt;&gt;</a>&nbsp;&nbsp;&nbsp;MX_TIM2_Init
<LI><a href="#[107]">&gt;&gt;</a>&nbsp;&nbsp;&nbsp;MX_RTC_Init
<LI><a href="#[fe]">&gt;&gt;</a>&nbsp;&nbsp;&nbsp;SystemClock_Config()
<LI><a href="#[eb]">&gt;&gt;</a>&nbsp;&nbsp;&nbsp;MX_I2C2_Init
<LI><a href="#[e9]">&gt;&gt;</a>&nbsp;&nbsp;&nbsp;MX_I2C1_Init
<LI><a href="#[e0]">&gt;&gt;</a>&nbsp;&nbsp;&nbsp;MX_CAN_Init
<LI><a href="#[da]">&gt;&gt;</a>&nbsp;&nbsp;&nbsp;HAL_ADC_MspInit
<LI><a href="#[d6]">&gt;&gt;</a>&nbsp;&nbsp;&nbsp;MX_ADC1_Init
<LI><a href="#[133]">&gt;&gt;</a>&nbsp;&nbsp;&nbsp;HAL_UART_MspInit
<LI><a href="#[132]">&gt;&gt;</a>&nbsp;&nbsp;&nbsp;MX_USART3_UART_Init
<LI><a href="#[12a]">&gt;&gt;</a>&nbsp;&nbsp;&nbsp;MX_TIM4_Init
</UL>

<P><STRONG><a name="[fe]"></a>SystemClock_Config()</STRONG> (Thumb, 144 bytes, Stack size 80 bytes, main.o(.text))
<BR><BR>[Stack]<UL><LI>Max Depth = 160<LI>Call Chain = SystemClock_Config() &rArr; HAL_RCC_ClockConfig &rArr; HAL_InitTick &rArr; HAL_NVIC_SetPriority &rArr; [local to stm32f1xx_hal_cortex_c]::__NVIC_SetPriority(IRQn_Type, unsigned)
</UL>
<BR>[Calls]<UL><LI><a href="#[100]">&gt;&gt;</a>&nbsp;&nbsp;&nbsp;HAL_RCC_OscConfig
<LI><a href="#[101]">&gt;&gt;</a>&nbsp;&nbsp;&nbsp;HAL_RCC_ClockConfig
<LI><a href="#[102]">&gt;&gt;</a>&nbsp;&nbsp;&nbsp;HAL_RCCEx_PeriphCLKConfig
<LI><a href="#[d8]">&gt;&gt;</a>&nbsp;&nbsp;&nbsp;Error_Handler
<LI><a href="#[ff]">&gt;&gt;</a>&nbsp;&nbsp;&nbsp;__aeabi_memclr4
</UL>
<BR>[Called By]<UL><LI><a href="#[d0]">&gt;&gt;</a>&nbsp;&nbsp;&nbsp;main
</UL>

<P><STRONG><a name="[d0]"></a>main</STRONG> (Thumb, 714 bytes, Stack size 56 bytes, main.o(.text))
<BR><BR>[Stack]<UL><LI>Max Depth = 376<LI>Call Chain = main &rArr; menuprocess &rArr; page0 &rArr; OLED_Showdecimal &rArr; OLED_ShowChar &rArr; OLED_Set_Pos &rArr; OLED_WR_CMD &rArr; HAL_I2C_Mem_Write &rArr; [local to stm32f1xx_hal_i2c_c]::I2C_RequestMemoryWrite(I2C_HandleTypeDef*, unsigned short, unsigned short, unsigned short, unsigned, unsigned) &rArr; [local to stm32f1xx_hal_i2c_c]::I2C_WaitOnFlagUntilTimeout(I2C_HandleTypeDef*, unsigned, FlagStatus, unsigned, unsigned)
</UL>
<BR>[Calls]<UL><LI><a href="#[112]">&gt;&gt;</a>&nbsp;&nbsp;&nbsp;menuprocess
<LI><a href="#[117]">&gt;&gt;</a>&nbsp;&nbsp;&nbsp;communciation::expandinit(expand*)
<LI><a href="#[118]">&gt;&gt;</a>&nbsp;&nbsp;&nbsp;communciation::expanddata(unsigned char*, action*, unsigned short*, unsigned short*, unsigned short*, unsigned short*)
<LI><a href="#[116]">&gt;&gt;</a>&nbsp;&nbsp;&nbsp;Dew_point_temperature(short, short)
<LI><a href="#[113]">&gt;&gt;</a>&nbsp;&nbsp;&nbsp;adc_data_processing(unsigned short*, unsigned char)
<LI><a href="#[110]">&gt;&gt;</a>&nbsp;&nbsp;&nbsp;errorprocessing(unsigned short, unsigned short*, unsigned char*)
<LI><a href="#[111]">&gt;&gt;</a>&nbsp;&nbsp;&nbsp;switch_control(unsigned char, unsigned char, unsigned char)
<LI><a href="#[10f]">&gt;&gt;</a>&nbsp;&nbsp;&nbsp;safefuntion(double, double, double, double, unsigned short*, unsigned short*)
<LI><a href="#[119]">&gt;&gt;</a>&nbsp;&nbsp;&nbsp;SHT30_reset
<LI><a href="#[11b]">&gt;&gt;</a>&nbsp;&nbsp;&nbsp;SHT30_Read_Dat
<LI><a href="#[11a]">&gt;&gt;</a>&nbsp;&nbsp;&nbsp;SHT30_Init
<LI><a href="#[11c]">&gt;&gt;</a>&nbsp;&nbsp;&nbsp;SHT30_Dat_To_Float
<LI><a href="#[109]">&gt;&gt;</a>&nbsp;&nbsp;&nbsp;OLED_Init
<LI><a href="#[10a]">&gt;&gt;</a>&nbsp;&nbsp;&nbsp;OLED_Clear
<LI><a href="#[105]">&gt;&gt;</a>&nbsp;&nbsp;&nbsp;MX_USART2_UART_Init
<LI><a href="#[104]">&gt;&gt;</a>&nbsp;&nbsp;&nbsp;MX_USART1_UART_Init
<LI><a href="#[108]">&gt;&gt;</a>&nbsp;&nbsp;&nbsp;MX_TIM3_Init
<LI><a href="#[106]">&gt;&gt;</a>&nbsp;&nbsp;&nbsp;MX_TIM2_Init
<LI><a href="#[107]">&gt;&gt;</a>&nbsp;&nbsp;&nbsp;MX_RTC_Init
<LI><a href="#[f1]">&gt;&gt;</a>&nbsp;&nbsp;&nbsp;HAL_UARTEx_ReceiveToIdle_DMA
<LI><a href="#[10b]">&gt;&gt;</a>&nbsp;&nbsp;&nbsp;HAL_TIM_Base_Start_IT
<LI><a href="#[103]">&gt;&gt;</a>&nbsp;&nbsp;&nbsp;HAL_Init
<LI><a href="#[10d]">&gt;&gt;</a>&nbsp;&nbsp;&nbsp;HAL_ADC_Start_DMA
<LI><a href="#[10c]">&gt;&gt;</a>&nbsp;&nbsp;&nbsp;HAL_ADCEx_Calibration_Start
<LI><a href="#[fe]">&gt;&gt;</a>&nbsp;&nbsp;&nbsp;SystemClock_Config()
<LI><a href="#[ee]">&gt;&gt;</a>&nbsp;&nbsp;&nbsp;ppm_processing(unsigned short, unsigned short*)
<LI><a href="#[e9]">&gt;&gt;</a>&nbsp;&nbsp;&nbsp;MX_I2C1_Init
<LI><a href="#[e7]">&gt;&gt;</a>&nbsp;&nbsp;&nbsp;MX_GPIO_Init
<LI><a href="#[e4]">&gt;&gt;</a>&nbsp;&nbsp;&nbsp;MX_DMA_Init
<LI><a href="#[d6]">&gt;&gt;</a>&nbsp;&nbsp;&nbsp;MX_ADC1_Init
<LI><a href="#[f4]">&gt;&gt;</a>&nbsp;&nbsp;&nbsp;HAL_Delay
<LI><a href="#[114]">&gt;&gt;</a>&nbsp;&nbsp;&nbsp;__aeabi_ui2f
<LI><a href="#[f3]">&gt;&gt;</a>&nbsp;&nbsp;&nbsp;__aeabi_i2f
<LI><a href="#[10e]">&gt;&gt;</a>&nbsp;&nbsp;&nbsp;__aeabi_f2uiz
<LI><a href="#[115]">&gt;&gt;</a>&nbsp;&nbsp;&nbsp;__aeabi_f2iz
</UL>
<BR>[Called By]<UL><LI><a href="#[cf]">&gt;&gt;</a>&nbsp;&nbsp;&nbsp;__rt_entry_main
</UL>

<P><STRONG><a name="[107]"></a>MX_RTC_Init</STRONG> (Thumb, 112 bytes, Stack size 16 bytes, rtc.o(.text))
<BR><BR>[Stack]<UL><LI>Max Depth = 80<LI>Call Chain = MX_RTC_Init &rArr; HAL_RTC_SetTime &rArr; [local to stm32f1xx_hal_rtc_c]::RTC_WriteTimeCounter(RTC_HandleTypeDef*, unsigned) &rArr; [local to stm32f1xx_hal_rtc_c]::RTC_EnterInitMode(RTC_HandleTypeDef*)
</UL>
<BR>[Calls]<UL><LI><a href="#[11e]">&gt;&gt;</a>&nbsp;&nbsp;&nbsp;HAL_RTC_SetTime
<LI><a href="#[11f]">&gt;&gt;</a>&nbsp;&nbsp;&nbsp;HAL_RTC_SetDate
<LI><a href="#[11d]">&gt;&gt;</a>&nbsp;&nbsp;&nbsp;HAL_RTC_Init
<LI><a href="#[d8]">&gt;&gt;</a>&nbsp;&nbsp;&nbsp;Error_Handler
</UL>
<BR>[Called By]<UL><LI><a href="#[d0]">&gt;&gt;</a>&nbsp;&nbsp;&nbsp;main
</UL>

<P><STRONG><a name="[120]"></a>HAL_RTC_MspInit</STRONG> (Thumb, 52 bytes, Stack size 16 bytes, rtc.o(.text))
<BR><BR>[Stack]<UL><LI>Max Depth = 16<LI>Call Chain = HAL_RTC_MspInit
</UL>
<BR>[Calls]<UL><LI><a href="#[121]">&gt;&gt;</a>&nbsp;&nbsp;&nbsp;HAL_PWR_EnableBkUpAccess
</UL>
<BR>[Called By]<UL><LI><a href="#[11d]">&gt;&gt;</a>&nbsp;&nbsp;&nbsp;HAL_RTC_Init
</UL>

<P><STRONG><a name="[1c1]"></a>HAL_RTC_MspDeInit</STRONG> (Thumb, 16 bytes, Stack size 0 bytes, rtc.o(.text), UNUSED)
<BR><BR>[Called By]<UL><LI><a href="#[1c0]">&gt;&gt;</a>&nbsp;&nbsp;&nbsp;HAL_RTC_DeInit
</UL>

<P><STRONG><a name="[154]"></a>HAL_MspInit</STRONG> (Thumb, 76 bytes, Stack size 8 bytes, stm32f1xx_hal_msp.o(.text))
<BR><BR>[Stack]<UL><LI>Max Depth = 8<LI>Call Chain = HAL_MspInit
</UL>
<BR>[Called By]<UL><LI><a href="#[103]">&gt;&gt;</a>&nbsp;&nbsp;&nbsp;HAL_Init
</UL>

<P><STRONG><a name="[20]"></a>NMI_Handler</STRONG> (Thumb, 4 bytes, Stack size 0 bytes, stm32f1xx_it.o(.text))
<BR>[Address Reference Count : 1]<UL><LI> startup_stm32f103xb.o(RESET)
</UL>
<P><STRONG><a name="[21]"></a>HardFault_Handler</STRONG> (Thumb, 4 bytes, Stack size 0 bytes, stm32f1xx_it.o(.text))
<BR>[Address Reference Count : 1]<UL><LI> startup_stm32f103xb.o(RESET)
</UL>
<P><STRONG><a name="[22]"></a>MemManage_Handler</STRONG> (Thumb, 4 bytes, Stack size 0 bytes, stm32f1xx_it.o(.text))
<BR>[Address Reference Count : 1]<UL><LI> startup_stm32f103xb.o(RESET)
</UL>
<P><STRONG><a name="[23]"></a>BusFault_Handler</STRONG> (Thumb, 4 bytes, Stack size 0 bytes, stm32f1xx_it.o(.text))
<BR>[Address Reference Count : 1]<UL><LI> startup_stm32f103xb.o(RESET)
</UL>
<P><STRONG><a name="[24]"></a>UsageFault_Handler</STRONG> (Thumb, 4 bytes, Stack size 0 bytes, stm32f1xx_it.o(.text))
<BR>[Address Reference Count : 1]<UL><LI> startup_stm32f103xb.o(RESET)
</UL>
<P><STRONG><a name="[25]"></a>SVC_Handler</STRONG> (Thumb, 2 bytes, Stack size 0 bytes, stm32f1xx_it.o(.text))
<BR>[Address Reference Count : 1]<UL><LI> startup_stm32f103xb.o(RESET)
</UL>
<P><STRONG><a name="[26]"></a>DebugMon_Handler</STRONG> (Thumb, 2 bytes, Stack size 0 bytes, stm32f1xx_it.o(.text))
<BR>[Address Reference Count : 1]<UL><LI> startup_stm32f103xb.o(RESET)
</UL>
<P><STRONG><a name="[27]"></a>PendSV_Handler</STRONG> (Thumb, 2 bytes, Stack size 0 bytes, stm32f1xx_it.o(.text))
<BR>[Address Reference Count : 1]<UL><LI> startup_stm32f103xb.o(RESET)
</UL>
<P><STRONG><a name="[28]"></a>SysTick_Handler</STRONG> (Thumb, 8 bytes, Stack size 8 bytes, stm32f1xx_it.o(.text))
<BR><BR>[Stack]<UL><LI>Max Depth = 8<LI>Call Chain = SysTick_Handler
</UL>
<BR>[Calls]<UL><LI><a href="#[122]">&gt;&gt;</a>&nbsp;&nbsp;&nbsp;HAL_IncTick
</UL>
<BR>[Address Reference Count : 1]<UL><LI> startup_stm32f103xb.o(RESET)
</UL>
<P><STRONG><a name="[32]"></a>EXTI3_IRQHandler</STRONG> (Thumb, 10 bytes, Stack size 8 bytes, stm32f1xx_it.o(.text))
<BR><BR>[Stack]<UL><LI>Max Depth = 24<LI>Call Chain = EXTI3_IRQHandler &rArr; HAL_GPIO_EXTI_IRQHandler &rArr; HAL_GPIO_EXTI_Callback
</UL>
<BR>[Calls]<UL><LI><a href="#[123]">&gt;&gt;</a>&nbsp;&nbsp;&nbsp;HAL_GPIO_EXTI_IRQHandler
</UL>
<BR>[Address Reference Count : 1]<UL><LI> startup_stm32f103xb.o(RESET)
</UL>
<P><STRONG><a name="[34]"></a>DMA1_Channel1_IRQHandler</STRONG> (Thumb, 10 bytes, Stack size 8 bytes, stm32f1xx_it.o(.text))
<BR><BR>[Stack]<UL><LI>Max Depth = 24<LI>Call Chain = DMA1_Channel1_IRQHandler &rArr; HAL_DMA_IRQHandler
</UL>
<BR>[Calls]<UL><LI><a href="#[124]">&gt;&gt;</a>&nbsp;&nbsp;&nbsp;HAL_DMA_IRQHandler
</UL>
<BR>[Address Reference Count : 1]<UL><LI> startup_stm32f103xb.o(RESET)
</UL>
<P><STRONG><a name="[36]"></a>DMA1_Channel3_IRQHandler</STRONG> (Thumb, 10 bytes, Stack size 8 bytes, stm32f1xx_it.o(.text))
<BR><BR>[Stack]<UL><LI>Max Depth = 24<LI>Call Chain = DMA1_Channel3_IRQHandler &rArr; HAL_DMA_IRQHandler
</UL>
<BR>[Calls]<UL><LI><a href="#[124]">&gt;&gt;</a>&nbsp;&nbsp;&nbsp;HAL_DMA_IRQHandler
</UL>
<BR>[Address Reference Count : 1]<UL><LI> startup_stm32f103xb.o(RESET)
</UL>
<P><STRONG><a name="[38]"></a>DMA1_Channel5_IRQHandler</STRONG> (Thumb, 10 bytes, Stack size 8 bytes, stm32f1xx_it.o(.text))
<BR><BR>[Stack]<UL><LI>Max Depth = 24<LI>Call Chain = DMA1_Channel5_IRQHandler &rArr; HAL_DMA_IRQHandler
</UL>
<BR>[Calls]<UL><LI><a href="#[124]">&gt;&gt;</a>&nbsp;&nbsp;&nbsp;HAL_DMA_IRQHandler
</UL>
<BR>[Address Reference Count : 1]<UL><LI> startup_stm32f103xb.o(RESET)
</UL>
<P><STRONG><a name="[40]"></a>EXTI9_5_IRQHandler</STRONG> (Thumb, 10 bytes, Stack size 8 bytes, stm32f1xx_it.o(.text))
<BR><BR>[Stack]<UL><LI>Max Depth = 24<LI>Call Chain = EXTI9_5_IRQHandler &rArr; HAL_GPIO_EXTI_IRQHandler &rArr; HAL_GPIO_EXTI_Callback
</UL>
<BR>[Calls]<UL><LI><a href="#[123]">&gt;&gt;</a>&nbsp;&nbsp;&nbsp;HAL_GPIO_EXTI_IRQHandler
</UL>
<BR>[Address Reference Count : 1]<UL><LI> startup_stm32f103xb.o(RESET)
</UL>
<P><STRONG><a name="[45]"></a>TIM2_IRQHandler</STRONG> (Thumb, 10 bytes, Stack size 8 bytes, stm32f1xx_it.o(.text))
<BR><BR>[Stack]<UL><LI>Max Depth = 32<LI>Call Chain = TIM2_IRQHandler &rArr; HAL_TIM_IRQHandler &rArr; HAL_TIM_PeriodElapsedCallback
</UL>
<BR>[Calls]<UL><LI><a href="#[125]">&gt;&gt;</a>&nbsp;&nbsp;&nbsp;HAL_TIM_IRQHandler
</UL>
<BR>[Address Reference Count : 1]<UL><LI> startup_stm32f103xb.o(RESET)
</UL>
<P><STRONG><a name="[46]"></a>TIM3_IRQHandler</STRONG> (Thumb, 10 bytes, Stack size 8 bytes, stm32f1xx_it.o(.text))
<BR><BR>[Stack]<UL><LI>Max Depth = 32<LI>Call Chain = TIM3_IRQHandler &rArr; HAL_TIM_IRQHandler &rArr; HAL_TIM_PeriodElapsedCallback
</UL>
<BR>[Calls]<UL><LI><a href="#[125]">&gt;&gt;</a>&nbsp;&nbsp;&nbsp;HAL_TIM_IRQHandler
</UL>
<BR>[Address Reference Count : 1]<UL><LI> startup_stm32f103xb.o(RESET)
</UL>
<P><STRONG><a name="[4e]"></a>USART1_IRQHandler</STRONG> (Thumb, 10 bytes, Stack size 8 bytes, stm32f1xx_it.o(.text))
<BR><BR>[Stack]<UL><LI>Max Depth = 296<LI>Call Chain = USART1_IRQHandler &rArr; HAL_UART_IRQHandler &rArr; [local to stm32f1xx_hal_uart_c]::UART_Receive_IT(__UART_HandleTypeDef*) &rArr; HAL_UARTEx_RxEventCallback &rArr; expanddata_C(unsigned char*, action*, unsigned short*, unsigned short*, unsigned short*, unsigned short*) &rArr; communciation::expanddata(unsigned char*, action*, unsigned short*, unsigned short*, unsigned short*, unsigned short*) &rArr; communciation::Receive_port(unsigned char*, action*, unsigned short*, unsigned short*, unsigned short*, unsigned short*) &rArr; communciation::dataprocessing(unsigned char*, action*, unsigned short*, unsigned short*, unsigned short*, unsigned short*) &rArr; communciation::Firstbyteprocess(unsigned char, action*)
</UL>
<BR>[Calls]<UL><LI><a href="#[126]">&gt;&gt;</a>&nbsp;&nbsp;&nbsp;HAL_UART_IRQHandler
</UL>
<BR>[Address Reference Count : 1]<UL><LI> startup_stm32f103xb.o(RESET)
</UL>
<P><STRONG><a name="[50]"></a>USART3_IRQHandler</STRONG> (Thumb, 10 bytes, Stack size 8 bytes, stm32f1xx_it.o(.text))
<BR><BR>[Stack]<UL><LI>Max Depth = 296<LI>Call Chain = USART3_IRQHandler &rArr; HAL_UART_IRQHandler &rArr; [local to stm32f1xx_hal_uart_c]::UART_Receive_IT(__UART_HandleTypeDef*) &rArr; HAL_UARTEx_RxEventCallback &rArr; expanddata_C(unsigned char*, action*, unsigned short*, unsigned short*, unsigned short*, unsigned short*) &rArr; communciation::expanddata(unsigned char*, action*, unsigned short*, unsigned short*, unsigned short*, unsigned short*) &rArr; communciation::Receive_port(unsigned char*, action*, unsigned short*, unsigned short*, unsigned short*, unsigned short*) &rArr; communciation::dataprocessing(unsigned char*, action*, unsigned short*, unsigned short*, unsigned short*, unsigned short*) &rArr; communciation::Firstbyteprocess(unsigned char, action*)
</UL>
<BR>[Calls]<UL><LI><a href="#[126]">&gt;&gt;</a>&nbsp;&nbsp;&nbsp;HAL_UART_IRQHandler
</UL>
<BR>[Address Reference Count : 1]<UL><LI> startup_stm32f103xb.o(RESET)
</UL>
<P><STRONG><a name="[106]"></a>MX_TIM2_Init</STRONG> (Thumb, 104 bytes, Stack size 32 bytes, tim.o(.text))
<BR><BR>[Stack]<UL><LI>Max Depth = 104<LI>Call Chain = MX_TIM2_Init &rArr; HAL_TIM_Base_Init &rArr; HAL_TIM_Base_MspInit &rArr; HAL_NVIC_SetPriority &rArr; [local to stm32f1xx_hal_cortex_c]::__NVIC_SetPriority(IRQn_Type, unsigned)
</UL>
<BR>[Calls]<UL><LI><a href="#[d8]">&gt;&gt;</a>&nbsp;&nbsp;&nbsp;Error_Handler
<LI><a href="#[128]">&gt;&gt;</a>&nbsp;&nbsp;&nbsp;HAL_TIM_ConfigClockSource
<LI><a href="#[127]">&gt;&gt;</a>&nbsp;&nbsp;&nbsp;HAL_TIM_Base_Init
<LI><a href="#[129]">&gt;&gt;</a>&nbsp;&nbsp;&nbsp;HAL_TIMEx_MasterConfigSynchronization
</UL>
<BR>[Called By]<UL><LI><a href="#[d0]">&gt;&gt;</a>&nbsp;&nbsp;&nbsp;main
</UL>

<P><STRONG><a name="[108]"></a>MX_TIM3_Init</STRONG> (Thumb, 102 bytes, Stack size 32 bytes, tim.o(.text))
<BR><BR>[Stack]<UL><LI>Max Depth = 104<LI>Call Chain = MX_TIM3_Init &rArr; HAL_TIM_Base_Init &rArr; HAL_TIM_Base_MspInit &rArr; HAL_NVIC_SetPriority &rArr; [local to stm32f1xx_hal_cortex_c]::__NVIC_SetPriority(IRQn_Type, unsigned)
</UL>
<BR>[Calls]<UL><LI><a href="#[d8]">&gt;&gt;</a>&nbsp;&nbsp;&nbsp;Error_Handler
<LI><a href="#[128]">&gt;&gt;</a>&nbsp;&nbsp;&nbsp;HAL_TIM_ConfigClockSource
<LI><a href="#[127]">&gt;&gt;</a>&nbsp;&nbsp;&nbsp;HAL_TIM_Base_Init
<LI><a href="#[129]">&gt;&gt;</a>&nbsp;&nbsp;&nbsp;HAL_TIMEx_MasterConfigSynchronization
</UL>
<BR>[Called By]<UL><LI><a href="#[d0]">&gt;&gt;</a>&nbsp;&nbsp;&nbsp;main
</UL>

<P><STRONG><a name="[12a]"></a>MX_TIM4_Init</STRONG> (Thumb, 100 bytes, Stack size 32 bytes, tim.o(.text), UNUSED)
<BR><BR>[Calls]<UL><LI><a href="#[d8]">&gt;&gt;</a>&nbsp;&nbsp;&nbsp;Error_Handler
<LI><a href="#[128]">&gt;&gt;</a>&nbsp;&nbsp;&nbsp;HAL_TIM_ConfigClockSource
<LI><a href="#[127]">&gt;&gt;</a>&nbsp;&nbsp;&nbsp;HAL_TIM_Base_Init
<LI><a href="#[129]">&gt;&gt;</a>&nbsp;&nbsp;&nbsp;HAL_TIMEx_MasterConfigSynchronization
</UL>

<P><STRONG><a name="[12b]"></a>HAL_TIM_Base_MspInit</STRONG> (Thumb, 150 bytes, Stack size 16 bytes, tim.o(.text))
<BR><BR>[Stack]<UL><LI>Max Depth = 64<LI>Call Chain = HAL_TIM_Base_MspInit &rArr; HAL_NVIC_SetPriority &rArr; [local to stm32f1xx_hal_cortex_c]::__NVIC_SetPriority(IRQn_Type, unsigned)
</UL>
<BR>[Calls]<UL><LI><a href="#[e5]">&gt;&gt;</a>&nbsp;&nbsp;&nbsp;HAL_NVIC_SetPriority
<LI><a href="#[e6]">&gt;&gt;</a>&nbsp;&nbsp;&nbsp;HAL_NVIC_EnableIRQ
</UL>
<BR>[Called By]<UL><LI><a href="#[127]">&gt;&gt;</a>&nbsp;&nbsp;&nbsp;HAL_TIM_Base_Init
</UL>

<P><STRONG><a name="[12c]"></a>HAL_TIM_Base_MspDeInit</STRONG> (Thumb, 82 bytes, Stack size 8 bytes, tim.o(.text), UNUSED)
<BR><BR>[Calls]<UL><LI><a href="#[12d]">&gt;&gt;</a>&nbsp;&nbsp;&nbsp;HAL_NVIC_DisableIRQ
</UL>
<BR>[Called By]<UL><LI><a href="#[1d5]">&gt;&gt;</a>&nbsp;&nbsp;&nbsp;HAL_TIM_Base_DeInit
</UL>

<P><STRONG><a name="[f9]"></a>HLW8032_Data_processing</STRONG> (Thumb, 436 bytes, Stack size 96 bytes, usart.o(.text))
<BR><BR>[Stack]<UL><LI>Max Depth = 128<LI>Call Chain = HLW8032_Data_processing &rArr; __aeabi_dmul
</UL>
<BR>[Calls]<UL><LI><a href="#[12f]">&gt;&gt;</a>&nbsp;&nbsp;&nbsp;__aeabi_dmul
<LI><a href="#[12e]">&gt;&gt;</a>&nbsp;&nbsp;&nbsp;__aeabi_ui2d
<LI><a href="#[f8]">&gt;&gt;</a>&nbsp;&nbsp;&nbsp;__aeabi_d2uiz
<LI><a href="#[130]">&gt;&gt;</a>&nbsp;&nbsp;&nbsp;__aeabi_ddiv
</UL>
<BR>[Called By]<UL><LI><a href="#[f7]">&gt;&gt;</a>&nbsp;&nbsp;&nbsp;HAL_UARTEx_RxEventCallback
</UL>

<P><STRONG><a name="[104]"></a>MX_USART1_UART_Init</STRONG> (Thumb, 46 bytes, Stack size 8 bytes, usart.o(.text))
<BR><BR>[Stack]<UL><LI>Max Depth = 96<LI>Call Chain = MX_USART1_UART_Init &rArr; HAL_UART_Init &rArr; HAL_UART_MspInit &rArr; HAL_NVIC_SetPriority &rArr; [local to stm32f1xx_hal_cortex_c]::__NVIC_SetPriority(IRQn_Type, unsigned)
</UL>
<BR>[Calls]<UL><LI><a href="#[d8]">&gt;&gt;</a>&nbsp;&nbsp;&nbsp;Error_Handler
<LI><a href="#[131]">&gt;&gt;</a>&nbsp;&nbsp;&nbsp;HAL_UART_Init
</UL>
<BR>[Called By]<UL><LI><a href="#[d0]">&gt;&gt;</a>&nbsp;&nbsp;&nbsp;main
</UL>

<P><STRONG><a name="[105]"></a>MX_USART2_UART_Init</STRONG> (Thumb, 46 bytes, Stack size 8 bytes, usart.o(.text))
<BR><BR>[Stack]<UL><LI>Max Depth = 96<LI>Call Chain = MX_USART2_UART_Init &rArr; HAL_UART_Init &rArr; HAL_UART_MspInit &rArr; HAL_NVIC_SetPriority &rArr; [local to stm32f1xx_hal_cortex_c]::__NVIC_SetPriority(IRQn_Type, unsigned)
</UL>
<BR>[Calls]<UL><LI><a href="#[d8]">&gt;&gt;</a>&nbsp;&nbsp;&nbsp;Error_Handler
<LI><a href="#[131]">&gt;&gt;</a>&nbsp;&nbsp;&nbsp;HAL_UART_Init
</UL>
<BR>[Called By]<UL><LI><a href="#[d0]">&gt;&gt;</a>&nbsp;&nbsp;&nbsp;main
</UL>

<P><STRONG><a name="[132]"></a>MX_USART3_UART_Init</STRONG> (Thumb, 46 bytes, Stack size 8 bytes, usart.o(.text))
[...]
<LI><a href="#[6b]">&gt;&gt;</a>&nbsp;&nbsp;&nbsp;[local to stm32f1xx_hal_uart_c]::UART_DMAError(__DMA_HandleTypeDef*)
</UL>

<P><STRONG><a name="[254]"></a>[local to stm32f1xx_hal_uart_c]::UART_EndTxTransfer(__UART_HandleTypeDef*)</STRONG> (Thumb, 38 bytes, Stack size 0 bytes, stm32f1xx_hal_uart.o(.text))
<BR><BR>[Called By]<UL><LI><a href="#[25d]">&gt;&gt;</a>&nbsp;&nbsp;&nbsp;HAL_UART_DMAStop
<LI><a href="#[6b]">&gt;&gt;</a>&nbsp;&nbsp;&nbsp;[local to stm32f1xx_hal_uart_c]::UART_DMAError(__DMA_HandleTypeDef*)
</UL>

<P><STRONG><a name="[6b]"></a>[local to stm32f1xx_hal_uart_c]::UART_DMAError(__DMA_HandleTypeDef*)</STRONG> (Thumb, 80 bytes, Stack size 16 bytes, stm32f1xx_hal_uart.o(.text))
<BR><BR>[Stack]<UL><LI>Max Depth = 116<LI>Call Chain = [local to stm32f1xx_hal_uart_c]::UART_DMAError(__DMA_HandleTypeDef*) &rArr; HAL_UART_ErrorCallback &rArr; HAL_UARTEx_ReceiveToIdle_DMA &rArr; UART_Start_Receive_DMA &rArr; HAL_DMA_Start_IT &rArr; [local to stm32f1xx_hal_dma_c]::DMA_SetConfig(__DMA_HandleTypeDef*, unsigned, unsigned, unsigned)
</UL>
<BR>[Calls]<UL><LI><a href="#[f0]">&gt;&gt;</a>&nbsp;&nbsp;&nbsp;HAL_UART_ErrorCallback
<LI><a href="#[254]">&gt;&gt;</a>&nbsp;&nbsp;&nbsp;[local to stm32f1xx_hal_uart_c]::UART_EndTxTransfer(__UART_HandleTypeDef*)
<LI><a href="#[255]">&gt;&gt;</a>&nbsp;&nbsp;&nbsp;[local to stm32f1xx_hal_uart_c]::UART_EndRxTransfer(__UART_HandleTypeDef*)
</UL>
<BR>[Address Reference Count : 1]<UL><LI> stm32f1xx_hal_uart.o(.text)
</UL>
<P><STRONG><a name="[6a]"></a>[local to stm32f1xx_hal_uart_c]::UART_DMATxHalfCplt(__DMA_HandleTypeDef*)</STRONG> (Thumb, 14 bytes, Stack size 16 bytes, stm32f1xx_hal_uart.o(.text))
<BR><BR>[Stack]<UL><LI>Max Depth = 16<LI>Call Chain = [local to stm32f1xx_hal_uart_c]::UART_DMATxHalfCplt(__DMA_HandleTypeDef*)
</UL>
<BR>[Calls]<UL><LI><a href="#[256]">&gt;&gt;</a>&nbsp;&nbsp;&nbsp;HAL_UART_TxHalfCpltCallback
</UL>
<BR>[Address Reference Count : 1]<UL><LI> stm32f1xx_hal_uart.o(.text)
</UL>
<P><STRONG><a name="[69]"></a>[local to stm32f1xx_hal_uart_c]::UART_DMATransmitCplt(__DMA_HandleTypeDef*)</STRONG> (Thumb, 88 bytes, Stack size 16 bytes, stm32f1xx_hal_uart.o(.text))
<BR><BR>[Stack]<UL><LI>Max Depth = 16<LI>Call Chain = [local to stm32f1xx_hal_uart_c]::UART_DMATransmitCplt(__DMA_HandleTypeDef*)
</UL>
<BR>[Calls]<UL><LI><a href="#[257]">&gt;&gt;</a>&nbsp;&nbsp;&nbsp;HAL_UART_TxCpltCallback
</UL>
<BR>[Address Reference Count : 1]<UL><LI> stm32f1xx_hal_uart.o(.text)
</UL>
<P><STRONG><a name="[6d]"></a>[local to stm32f1xx_hal_uart_c]::UART_DMARxHalfCplt(__DMA_HandleTypeDef*)</STRONG> (Thumb, 36 bytes, Stack size 16 bytes, stm32f1xx_hal_uart.o(.text))
<BR><BR>[Stack]<UL><LI>Max Depth = 240<LI>Call Chain = [local to stm32f1xx_hal_uart_c]::UART_DMARxHalfCplt(__DMA_HandleTypeDef*) &rArr; HAL_UARTEx_RxEventCallback &rArr; expanddata_C(unsigned char*, action*, unsigned short*, unsigned short*, unsigned short*, unsigned short*) &rArr; communciation::expanddata(unsigned char*, action*, unsigned short*, unsigned short*, unsigned short*, unsigned short*) &rArr; communciation::Receive_port(unsigned char*, action*, unsigned short*, unsigned short*, unsigned short*, unsigned short*) &rArr; communciation::dataprocessing(unsigned char*, action*, unsigned short*, unsigned short*, unsigned short*, unsigned short*) &rArr; communciation::Firstbyteprocess(unsigned char, action*)
</UL>
<BR>[Calls]<UL><LI><a href="#[f7]">&gt;&gt;</a>&nbsp;&nbsp;&nbsp;HAL_UARTEx_RxEventCallback
<LI><a href="#[259]">&gt;&gt;</a>&nbsp;&nbsp;&nbsp;HAL_UART_RxHalfCpltCallback
</UL>
<BR>[Address Reference Count : 1]<UL><LI> stm32f1xx_hal_uart.o(.text)
</UL>
<P><STRONG><a name="[6c]"></a>[local to stm32f1xx_hal_uart_c]::UART_DMAReceiveCplt(__DMA_HandleTypeDef*)</STRONG> (Thumb, 180 bytes, Stack size 16 bytes, stm32f1xx_hal_uart.o(.text))
<BR><BR>[Stack]<UL><LI>Max Depth = 240<LI>Call Chain = [local to stm32f1xx_hal_uart_c]::UART_DMAReceiveCplt(__DMA_HandleTypeDef*) &rArr; HAL_UARTEx_RxEventCallback &rArr; expanddata_C(unsigned char*, action*, unsigned short*, unsigned short*, unsigned short*, unsigned short*) &rArr; communciation::expanddata(unsigned char*, action*, unsigned short*, unsigned short*, unsigned short*, unsigned short*) &rArr; communciation::Receive_port(unsigned char*, action*, unsigned short*, unsigned short*, unsigned short*, unsigned short*) &rArr; communciation::dataprocessing(unsigned char*, action*, unsigned short*, unsigned short*, unsigned short*, unsigned short*) &rArr; communciation::Firstbyteprocess(unsigned char, action*)
</UL>
<BR>[Calls]<UL><LI><a href="#[f7]">&gt;&gt;</a>&nbsp;&nbsp;&nbsp;HAL_UARTEx_RxEventCallback
<LI><a href="#[25a]">&gt;&gt;</a>&nbsp;&nbsp;&nbsp;HAL_UART_RxCpltCallback
</UL>
<BR>[Address Reference Count : 1]<UL><LI> stm32f1xx_hal_uart.o(.text)
</UL>
<P><STRONG><a name="[6f]"></a>[local to stm32f1xx_hal_uart_c]::UART_DMARxAbortCallback(__DMA_HandleTypeDef*)</STRONG> (Thumb, 56 bytes, Stack size 16 bytes, stm32f1xx_hal_uart.o(.text))
<BR><BR>[Stack]<UL><LI>Max Depth = 16<LI>Call Chain = [local to stm32f1xx_hal_uart_c]::UART_DMARxAbortCallback(__DMA_HandleTypeDef*)
</UL>
<BR>[Calls]<UL><LI><a href="#[264]">&gt;&gt;</a>&nbsp;&nbsp;&nbsp;HAL_UART_AbortCpltCallback
</UL>
<BR>[Address Reference Count : 1]<UL><LI> stm32f1xx_hal_uart.o(.text)
</UL>
<P><STRONG><a name="[6e]"></a>[local to stm32f1xx_hal_uart_c]::UART_DMATxAbortCallback(__DMA_HandleTypeDef*)</STRONG> (Thumb, 56 bytes, Stack size 16 bytes, stm32f1xx_hal_uart.o(.text))
<BR><BR>[Stack]<UL><LI>Max Depth = 16<LI>Call Chain = [local to stm32f1xx_hal_uart_c]::UART_DMATxAbortCallback(__DMA_HandleTypeDef*)
</UL>
<BR>[Calls]<UL><LI><a href="#[264]">&gt;&gt;</a>&nbsp;&nbsp;&nbsp;HAL_UART_AbortCpltCallback
</UL>
<BR>[Address Reference Count : 1]<UL><LI> stm32f1xx_hal_uart.o(.text)
</UL>
<P><STRONG><a name="[70]"></a>[local to stm32f1xx_hal_uart_c]::UART_DMATxOnlyAbortCallback(__DMA_HandleTypeDef*)</STRONG> (Thumb, 24 bytes, Stack size 16 bytes, stm32f1xx_hal_uart.o(.text))
<BR><BR>[Stack]<UL><LI>Max Depth = 16<LI>Call Chain = [local to stm32f1xx_hal_uart_c]::UART_DMATxOnlyAbortCallback(__DMA_HandleTypeDef*)
</UL>
<BR>[Calls]<UL><LI><a href="#[266]">&gt;&gt;</a>&nbsp;&nbsp;&nbsp;HAL_UART_AbortTransmitCpltCallback
</UL>
<BR>[Address Reference Count : 1]<UL><LI> stm32f1xx_hal_uart.o(.text)
</UL>
<P><STRONG><a name="[71]"></a>[local to stm32f1xx_hal_uart_c]::UART_DMARxOnlyAbortCallback(__DMA_HandleTypeDef*)</STRONG> (Thumb, 28 bytes, Stack size 16 bytes, stm32f1xx_hal_uart.o(.text))
<BR><BR>[Stack]<UL><LI>Max Depth = 16<LI>Call Chain = [local to stm32f1xx_hal_uart_c]::UART_DMARxOnlyAbortCallback(__DMA_HandleTypeDef*)
</UL>
<BR>[Calls]<UL><LI><a href="#[268]">&gt;&gt;</a>&nbsp;&nbsp;&nbsp;HAL_UART_AbortReceiveCpltCallback
</UL>
<BR>[Address Reference Count : 1]<UL><LI> stm32f1xx_hal_uart.o(.text)
</UL>
<P><STRONG><a name="[26a]"></a>[local to stm32f1xx_hal_uart_c]::UART_EndTransmit_IT(__UART_HandleTypeDef*)</STRONG> (Thumb, 32 bytes, Stack size 8 bytes, stm32f1xx_hal_uart.o(.text))
<BR><BR>[Stack]<UL><LI>Max Depth = 8<LI>Call Chain = [local to stm32f1xx_hal_uart_c]::UART_EndTransmit_IT(__UART_HandleTypeDef*)
</UL>
<BR>[Calls]<UL><LI><a href="#[257]">&gt;&gt;</a>&nbsp;&nbsp;&nbsp;HAL_UART_TxCpltCallback
</UL>
<BR>[Called By]<UL><LI><a href="#[126]">&gt;&gt;</a>&nbsp;&nbsp;&nbsp;HAL_UART_IRQHandler
</UL>

<P><STRONG><a name="[26c]"></a>[local to stm32f1xx_hal_uart_c]::UART_Transmit_IT(__UART_HandleTypeDef*)</STRONG> (Thumb, 96 bytes, Stack size 0 bytes, stm32f1xx_hal_uart.o(.text))
<BR><BR>[Called By]<UL><LI><a href="#[126]">&gt;&gt;</a>&nbsp;&nbsp;&nbsp;HAL_UART_IRQHandler
</UL>

<P><STRONG><a name="[72]"></a>[local to stm32f1xx_hal_uart_c]::UART_DMAAbortOnError(__DMA_HandleTypeDef*)</STRONG> (Thumb, 20 bytes, Stack size 16 bytes, stm32f1xx_hal_uart.o(.text))
<BR><BR>[Stack]<UL><LI>Max Depth = 116<LI>Call Chain = [local to stm32f1xx_hal_uart_c]::UART_DMAAbortOnError(__DMA_HandleTypeDef*) &rArr; HAL_UART_ErrorCallback &rArr; HAL_UARTEx_ReceiveToIdle_DMA &rArr; UART_Start_Receive_DMA &rArr; HAL_DMA_Start_IT &rArr; [local to stm32f1xx_hal_dma_c]::DMA_SetConfig(__DMA_HandleTypeDef*, unsigned, unsigned, unsigned)
</UL>
<BR>[Calls]<UL><LI><a href="#[f0]">&gt;&gt;</a>&nbsp;&nbsp;&nbsp;HAL_UART_ErrorCallback
</UL>
<BR>[Address Reference Count : 1]<UL><LI> stm32f1xx_hal_uart.o(.text)
</UL>
<P><STRONG><a name="[26b]"></a>[local to stm32f1xx_hal_uart_c]::UART_Receive_IT(__UART_HandleTypeDef*)</STRONG> (Thumb, 268 bytes, Stack size 24 bytes, stm32f1xx_hal_uart.o(.text))
<BR><BR>[Stack]<UL><LI>Max Depth = 248<LI>Call Chain = [local to stm32f1xx_hal_uart_c]::UART_Receive_IT(__UART_HandleTypeDef*) &rArr; HAL_UARTEx_RxEventCallback &rArr; expanddata_C(unsigned char*, action*, unsigned short*, unsigned short*, unsigned short*, unsigned short*) &rArr; communciation::expanddata(unsigned char*, action*, unsigned short*, unsigned short*, unsigned short*, unsigned short*) &rArr; communciation::Receive_port(unsigned char*, action*, unsigned short*, unsigned short*, unsigned short*, unsigned short*) &rArr; communciation::dataprocessing(unsigned char*, action*, unsigned short*, unsigned short*, unsigned short*, unsigned short*) &rArr; communciation::Firstbyteprocess(unsigned char, action*)
</UL>
<BR>[Calls]<UL><LI><a href="#[f7]">&gt;&gt;</a>&nbsp;&nbsp;&nbsp;HAL_UARTEx_RxEventCallback
<LI><a href="#[25a]">&gt;&gt;</a>&nbsp;&nbsp;&nbsp;HAL_UART_RxCpltCallback
</UL>
<BR>[Called By]<UL><LI><a href="#[126]">&gt;&gt;</a>&nbsp;&nbsp;&nbsp;HAL_UART_IRQHandler
</UL>

<P><STRONG><a name="[2a0]"></a>[local to SHT3x_c]::SHT30_Send_Cmd(SHT30_CMD)</STRONG> (Thumb, 36 bytes, Stack size 16 bytes, sht3x.o(.text))
<BR><BR>[Stack]<UL><LI>Max Depth = 104<LI>Call Chain = [local to SHT3x_c]::SHT30_Send_Cmd(SHT30_CMD) &rArr; HAL_I2C_Master_Transmit &rArr; [local to stm32f1xx_hal_i2c_c]::I2C_MasterRequestWrite(I2C_HandleTypeDef*, unsigned short, unsigned, unsigned) &rArr; [local to stm32f1xx_hal_i2c_c]::I2C_WaitOnFlagUntilTimeout(I2C_HandleTypeDef*, unsigned, FlagStatus, unsigned, unsigned)
</UL>
<BR>[Calls]<UL><LI><a href="#[186]">&gt;&gt;</a>&nbsp;&nbsp;&nbsp;HAL_I2C_Master_Transmit
</UL>
<BR>[Called By]<UL><LI><a href="#[119]">&gt;&gt;</a>&nbsp;&nbsp;&nbsp;SHT30_reset
<LI><a href="#[11b]">&gt;&gt;</a>&nbsp;&nbsp;&nbsp;SHT30_Read_Dat
<LI><a href="#[11a]">&gt;&gt;</a>&nbsp;&nbsp;&nbsp;SHT30_Init
</UL>

<P><STRONG><a name="[2a4]"></a>[local to retarget_io_c]::stderr_putchar(int)</STRONG> (Thumb, 12 bytes, Stack size 4 bytes, retarget_io.o(.text))
<BR><BR>[Stack]<UL><LI>Max Depth = 4<LI>Call Chain = [local to retarget_io_c]::stderr_putchar(int)
</UL>
<BR>[Calls]<UL><LI><a href="#[2a5]">&gt;&gt;</a>&nbsp;&nbsp;&nbsp;ITM_SendChar(int)
</UL>
<BR>[Called By]<UL><LI><a href="#[2a8]">&gt;&gt;</a>&nbsp;&nbsp;&nbsp;_sys_write
</UL>

<P><STRONG><a name="[381]"></a>_dadd1</STRONG> (Thumb, 0 bytes, Stack size unknown bytes, daddsub_clz.o(x$fpl$dadd), UNUSED)
<BR><BR>[Called By]<UL><LI><a href="#[380]">&gt;&gt;</a>&nbsp;&nbsp;&nbsp;_dsub
</UL>

<P><STRONG><a name="[374]"></a>_dsub1</STRONG> (Thumb, 0 bytes, Stack size unknown bytes, daddsub_clz.o(x$fpl$dsub), UNUSED)
<BR><BR>[Called By]<UL><LI><a href="#[373]">&gt;&gt;</a>&nbsp;&nbsp;&nbsp;_dadd
</UL>

<P><STRONG><a name="[38f]"></a>_fadd1</STRONG> (Thumb, 0 bytes, Stack size unknown bytes, faddsub_clz.o(x$fpl$fadd), UNUSED)
<BR><BR>[Called By]<UL><LI><a href="#[390]">&gt;&gt;</a>&nbsp;&nbsp;&nbsp;_fsub
<LI><a href="#[38e]">&gt;&gt;</a>&nbsp;&nbsp;&nbsp;_frsb
</UL>

<P><STRONG><a name="[383]"></a>_fsub1</STRONG> (Thumb, 0 bytes, Stack size unknown bytes, faddsub_clz.o(x$fpl$fsub), UNUSED)
<BR><BR>[Called By]<UL><LI><a href="#[38e]">&gt;&gt;</a>&nbsp;&nbsp;&nbsp;_frsb
<LI><a href="#[382]">&gt;&gt;</a>&nbsp;&nbsp;&nbsp;_fadd
</UL>

<P><STRONG><a name="[328]"></a>[local to rwstdexcept_cpp]::__rw::__rw_vfmatstr(char*, unsigned, const char*, std::__va_list)</STRONG> (Thumb, 88 bytes, Stack size 24 bytes, rwstdexcept.o(i._ZN37_INTERNAL_15_rwstdexcept_cpp_8697b68a4__rw13__rw_vfmatstrEPcjPKcSt9__va_list))
<BR><BR>[Stack]<UL><LI>Max Depth = 152 + Unknown Stack Size
<LI>Call Chain = [local to rwstdexcept_cpp]::__rw::__rw_vfmatstr(char*, unsigned, const char*, std::__va_list) &rArr; vsnprintf &rArr; _printf_char_common &rArr; __printf
</UL>
<BR>[Calls]<UL><LI><a href="#[2b6]">&gt;&gt;</a>&nbsp;&nbsp;&nbsp;vsnprintf
<LI><a href="#[329]">&gt;&gt;</a>&nbsp;&nbsp;&nbsp;operator new[] (unsigned)
<LI><a href="#[81]">&gt;&gt;</a>&nbsp;&nbsp;&nbsp;operator delete[] (void*)
</UL>
<BR>[Called By]<UL><LI><a href="#[331]">&gt;&gt;</a>&nbsp;&nbsp;&nbsp;std::__rw_exception::_C_vformat(int, std::__va_list)
<LI><a href="#[32a]">&gt;&gt;</a>&nbsp;&nbsp;&nbsp;[local to rwstdexcept_cpp]::__rw::__rw_vfmatstr(char*, unsigned, int, std::__va_list)
</UL>

<P><STRONG><a name="[32a]"></a>[local to rwstdexcept_cpp]::__rw::__rw_vfmatstr(char*, unsigned, int, std::__va_list)</STRONG> (Thumb, 296 bytes, Stack size 88 bytes, rwstdexcept.o(i._ZN37_INTERNAL_15_rwstdexcept_cpp_8697b68a4__rw13__rw_vfmatstrEPcjiSt9__va_list))
<BR><BR>[Stack]<UL><LI>Max Depth = 596 + Unknown Stack Size
<LI>Call Chain = [local to rwstdexcept_cpp]::__rw::__rw_vfmatstr(char*, unsigned, int, std::__va_list) &rArr; sscanf &rArr; __vfscanf_char &rArr; __vfscanf &rArr; _scanf_real &rArr; _scanf_really_real &rArr; _fp_value &rArr; _btod_etento &rArr; _btod_emul &rArr; _e2e
</UL>
<BR>[Calls]<UL><LI><a href="#[32b]">&gt;&gt;</a>&nbsp;&nbsp;&nbsp;strrchr
<LI><a href="#[2b9]">&gt;&gt;</a>&nbsp;&nbsp;&nbsp;sscanf
<LI><a href="#[32e]">&gt;&gt;</a>&nbsp;&nbsp;&nbsp;std::locale::locale()
<LI><a href="#[328]">&gt;&gt;</a>&nbsp;&nbsp;&nbsp;[local to rwstdexcept_cpp]::__rw::__rw_vfmatstr(char*, unsigned, const char*, std::__va_list)
<LI><a href="#[32c]">&gt;&gt;</a>&nbsp;&nbsp;&nbsp;std::basic_string&lang;char, std::char_traits&lang;char&rang;, std::allocator&lang;char&rang;&rang;::basic_string(const char*, const std::allocator&lang;char&rang;&)
<LI><a href="#[7e]">&gt;&gt;</a>&nbsp;&nbsp;&nbsp;std::locale::~locale()
<LI><a href="#[7c]">&gt;&gt;</a>&nbsp;&nbsp;&nbsp;std::basic_string&lang;char, std::char_traits&lang;char&rang;, std::allocator&lang;char&rang;&rang;::~basic_string()
<LI><a href="#[32d]">&gt;&gt;</a>&nbsp;&nbsp;&nbsp;std::basic_string&lang;char, std::char_traits&lang;char&rang;, std::allocator&lang;char&rang;&rang;::basic_string(const std::basic_string&lang;char, std::char_traits&lang;char&rang;, std::allocator&lang;char&rang;&rang;&)
</UL>
<BR>[Called By]<UL><LI><a href="#[331]">&gt;&gt;</a>&nbsp;&nbsp;&nbsp;std::__rw_exception::_C_vformat(int, std::__va_list)
</UL>

<P><STRONG><a name="[93]"></a>__sti___8_char_cpp_a3dc957a</STRONG> (Thumb, 12 bytes, Stack size 0 bytes, char.o(i.__sti___8_char_cpp_a3dc957a))
<BR>[Address Reference Count : 1]<UL><LI> char.o(.init_array)
</UL>
<P><STRONG><a name="[7d]"></a>&lang;Func5&rang;</STRONG> (Thumb, 20 bytes, Stack size 16 bytes, locale.o(i.<Func5>))
<BR><BR>[Stack]<UL><LI>Max Depth = 24<LI>Call Chain = &lang;Func5&rang; &rArr; std::basic_string&lang;char, std::char_traits&lang;char&rang;, std::allocator&lang;char&rang;&rang;::basic_string(const std::allocator&lang;char&rang;&)
</UL>
<BR>[Calls]<UL><LI><a href="#[322]">&gt;&gt;</a>&nbsp;&nbsp;&nbsp;std::basic_string&lang;char, std::char_traits&lang;char&rang;, std::allocator&lang;char&rang;&rang;::basic_string(const std::allocator&lang;char&rang;&)
</UL>
<BR>[Address Reference Count : 1]<UL><LI> locale.o(i._ZN4__rw15__rw_locale_impC1EPKcjj)
</UL>
<P><STRONG><a name="[94]"></a>__sti___10_locale_cpp_ff99fc7b</STRONG> (Thumb, 12 bytes, Stack size 0 bytes, locale.o(i.__sti___10_locale_cpp_ff99fc7b))
<BR>[Address Reference Count : 1]<UL><LI> locale.o(.init_array)
</UL>
<P><STRONG><a name="[76]"></a>[local to arm_exceptions_c]::__default_terminate_handler()</STRONG> (Thumb, 6 bytes, Stack size 8 bytes, arm_exceptions_globs.o(.text))
<BR><BR>[Stack]<UL><LI>Max Depth = 56 + Unknown Stack Size
<LI>Call Chain = [local to arm_exceptions_c]::__default_terminate_handler() &rArr; abort &rArr; __rt_SIGABRT &rArr; __rt_SIGABRT_inner &rArr; __default_signal_display &rArr; _ttywrch
</UL>
<BR>[Calls]<UL><LI><a href="#[2bb]">&gt;&gt;</a>&nbsp;&nbsp;&nbsp;abort
</UL>
<BR>[Address Reference Count : 1]<UL><LI> arm_exceptions_globs.o(.text)
</UL>
<P><STRONG><a name="[78]"></a>_printf_input_char</STRONG> (Thumb, 10 bytes, Stack size 0 bytes, _printf_char_common.o(.text))
<BR>[Address Reference Count : 1]<UL><LI> _printf_char_common.o(.text)
</UL>
<P><STRONG><a name="[7a]"></a>_scanf_char_input</STRONG> (Thumb, 12 bytes, Stack size 0 bytes, scanf_char.o(.text))
<BR>[Address Reference Count : 1]<UL><LI> scanf_char.o(.text)
</UL>
<P><STRONG><a name="[95]"></a>__sti___10_rwcats_cpp_64e8068e</STRONG> (Thumb, 42 bytes, Stack size 16 bytes, rwcats.o(i.__sti___10_rwcats_cpp_64e8068e))
<BR><BR>[Stack]<UL><LI>Max Depth = 88<LI>Call Chain = __sti___10_rwcats_cpp_64e8068e &rArr; __aeabi_atexit &rArr; malloc &rArr; __Heap_Full &rArr; __Heap_ProvideMemory &rArr; free
</UL>
<BR>[Calls]<UL><LI><a href="#[2ea]">&gt;&gt;</a>&nbsp;&nbsp;&nbsp;__aeabi_atexit
<LI><a href="#[329]">&gt;&gt;</a>&nbsp;&nbsp;&nbsp;operator new[] (unsigned)
</UL>
<BR>[Address Reference Count : 1]<UL><LI> rwcats.o(.init_array)
</UL>
<P><STRONG><a name="[2ef]"></a>_fp_digits</STRONG> (Thumb, 432 bytes, Stack size 96 bytes, _printf_fp_dec.o(.text))
<BR><BR>[Stack]<UL><LI>Max Depth = 220<LI>Call Chain = _fp_digits &rArr; _btod_etento &rArr; _btod_emul &rArr; _e2e
</UL>
<BR>[Calls]<UL><LI><a href="#[2f3]">&gt;&gt;</a>&nbsp;&nbsp;&nbsp;_btod_emul
<LI><a href="#[2f2]">&gt;&gt;</a>&nbsp;&nbsp;&nbsp;_btod_ediv
<LI><a href="#[2f1]">&gt;&gt;</a>&nbsp;&nbsp;&nbsp;_btod_d2e
<LI><a href="#[2f0]">&gt;&gt;</a>&nbsp;&nbsp;&nbsp;_btod_etento
<LI><a href="#[2d5]">&gt;&gt;</a>&nbsp;&nbsp;&nbsp;_ll_udiv10
</UL>
<BR>[Called By]<UL><LI><a href="#[2f4]">&gt;&gt;</a>&nbsp;&nbsp;&nbsp;_printf_fp_dec_real
</UL>

<P><STRONG><a name="[2fc]"></a>_fp_value</STRONG> (Thumb, 588 bytes, Stack size 96 bytes, scanf_fp.o(.text))
<BR><BR>[Stack]<UL><LI>Max Depth = 220<LI>Call Chain = _fp_value &rArr; _btod_etento &rArr; _btod_emul &rArr; _e2e
</UL>
<BR>[Calls]<UL><LI><a href="#[2fe]">&gt;&gt;</a>&nbsp;&nbsp;&nbsp;_btod_emuld
<LI><a href="#[2ff]">&gt;&gt;</a>&nbsp;&nbsp;&nbsp;_btod_edivd
<LI><a href="#[2f0]">&gt;&gt;</a>&nbsp;&nbsp;&nbsp;_btod_etento
<LI><a href="#[2fd]">&gt;&gt;</a>&nbsp;&nbsp;&nbsp;__aeabi_errno_addr
<LI><a href="#[19]">&gt;&gt;</a>&nbsp;&nbsp;&nbsp;__ieee_status
</UL>
<BR>[Called By]<UL><LI><a href="#[300]">&gt;&gt;</a>&nbsp;&nbsp;&nbsp;_scanf_really_real
</UL>

<P><STRONG><a name="[308]"></a>_locale_name</STRONG> (Thumb, 154 bytes, Stack size 16 bytes, locale_r.o(.text))
<BR><BR>[Stack]<UL><LI>Max Depth = 16<LI>Call Chain = _locale_name
</UL>
<BR>[Calls]<UL><LI><a href="#[c0]">&gt;&gt;</a>&nbsp;&nbsp;&nbsp;__rt_locale
</UL>
<BR>[Called By]<UL><LI><a href="#[2e8]">&gt;&gt;</a>&nbsp;&nbsp;&nbsp;_setlocale_r
<LI><a href="#[309]">&gt;&gt;</a>&nbsp;&nbsp;&nbsp;_set_locale_byname
<LI><a href="#[30a]">&gt;&gt;</a>&nbsp;&nbsp;&nbsp;_set_locale_mixed
</UL>

<P><STRONG><a name="[30a]"></a>_set_locale_mixed</STRONG> (Thumb, 98 bytes, Stack size 24 bytes, locale_r.o(.text), UNUSED)
<BR><BR>[Calls]<UL><LI><a href="#[308]">&gt;&gt;</a>&nbsp;&nbsp;&nbsp;_locale_name
<LI><a href="#[c0]">&gt;&gt;</a>&nbsp;&nbsp;&nbsp;__rt_locale
</UL>

<P><STRONG><a name="[309]"></a>_set_locale_byname</STRONG> (Thumb, 152 bytes, Stack size 24 bytes, locale_r.o(.text))
<BR><BR>[Stack]<UL><LI>Max Depth = 40<LI>Call Chain = _set_locale_byname &rArr; _locale_name
</UL>
<BR>[Calls]<UL><LI><a href="#[c3]">&gt;&gt;</a>&nbsp;&nbsp;&nbsp;_get_lc_numeric
<LI><a href="#[77]">&gt;&gt;</a>&nbsp;&nbsp;&nbsp;_get_lc_ctype
<LI><a href="#[308]">&gt;&gt;</a>&nbsp;&nbsp;&nbsp;_locale_name
<LI><a href="#[c0]">&gt;&gt;</a>&nbsp;&nbsp;&nbsp;__rt_locale
</UL>
<BR>[Called By]<UL><LI><a href="#[2e8]">&gt;&gt;</a>&nbsp;&nbsp;&nbsp;_setlocale_r
</UL>
<P>
<H3>
Undefined Global Symbols
</H3><HR></body></html>
