Component: ARM Compiler 5.06 update 6 (build 750) Tool: armlink [4d35ed]

==============================================================================

Section Cross References

    startup_stm32f103xb.o(STACK) refers (Special) to heapauxi.o(.text) for __use_two_region_memory
    startup_stm32f103xb.o(HEAP) refers (Special) to heapauxi.o(.text) for __use_two_region_memory
    startup_stm32f103xb.o(RESET) refers (Special) to heapauxi.o(.text) for __use_two_region_memory
    startup_stm32f103xb.o(RESET) refers to startup_stm32f103xb.o(STACK) for __initial_sp
    startup_stm32f103xb.o(RESET) refers to startup_stm32f103xb.o(.text) for Reset_Handler
    startup_stm32f103xb.o(RESET) refers to stm32f1xx_it.o(.text) for NMI_Handler
    startup_stm32f103xb.o(.text) refers (Special) to heapauxi.o(.text) for __use_two_region_memory
    startup_stm32f103xb.o(.text) refers to system_stm32f1xx_1.o(.text) for SystemInit
    startup_stm32f103xb.o(.text) refers to __main.o(!!!main) for __main
    startup_stm32f103xb.o(.text) refers to startup_stm32f103xb.o(HEAP) for Heap_Mem
    startup_stm32f103xb.o(.text) refers to startup_stm32f103xb.o(STACK) for Stack_Mem
    oled.o(.text) refers to stm32f1xx_hal_i2c.o(.text) for HAL_I2C_Mem_Write
    oled.o(.text) refers to main.o(.text) for HAL_Delay
    oled.o(.text) refers to ffix.o(x$fpl$ffix) for __aeabi_f2iz
    oled.o(.text) refers to fflt_clz.o(x$fpl$ffltu) for __aeabi_ui2f
    oled.o(.text) refers to fflt_clz.o(x$fpl$fflt) for __aeabi_i2f
    oled.o(.text) refers to faddsub_clz.o(x$fpl$frsb) for __aeabi_frsub
    oled.o(.text) refers to fmul.o(x$fpl$fmul) for __aeabi_fmul
    oled.o(.text) refers to i2c.o(.bss) for hi2c1
    oled.o(.text) refers to oled.o(.data) for .data
    oled.o(.text) refers to oledfont.o(.constdata) for F6x8
    oled.o(.text) refers to oledfont.o(.constdata) for F8X16
    oled.o(.text) refers to oledfont.o(.constdata) for Hzk
    oled.o(.ARM.exidx) refers to oled.o(.text) for .text
    main.o(.text) refers to tim.o(.text) for MX_TIM4_Init
    main.o(.text) refers to stm32f1xx_hal_uart.o(.text) for HAL_UARTEx_ReceiveToIdle_DMA
    main.o(.text) refers to fflt_clz.o(x$fpl$ffltu) for __aeabi_ui2f
    main.o(.text) refers to stm32f1xx_hal_gpio.o(.text) for HAL_GPIO_WritePin
    main.o(.text) refers to dfixu.o(x$fpl$dfixu) for __aeabi_d2uiz
    main.o(.text) refers to usart.o(.text) for HLW8032_Data_processing
    main.o(.text) refers to rt_memclr.o(.text) for __aeabi_memclr
    main.o(.text) refers to rt_memclr_w.o(.text) for __aeabi_memclr4
    main.o(.text) refers to stm32f1xx_hal_rcc.o(.text) for HAL_RCC_OscConfig
    main.o(.text) refers to stm32f1xx_hal_rcc_ex.o(.text) for HAL_RCCEx_PeriphCLKConfig
    main.o(.text) refers to stm32f1xx_hal.o(.text) for HAL_Init
    main.o(.text) refers to gpio.o(.text) for MX_GPIO_Init
    main.o(.text) refers to dma.o(.text) for MX_DMA_Init
    main.o(.text) refers to rtc.o(.text) for MX_RTC_Init
    main.o(.text) refers to i2c.o(.text) for MX_I2C1_Init
    main.o(.text) refers to adc.o(.text) for MX_ADC1_Init
    main.o(.text) refers to oled.o(.text) for OLED_Init()
    main.o(.text) refers to stm32f1xx_hal_tim.o(.text) for HAL_TIM_Base_Start_IT
    main.o(.text) refers to stm32f1xx_hal_adc_ex.o(.text) for HAL_ADCEx_Calibration_Start
    main.o(.text) refers to stm32f1xx_hal_adc.o(.text) for HAL_ADC_Start_DMA
    main.o(.text) refers to dflt_clz.o(x$fpl$dfltu) for __aeabi_ui2d
    main.o(.text) refers to dleqf.o(x$fpl$dleqf) for __aeabi_cdcmple
    main.o(.text) refers to daddsub_clz.o(x$fpl$dsub) for __aeabi_dsub
    main.o(.text) refers to drleqf.o(x$fpl$drleqf) for __aeabi_cdrcmple
    main.o(.text) refers to tim.o(.bss) for htim4
    main.o(.text) refers to main.o(.data) for .data
    main.o(.text) refers to main.o(.bss) for .bss
    main.o(.text) refers to usart.o(.bss) for huart1
    main.o(.text) refers to adc.o(.bss) for hadc1
    main.o(.text) refers to menu.o(.text) for menuprocess()
    main.o(.text) refers to dflt_clz.o(x$fpl$dflt) for __aeabi_i2d
    main.o(.text) refers to ddiv.o(x$fpl$ddiv) for __aeabi_ddiv
    main.o(.text) refers to daddsub_clz.o(x$fpl$dadd) for __aeabi_dadd
    main.o(.text) refers to d2f.o(x$fpl$d2f) for __aeabi_d2f
    main.o(.ARM.exidx) refers to main.o(.text) for .text
    gpio.o(.text) refers to stm32f1xx_hal_gpio.o(.text) for HAL_GPIO_WritePin
    gpio.o(.text) refers to stm32f1xx_hal_cortex.o(.text) for HAL_NVIC_SetPriority
    gpio.o(.ARM.exidx) refers to gpio.o(.text) for .text
    adc.o(.text) refers to stm32f1xx_hal_adc.o(.text) for HAL_ADC_Init
    adc.o(.text) refers to main.o(.text) for Error_Handler
    adc.o(.text) refers to stm32f1xx_hal_gpio.o(.text) for HAL_GPIO_Init
    adc.o(.text) refers to stm32f1xx_hal_dma.o(.text) for HAL_DMA_Init
    adc.o(.text) refers to adc.o(.bss) for .bss
    adc.o(.ARM.exidx) refers to adc.o(.text) for .text
    dma.o(.text) refers to stm32f1xx_hal_cortex.o(.text) for HAL_NVIC_SetPriority
[...]
    _get_lc_monetary                          - Undefined Weak Reference
    _get_lc_numeric                           - Undefined Weak Reference
    _get_lc_time                              - Undefined Weak Reference
    _getenv_init                              - Undefined Weak Reference
    _handle_redirection                       - Undefined Weak Reference
    _init_alloc                               - Undefined Weak Reference
    _init_user_alloc                          - Undefined Weak Reference
    _initio                                   - Undefined Weak Reference
    _rand_init                                - Undefined Weak Reference
    _signal_finish                            - Undefined Weak Reference
    _signal_init                              - Undefined Weak Reference
    _terminate_alloc                          - Undefined Weak Reference
    _terminate_user_alloc                     - Undefined Weak Reference
    _terminateio                              - Undefined Weak Reference
    __Vectors_Size                           0x000000ec   Number         0  startup_stm32f103xb.o ABSOLUTE
    __Vectors                                0x08000000   Data           4  startup_stm32f103xb.o(RESET)
    __Vectors_End                            0x080000ec   Data           0  startup_stm32f103xb.o(RESET)
    __main                                   0x080000ed   Thumb Code     8  __main.o(!!!main)
    __scatterload                            0x080000f5   Thumb Code     0  __scatter.o(!!!scatter)
    __scatterload_rt2                        0x080000f5   Thumb Code    44  __scatter.o(!!!scatter)
    __scatterload_rt2_thumb_only             0x080000f5   Thumb Code     0  __scatter.o(!!!scatter)
    __scatterload_null                       0x08000103   Thumb Code     0  __scatter.o(!!!scatter)
    __decompress                             0x08000129   Thumb Code    90  __dczerorl2.o(!!dczerorl2)
    __decompress1                            0x08000129   Thumb Code     0  __dczerorl2.o(!!dczerorl2)
    __scatterload_zeroinit                   0x08000185   Thumb Code    28  __scatter_zi.o(!!handler_zi)
    __rt_lib_init                            0x080001a1   Thumb Code     0  libinit.o(.ARM.Collect$$libinit$$00000000)
    __rt_lib_init_alloca_1                   0x080001a3   Thumb Code     0  libinit2.o(.ARM.Collect$$libinit$$0000002E)
    __rt_lib_init_argv_1                     0x080001a3   Thumb Code     0  libinit2.o(.ARM.Collect$$libinit$$0000002C)
    __rt_lib_init_atexit_1                   0x080001a3   Thumb Code     0  libinit2.o(.ARM.Collect$$libinit$$0000001B)
    __rt_lib_init_clock_1                    0x080001a3   Thumb Code     0  libinit2.o(.ARM.Collect$$libinit$$00000021)
    __rt_lib_init_cpp_1                      0x080001a3   Thumb Code     0  libinit2.o(.ARM.Collect$$libinit$$00000032)
    __rt_lib_init_exceptions_1               0x080001a3   Thumb Code     0  libinit2.o(.ARM.Collect$$libinit$$00000030)
    __rt_lib_init_fp_1                       0x080001a3   Thumb Code     0  libinit2.o(.ARM.Collect$$libinit$$00000002)
    __rt_lib_init_fp_trap_1                  0x080001a3   Thumb Code     0  libinit2.o(.ARM.Collect$$libinit$$0000001F)
    __rt_lib_init_getenv_1                   0x080001a3   Thumb Code     0  libinit2.o(.ARM.Collect$$libinit$$00000023)
    __rt_lib_init_heap_1                     0x080001a3   Thumb Code     0  libinit2.o(.ARM.Collect$$libinit$$0000000A)
    __rt_lib_init_lc_collate_1               0x080001a3   Thumb Code     0  libinit2.o(.ARM.Collect$$libinit$$00000011)
    __rt_lib_init_lc_ctype_1                 0x080001a3   Thumb Code     0  libinit2.o(.ARM.Collect$$libinit$$00000013)
    __rt_lib_init_lc_monetary_1              0x080001a3   Thumb Code     0  libinit2.o(.ARM.Collect$$libinit$$00000015)
    __rt_lib_init_lc_numeric_1               0x080001a3   Thumb Code     0  libinit2.o(.ARM.Collect$$libinit$$00000017)
    __rt_lib_init_lc_time_1                  0x080001a3   Thumb Code     0  libinit2.o(.ARM.Collect$$libinit$$00000019)
    __rt_lib_init_preinit_1                  0x080001a3   Thumb Code     0  libinit2.o(.ARM.Collect$$libinit$$00000004)
    __rt_lib_init_rand_1                     0x080001a3   Thumb Code     0  libinit2.o(.ARM.Collect$$libinit$$0000000E)
    __rt_lib_init_return                     0x080001a3   Thumb Code     0  libinit2.o(.ARM.Collect$$libinit$$00000033)
    __rt_lib_init_signal_1                   0x080001a3   Thumb Code     0  libinit2.o(.ARM.Collect$$libinit$$0000001D)
    __rt_lib_init_stdio_1                    0x080001a3   Thumb Code     0  libinit2.o(.ARM.Collect$$libinit$$00000025)
    __rt_lib_init_user_alloc_1               0x080001a3   Thumb Code     0  libinit2.o(.ARM.Collect$$libinit$$0000000C)
    __rt_lib_shutdown                        0x080001a5   Thumb Code     0  libshutdown.o(.ARM.Collect$$libshutdown$$00000000)
    __rt_lib_shutdown_cpp_1                  0x080001a7   Thumb Code     0  libshutdown2.o(.ARM.Collect$$libshutdown$$00000002)
    __rt_lib_shutdown_fp_trap_1              0x080001a7   Thumb Code     0  libshutdown2.o(.ARM.Collect$$libshutdown$$00000007)
    __rt_lib_shutdown_heap_1                 0x080001a7   Thumb Code     0  libshutdown2.o(.ARM.Collect$$libshutdown$$0000000F)
    __rt_lib_shutdown_return                 0x080001a7   Thumb Code     0  libshutdown2.o(.ARM.Collect$$libshutdown$$00000010)
    __rt_lib_shutdown_signal_1               0x080001a7   Thumb Code     0  libshutdown2.o(.ARM.Collect$$libshutdown$$0000000A)
    __rt_lib_shutdown_stdio_1                0x080001a7   Thumb Code     0  libshutdown2.o(.ARM.Collect$$libshutdown$$00000004)
    __rt_lib_shutdown_user_alloc_1           0x080001a7   Thumb Code     0  libshutdown2.o(.ARM.Collect$$libshutdown$$0000000C)
    __rt_entry                               0x080001a9   Thumb Code     0  __rtentry.o(.ARM.Collect$$rtentry$$00000000)
    __rt_entry_presh_1                       0x080001a9   Thumb Code     0  __rtentry2.o(.ARM.Collect$$rtentry$$00000002)
    __rt_entry_sh                            0x080001a9   Thumb Code     0  __rtentry4.o(.ARM.Collect$$rtentry$$00000004)
    __rt_entry_li                            0x080001af   Thumb Code     0  __rtentry2.o(.ARM.Collect$$rtentry$$0000000A)
    __rt_entry_postsh_1                      0x080001af   Thumb Code     0  __rtentry2.o(.ARM.Collect$$rtentry$$00000009)
    __rt_entry_main                          0x080001b3   Thumb Code     0  __rtentry2.o(.ARM.Collect$$rtentry$$0000000D)
    __rt_entry_postli_1                      0x080001b3   Thumb Code     0  __rtentry2.o(.ARM.Collect$$rtentry$$0000000C)
    __rt_exit                                0x080001bb   Thumb Code     0  rtexit.o(.ARM.Collect$$rtexit$$00000000)
    __rt_exit_ls                             0x080001bd   Thumb Code     0  rtexit2.o(.ARM.Collect$$rtexit$$00000003)
    __rt_exit_prels_1                        0x080001bd   Thumb Code     0  rtexit2.o(.ARM.Collect$$rtexit$$00000002)
    __rt_exit_exit                           0x080001c1   Thumb Code     0  rtexit2.o(.ARM.Collect$$rtexit$$00000004)
    Reset_Handler                            0x080001c9   Thumb Code     8  startup_stm32f103xb.o(.text)
    ADC1_2_IRQHandler                        0x080001e3   Thumb Code     0  startup_stm32f103xb.o(.text)
    CAN1_RX1_IRQHandler                      0x080001e3   Thumb Code     0  startup_stm32f103xb.o(.text)
    CAN1_SCE_IRQHandler                      0x080001e3   Thumb Code     0  startup_stm32f103xb.o(.text)
    DMA1_Channel2_IRQHandler                 0x080001e3   Thumb Code     0  startup_stm32f103xb.o(.text)
    DMA1_Channel3_IRQHandler                 0x080001e3   Thumb Code     0  startup_stm32f103xb.o(.text)
    DMA1_Channel4_IRQHandler                 0x080001e3   Thumb Code     0  startup_stm32f103xb.o(.text)
    DMA1_Channel6_IRQHandler                 0x080001e3   Thumb Code     0  startup_stm32f103xb.o(.text)
    DMA1_Channel7_IRQHandler                 0x080001e3   Thumb Code     0  startup_stm32f103xb.o(.text)
    EXTI0_IRQHandler                         0x080001e3   Thumb Code     0  startup_stm32f103xb.o(.text)
    EXTI15_10_IRQHandler                     0x080001e3   Thumb Code     0  startup_stm32f103xb.o(.text)
    EXTI1_IRQHandler                         0x080001e3   Thumb Code     0  startup_stm32f103xb.o(.text)
    EXTI2_IRQHandler                         0x080001e3   Thumb Code     0  startup_stm32f103xb.o(.text)
    EXTI4_IRQHandler                         0x080001e3   Thumb Code     0  startup_stm32f103xb.o(.text)
    FLASH_IRQHandler                         0x080001e3   Thumb Code     0  startup_stm32f103xb.o(.text)
    I2C1_ER_IRQHandler                       0x080001e3   Thumb Code     0  startup_stm32f103xb.o(.text)
    I2C1_EV_IRQHandler                       0x080001e3   Thumb Code     0  startup_stm32f103xb.o(.text)
    I2C2_ER_IRQHandler                       0x080001e3   Thumb Code     0  startup_stm32f103xb.o(.text)
    I2C2_EV_IRQHandler                       0x080001e3   Thumb Code     0  startup_stm32f103xb.o(.text)
    PVD_IRQHandler                           0x080001e3   Thumb Code     0  startup_stm32f103xb.o(.text)
    RCC_IRQHandler                           0x080001e3   Thumb Code     0  startup_stm32f103xb.o(.text)
    RTC_Alarm_IRQHandler                     0x080001e3   Thumb Code     0  startup_stm32f103xb.o(.text)
    RTC_IRQHandler                           0x080001e3   Thumb Code     0  startup_stm32f103xb.o(.text)
    SPI1_IRQHandler                          0x080001e3   Thumb Code     0  startup_stm32f103xb.o(.text)
    SPI2_IRQHandler                          0x080001e3   Thumb Code     0  startup_stm32f103xb.o(.text)
    TAMPER_IRQHandler                        0x080001e3   Thumb Code     0  startup_stm32f103xb.o(.text)
    TIM1_BRK_IRQHandler                      0x080001e3   Thumb Code     0  startup_stm32f103xb.o(.text)
    TIM1_CC_IRQHandler                       0x080001e3   Thumb Code     0  startup_stm32f103xb.o(.text)
    TIM1_TRG_COM_IRQHandler                  0x080001e3   Thumb Code     0  startup_stm32f103xb.o(.text)
    TIM1_UP_IRQHandler                       0x080001e3   Thumb Code     0  startup_stm32f103xb.o(.text)
    TIM4_IRQHandler                          0x080001e3   Thumb Code     0  startup_stm32f103xb.o(.text)
    USART2_IRQHandler                        0x080001e3   Thumb Code     0  startup_stm32f103xb.o(.text)
    USART3_IRQHandler                        0x080001e3   Thumb Code     0  startup_stm32f103xb.o(.text)
    USBWakeUp_IRQHandler                     0x080001e3   Thumb Code     0  startup_stm32f103xb.o(.text)
    USB_HP_CAN1_TX_IRQHandler                0x080001e3   Thumb Code     0  startup_stm32f103xb.o(.text)
    USB_LP_CAN1_RX0_IRQHandler               0x080001e3   Thumb Code     0  startup_stm32f103xb.o(.text)
    WWDG_IRQHandler                          0x080001e3   Thumb Code     0  startup_stm32f103xb.o(.text)
    __user_initial_stackheap                 0x080001e5   Thumb Code     0  startup_stm32f103xb.o(.text)
    OLED_WR_CMD(unsigned char)               0x08000209   Thumb Code    32  oled.o(.text)
    OLED_Init()                              0x08000229   Thumb Code    28  oled.o(.text)
    OLED_WR_DATA(unsigned char)              0x08000245   Thumb Code    30  oled.o(.text)
    OLED_On()                                0x08000263   Thumb Code    54  oled.o(.text)
    OLED_Clear()                             0x08000299   Thumb Code    52  oled.o(.text)
    OLED_Display_On()                        0x080002cd   Thumb Code    22  oled.o(.text)
    OLED_Display_Off()                       0x080002e3   Thumb Code    22  oled.o(.text)
    OLED_Set_Pos(unsigned char, unsigned char) 0x080002f9   Thumb Code    32  oled.o(.text)
    oled_pow(unsigned char, unsigned char)   0x08000319   Thumb Code    16  oled.o(.text)
    OLED_ShowChar(unsigned char, unsigned char, unsigned char, unsigned char, unsigned char) 0x08000329   Thumb Code   148  oled.o(.text)
    OLED_ShowString(unsigned char, unsigned char, char*, unsigned char, unsigned char) 0x080003bd   Thumb Code    88  oled.o(.text)
    OLED_ShowNum(unsigned char, unsigned char, unsigned, unsigned char, unsigned char, unsigned char) 0x08000415   Thumb Code   116  oled.o(.text)
    OLED_Showdecimal(unsigned char, unsigned char, float, unsigned char, unsigned char, unsigned char, unsigned char) 0x08000489   Thumb Code   290  oled.o(.text)
    OLED_ShowCHinese(unsigned char, unsigned char, unsigned char, unsigned char) 0x080005ab   Thumb Code   110  oled.o(.text)
    OLED_DrawBMP(unsigned char, unsigned char, unsigned char, unsigned char, unsigned char*, unsigned char) 0x08000619   Thumb Code    72  oled.o(.text)
    OLED_HorizontalShift(unsigned char)      0x08000661   Thumb Code    64  oled.o(.text)
    OLED_Some_HorizontalShift(unsigned char, unsigned char, unsigned char) 0x080006a1   Thumb Code    64  oled.o(.text)
    OLED_VerticalAndHorizontalShift(unsigned char) 0x080006e1   Thumb Code    66  oled.o(.text)
    OLED_DisplayMode(unsigned char)          0x08000723   Thumb Code     2  oled.o(.text)
    OLED_IntensityControl(unsigned char)     0x08000725   Thumb Code    18  oled.o(.text)
    ppm_processing(unsigned short, unsigned short*) 0x08000739   Thumb Code     2  main.o(.text)
    delay_us_init()                          0x0800073b   Thumb Code     4  main.o(.text)
    delay_us                                 0x0800073f   Thumb Code    58  main.o(.text)
    adc_data_processing(unsigned short*, unsigned char, unsigned char, unsigned char) 0x08000779   Thumb Code    88  main.o(.text)
    errorprocessing                          0x080007d1   Thumb Code     4  main.o(.text)
    HAL_UART_ErrorCallback                   0x080007d5   Thumb Code    34  main.o(.text)
    HAL_Delay                                0x080007f7   Thumb Code    12  main.o(.text)
    ms_Delay(unsigned short)                 0x08000803   Thumb Code    12  main.o(.text)
    HAL_TIM_PeriodElapsedCallback            0x0800080f   Thumb Code   130  main.o(.text)
    control()                                0x08000891   Thumb Code    56  main.o(.text)
    HAL_GPIO_EXTI_Callback                   0x080008c9   Thumb Code    60  main.o(.text)
    HAL_UARTEx_RxEventCallback               0x08000905   Thumb Code    88  main.o(.text)
    Error_Handler                            0x0800095d   Thumb Code     4  main.o(.text)
    SystemClock_Config()                     0x08000961   Thumb Code   134  main.o(.text)
    main                                     0x080009e7   Thumb Code   560  main.o(.text)
    MX_GPIO_Init                             0x08000c1d   Thumb Code   252  gpio.o(.text)
    MX_ADC1_Init                             0x08000d29   Thumb Code   118  adc.o(.text)
    HAL_ADC_MspInit                          0x08000d9f   Thumb Code   124  adc.o(.text)
    HAL_ADC_MspDeInit                        0x08000e1b   Thumb Code    42  adc.o(.text)
    MX_DMA_Init                              0x08000e59   Thumb Code    56  dma.o(.text)
    MX_I2C1_Init                             0x08000e95   Thumb Code    50  i2c.o(.text)
    MX_I2C2_Init                             0x08000ec7   Thumb Code    52  i2c.o(.text)
    HAL_I2C_MspInit                          0x08000efb   Thumb Code   134  i2c.o(.text)
    HAL_I2C_MspDeInit                        0x08000f81   Thumb Code    72  i2c.o(.text)
    MX_RTC_Init                              0x08000fe1   Thumb Code   106  rtc.o(.text)
    HAL_RTC_MspInit                          0x0800104b   Thumb Code    40  rtc.o(.text)
    HAL_RTC_MspDeInit                        0x08001073   Thumb Code    16  rtc.o(.text)
    MX_TIM2_Init                             0x08001095   Thumb Code    98  tim.o(.text)
    MX_TIM3_Init                             0x080010f7   Thumb Code   100  tim.o(.text)
    MX_TIM4_Init                             0x0800115b   Thumb Code    98  tim.o(.text)
    HAL_TIM_Base_MspInit                     0x080011bd   Thumb Code   108  tim.o(.text)
    HAL_TIM_Base_MspDeInit                   0x08001229   Thumb Code    60  tim.o(.text)
    HLW8032_Data_processing                  0x08001275   Thumb Code   310  usart.o(.text)
    MX_USART1_UART_Init                      0x080013ab   Thumb Code    48  usart.o(.text)
    MX_USART2_UART_Init                      0x080013db   Thumb Code    50  usart.o(.text)
    MX_USART3_UART_Init                      0x0800140d   Thumb Code    50  usart.o(.text)
    HAL_UART_MspInit                         0x0800143f   Thumb Code   300  usart.o(.text)
    HAL_UART_MspDeInit                       0x0800156b   Thumb Code   100  usart.o(.text)
    NMI_Handler                              0x08001601   Thumb Code     2  stm32f1xx_it.o(.text)
    HardFault_Handler                        0x08001603   Thumb Code     2  stm32f1xx_it.o(.text)
    MemManage_Handler                        0x08001605   Thumb Code     2  stm32f1xx_it.o(.text)
    BusFault_Handler                         0x08001607   Thumb Code     2  stm32f1xx_it.o(.text)
    UsageFault_Handler                       0x08001609   Thumb Code     2  stm32f1xx_it.o(.text)
    SVC_Handler                              0x0800160b   Thumb Code     2  stm32f1xx_it.o(.text)
    DebugMon_Handler                         0x0800160d   Thumb Code     2  stm32f1xx_it.o(.text)
    PendSV_Handler                           0x0800160f   Thumb Code     2  stm32f1xx_it.o(.text)
    SysTick_Handler                          0x08001611   Thumb Code     4  stm32f1xx_it.o(.text)
    EXTI3_IRQHandler                         0x08001615   Thumb Code     6  stm32f1xx_it.o(.text)
    DMA1_Channel1_IRQHandler                 0x0800161b   Thumb Code     6  stm32f1xx_it.o(.text)
    DMA1_Channel5_IRQHandler                 0x08001621   Thumb Code     6  stm32f1xx_it.o(.text)
    EXTI9_5_IRQHandler                       0x08001627   Thumb Code     6  stm32f1xx_it.o(.text)
    TIM2_IRQHandler                          0x0800162d   Thumb Code     6  stm32f1xx_it.o(.text)
    TIM3_IRQHandler                          0x08001633   Thumb Code     6  stm32f1xx_it.o(.text)
    USART1_IRQHandler                        0x08001639   Thumb Code     6  stm32f1xx_it.o(.text)
    HAL_MspInit                              0x08001655   Thumb Code    52  stm32f1xx_hal_msp.o(.text)
    ADC_ConversionStop_Disable               0x08001691   Thumb Code    86  stm32f1xx_hal_adc.o(.text)
    HAL_ADC_Init                             0x080016e9   Thumb Code   272  stm32f1xx_hal_adc.o(.text)
    HAL_ADC_DeInit                           0x080017fb   Thumb Code   220  stm32f1xx_hal_adc.o(.text)
    ADC_Enable                               0x080018d7   Thumb Code   112  stm32f1xx_hal_adc.o(.text)
    HAL_ADC_Start                            0x08001947   Thumb Code   184  stm32f1xx_hal_adc.o(.text)
    HAL_ADC_Stop                             0x080019ff   Thumb Code    52  stm32f1xx_hal_adc.o(.text)
    HAL_ADC_PollForConversion                0x08001a33   Thumb Code   304  stm32f1xx_hal_adc.o(.text)
    HAL_ADC_PollForEvent                     0x08001b63   Thumb Code   136  stm32f1xx_hal_adc.o(.text)
    HAL_ADC_Start_IT                         0x08001beb   Thumb Code   194  stm32f1xx_hal_adc.o(.text)
    HAL_ADC_Stop_IT                          0x08001cad   Thumb Code    62  stm32f1xx_hal_adc.o(.text)
    HAL_ADC_ErrorCallback                    0x08001ceb   Thumb Code     2  stm32f1xx_hal_adc.o(.text)
    ADC_DMAError                             0x08001ced   Thumb Code    26  stm32f1xx_hal_adc.o(.text)
    HAL_ADC_ConvHalfCpltCallback             0x08001d07   Thumb Code     2  stm32f1xx_hal_adc.o(.text)
    ADC_DMAHalfConvCplt                      0x08001d09   Thumb Code    10  stm32f1xx_hal_adc.o(.text)
    HAL_ADC_ConvCpltCallback                 0x08001d13   Thumb Code     2  stm32f1xx_hal_adc.o(.text)
    ADC_DMAConvCplt                          0x08001d15   Thumb Code    78  stm32f1xx_hal_adc.o(.text)
    HAL_ADC_Start_DMA                        0x08001d63   Thumb Code   254  stm32f1xx_hal_adc.o(.text)
    HAL_ADC_Stop_DMA                         0x08001e61   Thumb Code    86  stm32f1xx_hal_adc.o(.text)
    HAL_ADC_GetValue                         0x08001eb7   Thumb Code     6  stm32f1xx_hal_adc.o(.text)
    HAL_ADC_LevelOutOfWindowCallback         0x08001ebd   Thumb Code     2  stm32f1xx_hal_adc.o(.text)
    HAL_ADC_IRQHandler                       0x08001ebf   Thumb Code   220  stm32f1xx_hal_adc.o(.text)
    HAL_ADC_ConfigChannel                    0x08001f9b   Thumb Code   250  stm32f1xx_hal_adc.o(.text)
    HAL_ADC_AnalogWDGConfig                  0x08002095   Thumb Code    82  stm32f1xx_hal_adc.o(.text)
    HAL_ADC_GetState                         0x080020e7   Thumb Code     4  stm32f1xx_hal_adc.o(.text)
    HAL_ADC_GetError                         0x080020eb   Thumb Code     4  stm32f1xx_hal_adc.o(.text)
    HAL_ADCEx_Calibration_Start              0x08002101   Thumb Code   210  stm32f1xx_hal_adc_ex.o(.text)
    HAL_ADCEx_InjectedStart                  0x080021d3   Thumb Code   160  stm32f1xx_hal_adc_ex.o(.text)
    HAL_ADCEx_InjectedStop                   0x08002273   Thumb Code    78  stm32f1xx_hal_adc_ex.o(.text)
    HAL_ADCEx_InjectedPollForConversion      0x080022c1   Thumb Code   292  stm32f1xx_hal_adc_ex.o(.text)
    HAL_ADCEx_InjectedStart_IT               0x080023e5   Thumb Code   170  stm32f1xx_hal_adc_ex.o(.text)
    HAL_ADCEx_InjectedStop_IT                0x0800248f   Thumb Code    88  stm32f1xx_hal_adc_ex.o(.text)
    HAL_ADCEx_MultiModeStart_DMA             0x080024e7   Thumb Code   238  stm32f1xx_hal_adc_ex.o(.text)
    HAL_ADCEx_MultiModeStop_DMA              0x080025d5   Thumb Code   118  stm32f1xx_hal_adc_ex.o(.text)
    HAL_ADCEx_InjectedGetValue               0x0800264b   Thumb Code    34  stm32f1xx_hal_adc_ex.o(.text)
    HAL_ADCEx_MultiModeGetValue              0x0800266d   Thumb Code    24  stm32f1xx_hal_adc_ex.o(.text)
    HAL_ADCEx_InjectedConvCpltCallback       0x08002685   Thumb Code     2  stm32f1xx_hal_adc_ex.o(.text)
    HAL_ADCEx_InjectedConfigChannel          0x08002687   Thumb Code   464  stm32f1xx_hal_adc_ex.o(.text)
    HAL_ADCEx_MultiModeConfigChannel         0x08002857   Thumb Code   104  stm32f1xx_hal_adc_ex.o(.text)
    HAL_InitTick                             0x080028e3   Thumb Code    54  stm32f1xx_hal.o(.text)
    HAL_Init                                 0x08002919   Thumb Code    32  stm32f1xx_hal.o(.text)
    HAL_MspDeInit                            0x08002939   Thumb Code     2  stm32f1xx_hal.o(.text)
    HAL_DeInit                               0x0800293b   Thumb Code    26  stm32f1xx_hal.o(.text)
    HAL_IncTick                              0x08002955   Thumb Code    12  stm32f1xx_hal.o(.text)
    HAL_GetTick                              0x08002961   Thumb Code     6  stm32f1xx_hal.o(.text)
    HAL_GetTickPrio                          0x08002967   Thumb Code     6  stm32f1xx_hal.o(.text)
    HAL_SetTickFreq                          0x0800296d   Thumb Code    30  stm32f1xx_hal.o(.text)
    HAL_GetTickFreq                          0x0800298b   Thumb Code     6  stm32f1xx_hal.o(.text)
    HAL_SuspendTick                          0x080029b1   Thumb Code    14  stm32f1xx_hal.o(.text)
    HAL_ResumeTick                           0x080029bf   Thumb Code    14  stm32f1xx_hal.o(.text)
    HAL_GetHalVersion                        0x080029cd   Thumb Code     4  stm32f1xx_hal.o(.text)
    HAL_GetREVID                             0x080029d1   Thumb Code     8  stm32f1xx_hal.o(.text)
    HAL_GetDEVID                             0x080029d9   Thumb Code    10  stm32f1xx_hal.o(.text)
    HAL_GetUIDw0                             0x080029e3   Thumb Code     6  stm32f1xx_hal.o(.text)
    HAL_GetUIDw1                             0x080029e9   Thumb Code     8  stm32f1xx_hal.o(.text)
    HAL_GetUIDw2                             0x080029f1   Thumb Code     8  stm32f1xx_hal.o(.text)
    HAL_DBGMCU_EnableDBGSleepMode            0x080029f9   Thumb Code    12  stm32f1xx_hal.o(.text)
    HAL_DBGMCU_DisableDBGSleepMode           0x08002a05   Thumb Code    12  stm32f1xx_hal.o(.text)
    HAL_DBGMCU_EnableDBGStopMode             0x08002a11   Thumb Code    12  stm32f1xx_hal.o(.text)
    HAL_DBGMCU_DisableDBGStopMode            0x08002a1d   Thumb Code    12  stm32f1xx_hal.o(.text)
    HAL_DBGMCU_EnableDBGStandbyMode          0x08002a29   Thumb Code    12  stm32f1xx_hal.o(.text)
    HAL_DBGMCU_DisableDBGStandbyMode         0x08002a35   Thumb Code    12  stm32f1xx_hal.o(.text)
    HAL_RCC_DeInit                           0x08002a5d   Thumb Code   202  stm32f1xx_hal_rcc.o(.text)
    HAL_RCC_OscConfig                        0x08002b27   Thumb Code   776  stm32f1xx_hal_rcc.o(.text)
    HAL_RCC_GetSysClockFreq                  0x08002e2f   Thumb Code    94  stm32f1xx_hal_rcc.o(.text)
    HAL_RCC_ClockConfig                      0x08002e8d   Thumb Code   280  stm32f1xx_hal_rcc.o(.text)
    HAL_RCC_MCOConfig                        0x08002fa5   Thumb Code    64  stm32f1xx_hal_rcc.o(.text)
    HAL_RCC_EnableCSS                        0x08002fe5   Thumb Code     8  stm32f1xx_hal_rcc.o(.text)
    HAL_RCC_DisableCSS                       0x08002fed   Thumb Code     8  stm32f1xx_hal_rcc.o(.text)
    HAL_RCC_GetHCLKFreq                      0x08002ff5   Thumb Code     6  stm32f1xx_hal_rcc.o(.text)
    HAL_RCC_GetPCLK1Freq                     0x08002ffb   Thumb Code    20  stm32f1xx_hal_rcc.o(.text)
    HAL_RCC_GetPCLK2Freq                     0x0800300f   Thumb Code    20  stm32f1xx_hal_rcc.o(.text)
    HAL_RCC_GetOscConfig                     0x08003023   Thumb Code   140  stm32f1xx_hal_rcc.o(.text)
    HAL_RCC_GetClockConfig                   0x080030af   Thumb Code    54  stm32f1xx_hal_rcc.o(.text)
    HAL_RCC_CSSCallback                      0x080030e5   Thumb Code     2  stm32f1xx_hal_rcc.o(.text)
    HAL_RCC_NMI_IRQHandler                   0x080030e7   Thumb Code    20  stm32f1xx_hal_rcc.o(.text)
    HAL_RCCEx_PeriphCLKConfig                0x08003121   Thumb Code   224  stm32f1xx_hal_rcc_ex.o(.text)
    HAL_RCCEx_GetPeriphCLKConfig             0x08003201   Thumb Code    40  stm32f1xx_hal_rcc_ex.o(.text)
    HAL_RCCEx_GetPeriphCLKFreq               0x08003229   Thumb Code   148  stm32f1xx_hal_rcc_ex.o(.text)
    HAL_GPIO_Init                            0x080032d5   Thumb Code   446  stm32f1xx_hal_gpio.o(.text)
    HAL_GPIO_DeInit                          0x08003493   Thumb Code   256  stm32f1xx_hal_gpio.o(.text)
    HAL_GPIO_ReadPin                         0x08003593   Thumb Code    10  stm32f1xx_hal_gpio.o(.text)
    HAL_GPIO_WritePin                        0x0800359d   Thumb Code    10  stm32f1xx_hal_gpio.o(.text)
    HAL_GPIO_TogglePin                       0x080035a7   Thumb Code    16  stm32f1xx_hal_gpio.o(.text)
    HAL_GPIO_LockPin                         0x080035b7   Thumb Code    34  stm32f1xx_hal_gpio.o(.text)
    HAL_GPIO_EXTI_IRQHandler                 0x080035db   Thumb Code    20  stm32f1xx_hal_gpio.o(.text)
    HAL_DMA_Init                             0x08003611   Thumb Code    84  stm32f1xx_hal_dma.o(.text)
    HAL_DMA_DeInit                           0x08003665   Thumb Code    84  stm32f1xx_hal_dma.o(.text)
    HAL_DMA_Start                            0x080036e3   Thumb Code    80  stm32f1xx_hal_dma.o(.text)
    HAL_DMA_Start_IT                         0x08003733   Thumb Code   112  stm32f1xx_hal_dma.o(.text)
    HAL_DMA_Abort                            0x080037a3   Thumb Code    70  stm32f1xx_hal_dma.o(.text)
    HAL_DMA_Abort_IT                         0x080037e9   Thumb Code   148  stm32f1xx_hal_dma.o(.text)
    HAL_DMA_PollForTransfer                  0x0800387d   Thumb Code   532  stm32f1xx_hal_dma.o(.text)
    HAL_DMA_IRQHandler                       0x08003a91   Thumb Code   312  stm32f1xx_hal_dma.o(.text)
    HAL_DMA_RegisterCallback(__DMA_HandleTypeDef*, HAL_DMA_CallbackIDTypeDef, void(*)(__DMA_HandleTypeDef*)) 0x08003bc9   Thumb Code    74  stm32f1xx_hal_dma.o(.text)
    HAL_DMA_UnRegisterCallback               0x08003c13   Thumb Code    82  stm32f1xx_hal_dma.o(.text)
    HAL_DMA_GetState                         0x08003c65   Thumb Code     6  stm32f1xx_hal_dma.o(.text)
    HAL_DMA_GetError                         0x08003c6b   Thumb Code     4  stm32f1xx_hal_dma.o(.text)
    HAL_NVIC_SetPriorityGrouping             0x08003c8d   Thumb Code    26  stm32f1xx_hal_cortex.o(.text)
    HAL_NVIC_SetPriority                     0x08003ca7   Thumb Code    60  stm32f1xx_hal_cortex.o(.text)
    HAL_NVIC_EnableIRQ                       0x08003ce3   Thumb Code    26  stm32f1xx_hal_cortex.o(.text)
    HAL_NVIC_DisableIRQ                      0x08003cfd   Thumb Code    34  stm32f1xx_hal_cortex.o(.text)
    HAL_NVIC_SystemReset                     0x08003d1f   Thumb Code    28  stm32f1xx_hal_cortex.o(.text)
    HAL_SYSTICK_Config                       0x08003d3b   Thumb Code    40  stm32f1xx_hal_cortex.o(.text)
    HAL_NVIC_GetPriorityGrouping             0x08003d63   Thumb Code    10  stm32f1xx_hal_cortex.o(.text)
    HAL_NVIC_GetPriority                     0x08003d6d   Thumb Code    82  stm32f1xx_hal_cortex.o(.text)
    HAL_NVIC_SetPendingIRQ                   0x08003dbf   Thumb Code    26  stm32f1xx_hal_cortex.o(.text)
    HAL_NVIC_GetPendingIRQ                   0x08003dd9   Thumb Code    36  stm32f1xx_hal_cortex.o(.text)
    HAL_NVIC_ClearPendingIRQ                 0x08003dfd   Thumb Code    26  stm32f1xx_hal_cortex.o(.text)
    HAL_NVIC_GetActive                       0x08003e17   Thumb Code    36  stm32f1xx_hal_cortex.o(.text)
    HAL_SYSTICK_CLKSourceConfig              0x08003e3b   Thumb Code    24  stm32f1xx_hal_cortex.o(.text)
    HAL_SYSTICK_Callback                     0x08003e53   Thumb Code     2  stm32f1xx_hal_cortex.o(.text)
    HAL_SYSTICK_IRQHandler                   0x08003e55   Thumb Code     8  stm32f1xx_hal_cortex.o(.text)
    HAL_PWR_DeInit                           0x08003e8b   Thumb Code    20  stm32f1xx_hal_pwr.o(.text)
    HAL_PWR_EnableBkUpAccess                 0x08003e9f   Thumb Code     8  stm32f1xx_hal_pwr.o(.text)
    HAL_PWR_DisableBkUpAccess                0x08003ea7   Thumb Code     8  stm32f1xx_hal_pwr.o(.text)
    HAL_PWR_ConfigPVD                        0x08003eaf   Thumb Code   116  stm32f1xx_hal_pwr.o(.text)
    HAL_PWR_EnablePVD                        0x08003f23   Thumb Code     8  stm32f1xx_hal_pwr.o(.text)
    HAL_PWR_DisablePVD                       0x08003f2b   Thumb Code     8  stm32f1xx_hal_pwr.o(.text)
    HAL_PWR_EnableWakeUpPin                  0x08003f33   Thumb Code    22  stm32f1xx_hal_pwr.o(.text)
    HAL_PWR_DisableWakeUpPin                 0x08003f49   Thumb Code    22  stm32f1xx_hal_pwr.o(.text)
    HAL_PWR_EnterSLEEPMode                   0x08003f5f   Thumb Code    26  stm32f1xx_hal_pwr.o(.text)
    HAL_PWR_EnterSTOPMode                    0x08003f79   Thumb Code    60  stm32f1xx_hal_pwr.o(.text)
    HAL_PWR_EnterSTANDBYMode                 0x08003fb5   Thumb Code    24  stm32f1xx_hal_pwr.o(.text)
    HAL_PWR_EnableSleepOnExit                0x08003fcd   Thumb Code    12  stm32f1xx_hal_pwr.o(.text)
    HAL_PWR_DisableSleepOnExit               0x08003fd9   Thumb Code    12  stm32f1xx_hal_pwr.o(.text)
    HAL_PWR_EnableSEVOnPend                  0x08003fe5   Thumb Code    12  stm32f1xx_hal_pwr.o(.text)
    HAL_PWR_DisableSEVOnPend                 0x08003ff1   Thumb Code    12  stm32f1xx_hal_pwr.o(.text)
    HAL_PWR_PVDCallback                      0x08003ffd   Thumb Code     2  stm32f1xx_hal_pwr.o(.text)
    HAL_PWR_PVD_IRQHandler                   0x08003fff   Thumb Code    24  stm32f1xx_hal_pwr.o(.text)
    HAL_I2C_Init                             0x0800402f   Thumb Code   378  stm32f1xx_hal_i2c.o(.text)
    HAL_I2C_DeInit                           0x080041ab   Thumb Code    50  stm32f1xx_hal_i2c.o(.text)
    HAL_I2C_Master_Transmit                  0x08004401   Thumb Code   314  stm32f1xx_hal_i2c.o(.text)
    HAL_I2C_Master_Receive                   0x0800468f   Thumb Code   596  stm32f1xx_hal_i2c.o(.text)
    HAL_I2C_Slave_Transmit                   0x080048e3   Thumb Code   336  stm32f1xx_hal_i2c.o(.text)
    HAL_I2C_Slave_Receive                    0x08004a33   Thumb Code   362  stm32f1xx_hal_i2c.o(.text)
    HAL_I2C_Master_Transmit_IT               0x08004b9d   Thumb Code   176  stm32f1xx_hal_i2c.o(.text)
    HAL_I2C_Master_Receive_IT                0x08004c4d   Thumb Code   186  stm32f1xx_hal_i2c.o(.text)
    HAL_I2C_Slave_Transmit_IT                0x08004d07   Thumb Code   132  stm32f1xx_hal_i2c.o(.text)
    HAL_I2C_Slave_Receive_IT                 0x08004d8b   Thumb Code   120  stm32f1xx_hal_i2c.o(.text)
    HAL_I2C_ErrorCallback                    0x08004e03   Thumb Code     2  stm32f1xx_hal_i2c.o(.text)
    HAL_I2C_MasterRxCpltCallback             0x08004e3b   Thumb Code     2  stm32f1xx_hal_i2c.o(.text)
    HAL_I2C_MemRxCpltCallback                0x08004e3d   Thumb Code     2  stm32f1xx_hal_i2c.o(.text)
    HAL_I2C_SlaveRxCpltCallback              0x08004e3f   Thumb Code     2  stm32f1xx_hal_i2c.o(.text)
    HAL_I2C_SlaveTxCpltCallback              0x08004e41   Thumb Code     2  stm32f1xx_hal_i2c.o(.text)
    HAL_I2C_Master_Transmit_DMA              0x08004f4d   Thumb Code   324  stm32f1xx_hal_i2c.o(.text)
    HAL_I2C_Master_Receive_DMA               0x08005091   Thumb Code   338  stm32f1xx_hal_i2c.o(.text)
    HAL_I2C_Slave_Transmit_DMA               0x080051e3   Thumb Code   216  stm32f1xx_hal_i2c.o(.text)
    HAL_I2C_Slave_Receive_DMA                0x080052bb   Thumb Code   216  stm32f1xx_hal_i2c.o(.text)
    HAL_I2C_Mem_Write                        0x08005435   Thumb Code   294  stm32f1xx_hal_i2c.o(.text)
    HAL_I2C_Mem_Read                         0x08005665   Thumb Code   574  stm32f1xx_hal_i2c.o(.text)
    HAL_I2C_Mem_Write_IT                     0x080058a3   Thumb Code   198  stm32f1xx_hal_i2c.o(.text)
    HAL_I2C_Mem_Read_IT                      0x08005969   Thumb Code   228  stm32f1xx_hal_i2c.o(.text)
    HAL_I2C_Mem_Write_DMA                    0x08005a4d   Thumb Code   384  stm32f1xx_hal_i2c.o(.text)
    HAL_I2C_Mem_Read_DMA                     0x08005bcd   Thumb Code   436  stm32f1xx_hal_i2c.o(.text)
    HAL_I2C_IsDeviceReady                    0x08005d81   Thumb Code   374  stm32f1xx_hal_i2c.o(.text)
    HAL_I2C_Master_Seq_Transmit_IT           0x08005ef7   Thumb Code   208  stm32f1xx_hal_i2c.o(.text)
    HAL_I2C_Master_Seq_Transmit_DMA          0x08005fc7   Thumb Code   438  stm32f1xx_hal_i2c.o(.text)
    HAL_I2C_Master_Seq_Receive_IT            0x0800617d   Thumb Code   332  stm32f1xx_hal_i2c.o(.text)
    HAL_I2C_Master_Seq_Receive_DMA           0x080062c9   Thumb Code   538  stm32f1xx_hal_i2c.o(.text)
    HAL_I2C_Slave_Seq_Transmit_IT            0x080064e3   Thumb Code   116  stm32f1xx_hal_i2c.o(.text)
    HAL_I2C_AbortCpltCallback                0x08006557   Thumb Code     2  stm32f1xx_hal_i2c.o(.text)
    HAL_I2C_Slave_Seq_Transmit_DMA           0x0800660f   Thumb Code   338  stm32f1xx_hal_i2c.o(.text)
    HAL_I2C_Slave_Seq_Receive_IT             0x08006761   Thumb Code   116  stm32f1xx_hal_i2c.o(.text)
    HAL_I2C_Slave_Seq_Receive_DMA            0x080067d5   Thumb Code   358  stm32f1xx_hal_i2c.o(.text)
    HAL_I2C_EnableListen_IT                  0x0800693b   Thumb Code    58  stm32f1xx_hal_i2c.o(.text)
    HAL_I2C_DisableListen_IT                 0x08006975   Thumb Code    68  stm32f1xx_hal_i2c.o(.text)
    HAL_I2C_ListenCpltCallback               0x080069b9   Thumb Code     2  stm32f1xx_hal_i2c.o(.text)
    HAL_I2C_Master_Abort_IT                  0x08006b0b   Thumb Code    94  stm32f1xx_hal_i2c.o(.text)
    HAL_I2C_AddrCallback                     0x08006ccb   Thumb Code     2  stm32f1xx_hal_i2c.o(.text)
    HAL_I2C_MemTxCpltCallback                0x08006e83   Thumb Code     2  stm32f1xx_hal_i2c.o(.text)
    HAL_I2C_MasterTxCpltCallback             0x08006f2d   Thumb Code     2  stm32f1xx_hal_i2c.o(.text)
    HAL_I2C_EV_IRQHandler                    0x08007083   Thumb Code   558  stm32f1xx_hal_i2c.o(.text)
    HAL_I2C_ER_IRQHandler                    0x080072b1   Thumb Code   196  stm32f1xx_hal_i2c.o(.text)
    HAL_I2C_GetState                         0x08007375   Thumb Code     6  stm32f1xx_hal_i2c.o(.text)
    HAL_I2C_GetMode                          0x0800737b   Thumb Code     6  stm32f1xx_hal_i2c.o(.text)
    HAL_I2C_GetError                         0x08007381   Thumb Code     4  stm32f1xx_hal_i2c.o(.text)
    HAL_RTC_WaitForSynchro                   0x08007729   Thumb Code    58  stm32f1xx_hal_rtc.o(.text)
    HAL_RTC_Init                             0x08007765   Thumb Code   144  stm32f1xx_hal_rtc.o(.text)
    HAL_RTC_DeInit                           0x080077f7   Thumb Code   100  stm32f1xx_hal_rtc.o(.text)
    HAL_RTC_SetTime                          0x080078ab   Thumb Code   168  stm32f1xx_hal_rtc.o(.text)
    HAL_RTC_GetTime                          0x080079c9   Thumb Code   216  stm32f1xx_hal_rtc.o(.text)
    HAL_RTC_SetDate                          0x08007aa1   Thumb Code   190  stm32f1xx_hal_rtc.o(.text)
    HAL_RTC_GetDate                          0x08007b5f   Thumb Code    86  stm32f1xx_hal_rtc.o(.text)
    HAL_RTC_SetAlarm                         0x08007bb5   Thumb Code   184  stm32f1xx_hal_rtc.o(.text)
    HAL_RTC_SetAlarm_IT                      0x08007c6d   Thumb Code   224  stm32f1xx_hal_rtc.o(.text)
    HAL_RTC_GetAlarm                         0x08007d4d   Thumb Code   102  stm32f1xx_hal_rtc.o(.text)
    HAL_RTC_DeactivateAlarm                  0x08007db3   Thumb Code   108  stm32f1xx_hal_rtc.o(.text)
    HAL_RTC_AlarmAEventCallback              0x08007e1f   Thumb Code     2  stm32f1xx_hal_rtc.o(.text)
    HAL_RTC_AlarmIRQHandler                  0x08007e21   Thumb Code    50  stm32f1xx_hal_rtc.o(.text)
    HAL_RTC_PollForAlarmAEvent               0x08007e53   Thumb Code    66  stm32f1xx_hal_rtc.o(.text)
    HAL_RTC_GetState                         0x08007e95   Thumb Code     4  stm32f1xx_hal_rtc.o(.text)
    TIM_Base_SetConfig                       0x08007f85   Thumb Code    94  stm32f1xx_hal_tim.o(.text)
    HAL_TIM_Base_Init                        0x08007fe5   Thumb Code    90  stm32f1xx_hal_tim.o(.text)
    HAL_TIM_Base_DeInit                      0x08008041   Thumb Code    92  stm32f1xx_hal_tim.o(.text)
    HAL_TIM_Base_Start                       0x0800809d   Thumb Code    66  stm32f1xx_hal_tim.o(.text)
    HAL_TIM_Base_Stop                        0x080080df   Thumb Code    38  stm32f1xx_hal_tim.o(.text)
    HAL_TIM_Base_Start_IT                    0x08008105   Thumb Code    76  stm32f1xx_hal_tim.o(.text)
    HAL_TIM_Base_Stop_IT                     0x08008151   Thumb Code    48  stm32f1xx_hal_tim.o(.text)
    HAL_TIM_ErrorCallback                    0x08008181   Thumb Code     2  stm32f1xx_hal_tim.o(.text)
    TIM_DMAError                             0x08008183   Thumb Code    84  stm32f1xx_hal_tim.o(.text)
    HAL_TIM_PeriodElapsedHalfCpltCallback    0x080081d7   Thumb Code     2  stm32f1xx_hal_tim.o(.text)
    HAL_TIM_Base_Start_DMA                   0x080081fb   Thumb Code   128  stm32f1xx_hal_tim.o(.text)
    HAL_TIM_Base_Stop_DMA                    0x0800827b   Thumb Code    58  stm32f1xx_hal_tim.o(.text)
    HAL_TIM_OC_MspInit                       0x080082b5   Thumb Code     2  stm32f1xx_hal_tim.o(.text)
    HAL_TIM_OC_Init                          0x080082b7   Thumb Code    90  stm32f1xx_hal_tim.o(.text)
    HAL_TIM_OC_MspDeInit                     0x08008311   Thumb Code     2  stm32f1xx_hal_tim.o(.text)
    HAL_TIM_OC_DeInit                        0x08008313   Thumb Code   114  stm32f1xx_hal_tim.o(.text)
    TIM_CCxChannelCmd                        0x08008385   Thumb Code    26  stm32f1xx_hal_tim.o(.text)
    HAL_TIM_OC_Start                         0x0800839f   Thumb Code   144  stm32f1xx_hal_tim.o(.text)
    HAL_TIM_OC_Stop                          0x0800842f   Thumb Code   108  stm32f1xx_hal_tim.o(.text)
    HAL_TIM_OC_Start_IT                      0x0800849b   Thumb Code   188  stm32f1xx_hal_tim.o(.text)
    HAL_TIM_OC_Stop_IT                       0x08008557   Thumb Code   172  stm32f1xx_hal_tim.o(.text)
    HAL_TIM_PWM_PulseFinishedHalfCpltCallback 0x08008603   Thumb Code     2  stm32f1xx_hal_tim.o(.text)
    TIM_DMADelayPulseHalfCplt                0x08008605   Thumb Code    56  stm32f1xx_hal_tim.o(.text)
    HAL_TIM_PWM_PulseFinishedCallback        0x0800863d   Thumb Code     2  stm32f1xx_hal_tim.o(.text)
    HAL_TIM_OC_Start_DMA                     0x0800869d   Thumb Code   398  stm32f1xx_hal_tim.o(.text)
    HAL_TIM_OC_Stop_DMA                      0x0800882b   Thumb Code   190  stm32f1xx_hal_tim.o(.text)
    HAL_TIM_PWM_MspInit                      0x080088e9   Thumb Code     2  stm32f1xx_hal_tim.o(.text)
    HAL_TIM_PWM_Init                         0x080088eb   Thumb Code    90  stm32f1xx_hal_tim.o(.text)
    HAL_TIM_PWM_MspDeInit                    0x08008945   Thumb Code     2  stm32f1xx_hal_tim.o(.text)
    HAL_TIM_PWM_DeInit                       0x08008947   Thumb Code    92  stm32f1xx_hal_tim.o(.text)
    HAL_TIM_PWM_Start                        0x080089a3   Thumb Code   144  stm32f1xx_hal_tim.o(.text)
    HAL_TIM_PWM_Stop                         0x08008a33   Thumb Code   108  stm32f1xx_hal_tim.o(.text)
    HAL_TIM_PWM_Start_IT                     0x08008a9f   Thumb Code   188  stm32f1xx_hal_tim.o(.text)
    HAL_TIM_PWM_Stop_IT                      0x08008b5b   Thumb Code   184  stm32f1xx_hal_tim.o(.text)
    HAL_TIM_PWM_Start_DMA                    0x08008c13   Thumb Code   378  stm32f1xx_hal_tim.o(.text)
    HAL_TIM_PWM_Stop_DMA                     0x08008d8d   Thumb Code   190  stm32f1xx_hal_tim.o(.text)
    HAL_TIM_IC_MspInit                       0x08008e4b   Thumb Code     2  stm32f1xx_hal_tim.o(.text)
    HAL_TIM_IC_Init                          0x08008e4d   Thumb Code    90  stm32f1xx_hal_tim.o(.text)
    HAL_TIM_IC_MspDeInit                     0x08008ea7   Thumb Code     2  stm32f1xx_hal_tim.o(.text)
    HAL_TIM_IC_DeInit                        0x08008ea9   Thumb Code    92  stm32f1xx_hal_tim.o(.text)
    HAL_TIM_IC_Start                         0x08008f05   Thumb Code   172  stm32f1xx_hal_tim.o(.text)
    HAL_TIM_IC_Stop                          0x08008fb1   Thumb Code    82  stm32f1xx_hal_tim.o(.text)
    HAL_TIM_IC_Start_IT                      0x08009003   Thumb Code   234  stm32f1xx_hal_tim.o(.text)
    HAL_TIM_IC_Stop_IT                       0x080090ed   Thumb Code   146  stm32f1xx_hal_tim.o(.text)
    HAL_TIM_IC_CaptureHalfCpltCallback       0x0800917f   Thumb Code     2  stm32f1xx_hal_tim.o(.text)
    TIM_DMACaptureHalfCplt                   0x08009181   Thumb Code    56  stm32f1xx_hal_tim.o(.text)
    HAL_TIM_IC_CaptureCallback               0x080091b9   Thumb Code     2  stm32f1xx_hal_tim.o(.text)
    TIM_DMACaptureCplt                       0x080091bb   Thumb Code   110  stm32f1xx_hal_tim.o(.text)
    HAL_TIM_IC_Start_DMA                     0x08009229   Thumb Code   392  stm32f1xx_hal_tim.o(.text)
    HAL_TIM_IC_Stop_DMA                      0x080093b1   Thumb Code   160  stm32f1xx_hal_tim.o(.text)
    HAL_TIM_OnePulse_MspInit                 0x08009451   Thumb Code     2  stm32f1xx_hal_tim.o(.text)
    HAL_TIM_OnePulse_Init                    0x08009453   Thumb Code   102  stm32f1xx_hal_tim.o(.text)
    HAL_TIM_OnePulse_MspDeInit               0x080094b9   Thumb Code     2  stm32f1xx_hal_tim.o(.text)
    HAL_TIM_OnePulse_DeInit                  0x080094bb   Thumb Code    76  stm32f1xx_hal_tim.o(.text)
    HAL_TIM_OnePulse_Start                   0x08009507   Thumb Code    98  stm32f1xx_hal_tim.o(.text)
    HAL_TIM_OnePulse_Stop                    0x08009569   Thumb Code    96  stm32f1xx_hal_tim.o(.text)
    HAL_TIM_OnePulse_Start_IT                0x080095c9   Thumb Code   118  stm32f1xx_hal_tim.o(.text)
    HAL_TIM_OnePulse_Stop_IT                 0x0800963f   Thumb Code   116  stm32f1xx_hal_tim.o(.text)
    HAL_TIM_Encoder_MspInit                  0x080096b3   Thumb Code     2  stm32f1xx_hal_tim.o(.text)
    HAL_TIM_Encoder_Init                     0x080096b5   Thumb Code   162  stm32f1xx_hal_tim.o(.text)
    HAL_TIM_Encoder_MspDeInit                0x08009757   Thumb Code     2  stm32f1xx_hal_tim.o(.text)
    HAL_TIM_Encoder_DeInit                   0x08009759   Thumb Code    76  stm32f1xx_hal_tim.o(.text)
    HAL_TIM_Encoder_Start                    0x080097a5   Thumb Code   142  stm32f1xx_hal_tim.o(.text)
    HAL_TIM_Encoder_Stop                     0x08009833   Thumb Code   104  stm32f1xx_hal_tim.o(.text)
    HAL_TIM_Encoder_Start_IT                 0x0800989b   Thumb Code   186  stm32f1xx_hal_tim.o(.text)
    HAL_TIM_Encoder_Stop_IT                  0x08009955   Thumb Code   144  stm32f1xx_hal_tim.o(.text)
    HAL_TIM_Encoder_Start_DMA                0x080099e5   Thumb Code   416  stm32f1xx_hal_tim.o(.text)
    HAL_TIM_Encoder_Stop_DMA                 0x08009b85   Thumb Code   172  stm32f1xx_hal_tim.o(.text)
    HAL_TIM_TriggerCallback                  0x08009c31   Thumb Code     2  stm32f1xx_hal_tim.o(.text)
    HAL_TIM_OC_DelayElapsedCallback          0x08009c33   Thumb Code     2  stm32f1xx_hal_tim.o(.text)
    HAL_TIM_IRQHandler                       0x08009c35   Thumb Code   358  stm32f1xx_hal_tim.o(.text)
    TIM_OC2_SetConfig                        0x08009e2d   Thumb Code    84  stm32f1xx_hal_tim.o(.text)
    HAL_TIM_OC_ConfigChannel                 0x08009ecb   Thumb Code    82  stm32f1xx_hal_tim.o(.text)
    TIM_TI1_SetConfig                        0x08009f1d   Thumb Code    76  stm32f1xx_hal_tim.o(.text)
    HAL_TIM_IC_ConfigChannel                 0x08009f69   Thumb Code   292  stm32f1xx_hal_tim.o(.text)
    HAL_TIM_PWM_ConfigChannel                0x0800a08d   Thumb Code   204  stm32f1xx_hal_tim.o(.text)
    HAL_TIM_OnePulse_ConfigChannel           0x0800a159   Thumb Code   244  stm32f1xx_hal_tim.o(.text)
    HAL_TIM_TriggerHalfCpltCallback          0x0800a24d   Thumb Code     2  stm32f1xx_hal_tim.o(.text)
    HAL_TIM_DMABurst_MultiWriteStart         0x0800a26f   Thumb Code   294  stm32f1xx_hal_tim.o(.text)
    HAL_TIM_DMABurst_WriteStart              0x0800a395   Thumb Code    18  stm32f1xx_hal_tim.o(.text)
    HAL_TIM_DMABurst_WriteStop               0x0800a3a7   Thumb Code   106  stm32f1xx_hal_tim.o(.text)
    HAL_TIM_DMABurst_MultiReadStart          0x0800a411   Thumb Code   292  stm32f1xx_hal_tim.o(.text)
    HAL_TIM_DMABurst_ReadStart               0x0800a535   Thumb Code    18  stm32f1xx_hal_tim.o(.text)
    HAL_TIM_DMABurst_ReadStop                0x0800a547   Thumb Code   106  stm32f1xx_hal_tim.o(.text)
    HAL_TIM_GenerateEvent                    0x0800a5b1   Thumb Code    38  stm32f1xx_hal_tim.o(.text)
    TIM_ETR_SetConfig                        0x0800a5d7   Thumb Code    20  stm32f1xx_hal_tim.o(.text)
    HAL_TIM_ConfigOCrefClear                 0x0800a5eb   Thumb Code   260  stm32f1xx_hal_tim.o(.text)
    HAL_TIM_ConfigClockSource                0x0800a6ef   Thumb Code   220  stm32f1xx_hal_tim.o(.text)
    HAL_TIM_ConfigTI1Input                   0x0800a7cb   Thumb Code    16  stm32f1xx_hal_tim.o(.text)
    HAL_TIM_SlaveConfigSynchro               0x0800a867   Thumb Code    86  stm32f1xx_hal_tim.o(.text)
    HAL_TIM_SlaveConfigSynchro_IT            0x0800a8bd   Thumb Code    86  stm32f1xx_hal_tim.o(.text)
    HAL_TIM_ReadCapturedValue                0x0800a913   Thumb Code    42  stm32f1xx_hal_tim.o(.text)
    HAL_TIM_Base_GetState                    0x0800a93d   Thumb Code     6  stm32f1xx_hal_tim.o(.text)
    HAL_TIM_OC_GetState                      0x0800a943   Thumb Code     6  stm32f1xx_hal_tim.o(.text)
    HAL_TIM_PWM_GetState                     0x0800a949   Thumb Code     6  stm32f1xx_hal_tim.o(.text)
    HAL_TIM_IC_GetState                      0x0800a94f   Thumb Code     6  stm32f1xx_hal_tim.o(.text)
    HAL_TIM_OnePulse_GetState                0x0800a955   Thumb Code     6  stm32f1xx_hal_tim.o(.text)
    HAL_TIM_Encoder_GetState                 0x0800a95b   Thumb Code     6  stm32f1xx_hal_tim.o(.text)
    HAL_TIM_GetActiveChannel                 0x0800a961   Thumb Code     4  stm32f1xx_hal_tim.o(.text)
    HAL_TIM_GetChannelState                  0x0800a965   Thumb Code    34  stm32f1xx_hal_tim.o(.text)
    HAL_TIM_DMABurstState                    0x0800a987   Thumb Code     6  stm32f1xx_hal_tim.o(.text)
    HAL_TIMEx_HallSensor_MspInit             0x0800aa19   Thumb Code     2  stm32f1xx_hal_tim_ex.o(.text)
    HAL_TIMEx_HallSensor_Init                0x0800aa1b   Thumb Code   208  stm32f1xx_hal_tim_ex.o(.text)
    HAL_TIMEx_HallSensor_MspDeInit           0x0800aaeb   Thumb Code     2  stm32f1xx_hal_tim_ex.o(.text)
    HAL_TIMEx_HallSensor_DeInit              0x0800aaed   Thumb Code    76  stm32f1xx_hal_tim_ex.o(.text)
    HAL_TIMEx_HallSensor_Start               0x0800ab39   Thumb Code   116  stm32f1xx_hal_tim_ex.o(.text)
    HAL_TIMEx_HallSensor_Stop                0x0800abad   Thumb Code    58  stm32f1xx_hal_tim_ex.o(.text)
    HAL_TIMEx_HallSensor_Start_IT            0x0800abe7   Thumb Code   126  stm32f1xx_hal_tim_ex.o(.text)
    HAL_TIMEx_HallSensor_Stop_IT             0x0800ac65   Thumb Code    68  stm32f1xx_hal_tim_ex.o(.text)
    HAL_TIMEx_HallSensor_Start_DMA           0x0800aca9   Thumb Code   158  stm32f1xx_hal_tim_ex.o(.text)
    HAL_TIMEx_HallSensor_Stop_DMA            0x0800ad47   Thumb Code    70  stm32f1xx_hal_tim_ex.o(.text)
    HAL_TIMEx_OCN_Start                      0x0800ad8d   Thumb Code   140  stm32f1xx_hal_tim_ex.o(.text)
    HAL_TIMEx_OCN_Stop                       0x0800ae19   Thumb Code   104  stm32f1xx_hal_tim_ex.o(.text)
    HAL_TIMEx_OCN_Start_IT                   0x0800ae81   Thumb Code   180  stm32f1xx_hal_tim_ex.o(.text)
    HAL_TIMEx_OCN_Stop_IT                    0x0800af35   Thumb Code   194  stm32f1xx_hal_tim_ex.o(.text)
    HAL_TIMEx_OCN_Start_DMA                  0x0800b093   Thumb Code   326  stm32f1xx_hal_tim_ex.o(.text)
    HAL_TIMEx_OCN_Stop_DMA                   0x0800b1d9   Thumb Code   168  stm32f1xx_hal_tim_ex.o(.text)
    HAL_TIMEx_PWMN_Start                     0x0800b281   Thumb Code   140  stm32f1xx_hal_tim_ex.o(.text)
    HAL_TIMEx_PWMN_Stop                      0x0800b30d   Thumb Code   104  stm32f1xx_hal_tim_ex.o(.text)
    HAL_TIMEx_PWMN_Start_IT                  0x0800b375   Thumb Code   180  stm32f1xx_hal_tim_ex.o(.text)
    HAL_TIMEx_PWMN_Stop_IT                   0x0800b429   Thumb Code   196  stm32f1xx_hal_tim_ex.o(.text)
    HAL_TIMEx_PWMN_Start_DMA                 0x0800b4ed   Thumb Code   324  stm32f1xx_hal_tim_ex.o(.text)
    HAL_TIMEx_PWMN_Stop_DMA                  0x0800b631   Thumb Code   168  stm32f1xx_hal_tim_ex.o(.text)
    HAL_TIMEx_OnePulseN_Start                0x0800b6d9   Thumb Code   100  stm32f1xx_hal_tim_ex.o(.text)
    HAL_TIMEx_OnePulseN_Stop                 0x0800b73d   Thumb Code    98  stm32f1xx_hal_tim_ex.o(.text)
    HAL_TIMEx_OnePulseN_Start_IT             0x0800b79f   Thumb Code   122  stm32f1xx_hal_tim_ex.o(.text)
    HAL_TIMEx_OnePulseN_Stop_IT              0x0800b819   Thumb Code   120  stm32f1xx_hal_tim_ex.o(.text)
    HAL_TIMEx_ConfigCommutEvent              0x0800b891   Thumb Code   112  stm32f1xx_hal_tim_ex.o(.text)
    HAL_TIMEx_ConfigCommutEvent_IT           0x0800b901   Thumb Code   138  stm32f1xx_hal_tim_ex.o(.text)
    HAL_TIMEx_CommutHalfCpltCallback         0x0800b98b   Thumb Code     2  stm32f1xx_hal_tim_ex.o(.text)
    TIMEx_DMACommutationHalfCplt             0x0800b98d   Thumb Code    16  stm32f1xx_hal_tim_ex.o(.text)
    HAL_TIMEx_CommutCallback                 0x0800b99d   Thumb Code     2  stm32f1xx_hal_tim_ex.o(.text)
    TIMEx_DMACommutationCplt                 0x0800b99f   Thumb Code    16  stm32f1xx_hal_tim_ex.o(.text)
    HAL_TIMEx_ConfigCommutEvent_DMA          0x0800b9af   Thumb Code   134  stm32f1xx_hal_tim_ex.o(.text)
    HAL_TIMEx_MasterConfigSynchronization    0x0800ba35   Thumb Code    92  stm32f1xx_hal_tim_ex.o(.text)
    HAL_TIMEx_ConfigBreakDeadTime            0x0800ba91   Thumb Code    84  stm32f1xx_hal_tim_ex.o(.text)
    HAL_TIMEx_RemapConfig                    0x0800bae5   Thumb Code     4  stm32f1xx_hal_tim_ex.o(.text)
    HAL_TIMEx_BreakCallback                  0x0800bae9   Thumb Code     2  stm32f1xx_hal_tim_ex.o(.text)
    HAL_TIMEx_HallSensor_GetState            0x0800baeb   Thumb Code     6  stm32f1xx_hal_tim_ex.o(.text)
    HAL_TIMEx_GetChannelNState               0x0800baf1   Thumb Code    34  stm32f1xx_hal_tim_ex.o(.text)
    HAL_UART_Init                            0x0800bbf1   Thumb Code   100  stm32f1xx_hal_uart.o(.text)
    HAL_HalfDuplex_Init                      0x0800bc55   Thumb Code   110  stm32f1xx_hal_uart.o(.text)
    HAL_LIN_Init                             0x0800bcc3   Thumb Code   130  stm32f1xx_hal_uart.o(.text)
    HAL_MultiProcessor_Init                  0x0800bd45   Thumb Code   144  stm32f1xx_hal_uart.o(.text)
    HAL_UART_DeInit                          0x0800bdd7   Thumb Code    54  stm32f1xx_hal_uart.o(.text)
    HAL_UART_Transmit                        0x0800be83   Thumb Code   154  stm32f1xx_hal_uart.o(.text)
    HAL_UART_Receive                         0x0800bf1d   Thumb Code   176  stm32f1xx_hal_uart.o(.text)
    HAL_UART_Transmit_IT                     0x0800bfcd   Thumb Code    50  stm32f1xx_hal_uart.o(.text)
    UART_Start_Receive_IT                    0x0800bfff   Thumb Code    54  stm32f1xx_hal_uart.o(.text)
    HAL_UART_Receive_IT                      0x0800c035   Thumb Code    26  stm32f1xx_hal_uart.o(.text)
    HAL_UART_TxHalfCpltCallback              0x0800c0e9   Thumb Code     2  stm32f1xx_hal_uart.o(.text)
    HAL_UART_TxCpltCallback                  0x0800c0f5   Thumb Code     2  stm32f1xx_hal_uart.o(.text)
    HAL_UART_Transmit_DMA                    0x0800c139   Thumb Code   106  stm32f1xx_hal_uart.o(.text)
    HAL_UART_RxHalfCpltCallback              0x0800c1a3   Thumb Code     2  stm32f1xx_hal_uart.o(.text)
    HAL_UART_RxCpltCallback                  0x0800c1c5   Thumb Code     2  stm32f1xx_hal_uart.o(.text)
    UART_Start_Receive_DMA                   0x0800c24d   Thumb Code   130  stm32f1xx_hal_uart.o(.text)
    HAL_UART_Receive_DMA                     0x0800c2cf   Thumb Code    26  stm32f1xx_hal_uart.o(.text)
    HAL_UART_DMAPause                        0x0800c2e9   Thumb Code   120  stm32f1xx_hal_uart.o(.text)
    HAL_UART_DMAResume                       0x0800c361   Thumb Code   114  stm32f1xx_hal_uart.o(.text)
    HAL_UART_DMAStop                         0x0800c3d3   Thumb Code   112  stm32f1xx_hal_uart.o(.text)
    HAL_UARTEx_ReceiveToIdle                 0x0800c443   Thumb Code   242  stm32f1xx_hal_uart.o(.text)
    HAL_UARTEx_ReceiveToIdle_IT              0x0800c535   Thumb Code    98  stm32f1xx_hal_uart.o(.text)
    HAL_UARTEx_ReceiveToIdle_DMA             0x0800c597   Thumb Code    78  stm32f1xx_hal_uart.o(.text)
    HAL_UARTEx_GetRxEventType                0x0800c5e5   Thumb Code     4  stm32f1xx_hal_uart.o(.text)
    HAL_UART_Abort                           0x0800c5e9   Thumb Code   210  stm32f1xx_hal_uart.o(.text)
    HAL_UART_AbortTransmit                   0x0800c6bb   Thumb Code    98  stm32f1xx_hal_uart.o(.text)
    HAL_UART_AbortReceive                    0x0800c71d   Thumb Code   148  stm32f1xx_hal_uart.o(.text)
    HAL_UART_AbortCpltCallback               0x0800c7b1   Thumb Code     2  stm32f1xx_hal_uart.o(.text)
    HAL_UART_Abort_IT                        0x0800c80b   Thumb Code   234  stm32f1xx_hal_uart.o(.text)
    HAL_UART_AbortTransmitCpltCallback       0x0800c8f5   Thumb Code     2  stm32f1xx_hal_uart.o(.text)
    HAL_UART_AbortTransmit_IT                0x0800c90b   Thumb Code    98  stm32f1xx_hal_uart.o(.text)
    HAL_UART_AbortReceiveCpltCallback        0x0800c96d   Thumb Code     2  stm32f1xx_hal_uart.o(.text)
    HAL_UART_AbortReceive_IT                 0x0800c985   Thumb Code   148  stm32f1xx_hal_uart.o(.text)
    HAL_UART_IRQHandler                      0x0800caeb   Thumb Code   638  stm32f1xx_hal_uart.o(.text)
    HAL_LIN_SendBreak                        0x0800cd69   Thumb Code    60  stm32f1xx_hal_uart.o(.text)
    HAL_MultiProcessor_EnterMuteMode         0x0800cda5   Thumb Code    62  stm32f1xx_hal_uart.o(.text)
    HAL_MultiProcessor_ExitMuteMode          0x0800cde3   Thumb Code    62  stm32f1xx_hal_uart.o(.text)
    HAL_HalfDuplex_EnableTransmitter         0x0800ce21   Thumb Code    50  stm32f1xx_hal_uart.o(.text)
    HAL_HalfDuplex_EnableReceiver            0x0800ce53   Thumb Code    50  stm32f1xx_hal_uart.o(.text)
    HAL_UART_GetState                        0x0800ce85   Thumb Code    10  stm32f1xx_hal_uart.o(.text)
    HAL_UART_GetError                        0x0800ce8f   Thumb Code     4  stm32f1xx_hal_uart.o(.text)
    SystemInit                               0x0800ceb1   Thumb Code     2  system_stm32f1xx_1.o(.text)
    SystemCoreClockUpdate                    0x0800ceb3   Thumb Code    82  system_stm32f1xx_1.o(.text)
    page0(int, int)                          0x0800cf19   Thumb Code   370  menu.o(.text)
    page1(int, int, int)                     0x0800d08b   Thumb Code   192  menu.o(.text)
    page2(int, int, int)                     0x0800d14b   Thumb Code   296  menu.o(.text)
    page3(int, int)                          0x0800d273   Thumb Code   560  menu.o(.text)
    page5(int)                               0x0800d4a3   Thumb Code   156  menu.o(.text)
    page4(int)                               0x0800d53f   Thumb Code   168  menu.o(.text)
    menuprocess()                            0x0800d5e7   Thumb Code  1760  menu.o(.text)
    __aeabi_memclr                           0x0800dcf5   Thumb Code     0  rt_memclr.o(.text)
    __rt_memclr                              0x0800dcf5   Thumb Code    68  rt_memclr.o(.text)
    _memset                                  0x0800dcf9   Thumb Code     0  rt_memclr.o(.text)
    __aeabi_memclr4                          0x0800dd39   Thumb Code     0  rt_memclr_w.o(.text)
    __aeabi_memclr8                          0x0800dd39   Thumb Code     0  rt_memclr_w.o(.text)
    __rt_memclr_w                            0x0800dd39   Thumb Code    78  rt_memclr_w.o(.text)
    _memset_w                                0x0800dd3d   Thumb Code     0  rt_memclr_w.o(.text)
    __use_two_region_memory                  0x0800dd87   Thumb Code     2  heapauxi.o(.text)
    __rt_heap_escrow$2region                 0x0800dd89   Thumb Code     2  heapauxi.o(.text)
    __rt_heap_expand$2region                 0x0800dd8b   Thumb Code     2  heapauxi.o(.text)
    __user_setup_stackheap                   0x0800dd8d   Thumb Code    74  sys_stackheap_outer.o(.text)
    exit                                     0x0800ddd7   Thumb Code    18  exit.o(.text)
    __user_libspace                          0x0800dde9   Thumb Code     8  libspace.o(.text)
    __user_perproc_libspace                  0x0800dde9   Thumb Code     0  libspace.o(.text)
    __user_perthread_libspace                0x0800dde9   Thumb Code     0  libspace.o(.text)
    _sys_exit                                0x0800ddf1   Thumb Code     8  sys_exit.o(.text)
    __I$use$semihosting                      0x0800ddfd   Thumb Code     0  use_no_semi.o(.text)
    __use_no_semihosting_swi                 0x0800ddfd   Thumb Code     2  use_no_semi.o(.text)
    __semihosting_library_function           0x0800ddff   Thumb Code     0  indicate_semi.o(.text)
    __aeabi_d2f                              0x0800de01   Thumb Code     0  d2f.o(x$fpl$d2f)
    _d2f                                     0x0800de01   Thumb Code    98  d2f.o(x$fpl$d2f)
    __aeabi_dadd                             0x0800de65   Thumb Code     0  daddsub_clz.o(x$fpl$dadd)
    _dadd                                    0x0800de65   Thumb Code   332  daddsub_clz.o(x$fpl$dadd)
    __fpl_dcmp_Inf                           0x0800dfb5   Thumb Code    24  dcmpi.o(x$fpl$dcmpinf)
    __aeabi_ddiv                             0x0800dfcd   Thumb Code     0  ddiv.o(x$fpl$ddiv)
    _ddiv                                    0x0800dfcd   Thumb Code   552  ddiv.o(x$fpl$ddiv)
    __aeabi_d2uiz                            0x0800e27d   Thumb Code     0  dfixu.o(x$fpl$dfixu)
    _dfixu                                   0x0800e27d   Thumb Code    90  dfixu.o(x$fpl$dfixu)
    __aeabi_i2d                              0x0800e2d7   Thumb Code     0  dflt_clz.o(x$fpl$dflt)
    _dflt                                    0x0800e2d7   Thumb Code    46  dflt_clz.o(x$fpl$dflt)
    __aeabi_ui2d                             0x0800e305   Thumb Code     0  dflt_clz.o(x$fpl$dfltu)
    _dfltu                                   0x0800e305   Thumb Code    38  dflt_clz.o(x$fpl$dfltu)
    __aeabi_cdcmple                          0x0800e32d   Thumb Code     0  dleqf.o(x$fpl$dleqf)
    _dcmple                                  0x0800e32d   Thumb Code   120  dleqf.o(x$fpl$dleqf)
    __fpl_dcmple_InfNaN                      0x0800e38f   Thumb Code     0  dleqf.o(x$fpl$dleqf)
    __aeabi_dmul                             0x0800e3a5   Thumb Code     0  dmul.o(x$fpl$dmul)
    _dmul                                    0x0800e3a5   Thumb Code   332  dmul.o(x$fpl$dmul)
    __fpl_dnaninf                            0x0800e4f9   Thumb Code   156  dnaninf.o(x$fpl$dnaninf)
    __fpl_dretinf                            0x0800e595   Thumb Code    12  dretinf.o(x$fpl$dretinf)
    __aeabi_cdrcmple                         0x0800e5a1   Thumb Code     0  drleqf.o(x$fpl$drleqf)
    _drcmple                                 0x0800e5a1   Thumb Code   108  drleqf.o(x$fpl$drleqf)
    __aeabi_dsub                             0x0800e60d   Thumb Code     0  daddsub_clz.o(x$fpl$dsub)
    _dsub                                    0x0800e60d   Thumb Code   464  daddsub_clz.o(x$fpl$dsub)
    __aeabi_fadd                             0x0800e7e1   Thumb Code     0  faddsub_clz.o(x$fpl$fadd)
    _fadd                                    0x0800e7e1   Thumb Code   196  faddsub_clz.o(x$fpl$fadd)
    __fpl_fcmp_Inf                           0x0800e8a5   Thumb Code    24  fcmpi.o(x$fpl$fcmpinf)
    __aeabi_cfcmpeq                          0x0800e8bd   Thumb Code     0  feqf.o(x$fpl$feqf)
    _fcmpeq                                  0x0800e8bd   Thumb Code   104  feqf.o(x$fpl$feqf)
    __aeabi_f2iz                             0x0800e925   Thumb Code     0  ffix.o(x$fpl$ffix)
    _ffix                                    0x0800e925   Thumb Code    54  ffix.o(x$fpl$ffix)
    __aeabi_f2uiz                            0x0800e95d   Thumb Code     0  ffixu.o(x$fpl$ffixu)
    _ffixu                                   0x0800e95d   Thumb Code    62  ffixu.o(x$fpl$ffixu)
    __aeabi_i2f                              0x0800e99d   Thumb Code     0  fflt_clz.o(x$fpl$fflt)
    _fflt                                    0x0800e99d   Thumb Code    48  fflt_clz.o(x$fpl$fflt)
    __aeabi_ui2f                             0x0800e9cd   Thumb Code     0  fflt_clz.o(x$fpl$ffltu)
    _ffltu                                   0x0800e9cd   Thumb Code    38  fflt_clz.o(x$fpl$ffltu)
    __aeabi_fmul                             0x0800e9f5   Thumb Code     0  fmul.o(x$fpl$fmul)
    _fmul                                    0x0800e9f5   Thumb Code   258  fmul.o(x$fpl$fmul)
    __fpl_fnaninf                            0x0800eaf7   Thumb Code   140  fnaninf.o(x$fpl$fnaninf)
    __fpl_fretinf                            0x0800eb83   Thumb Code    10  fretinf.o(x$fpl$fretinf)
    __aeabi_frsub                            0x0800eb8d   Thumb Code     0  faddsub_clz.o(x$fpl$frsb)
    _frsb                                    0x0800eb8d   Thumb Code    20  faddsub_clz.o(x$fpl$frsb)
    __aeabi_fsub                             0x0800eba1   Thumb Code     0  faddsub_clz.o(x$fpl$fsub)
    _fsub                                    0x0800eba1   Thumb Code   234  faddsub_clz.o(x$fpl$fsub)
    F6x8                                     0x0800ec8a   Data         552  oledfont.o(.constdata)
    __I$use$fp                               0x0800ec8a   Number         0  usenofp.o(x$fpl$usenofp)
    F8X16                                    0x0800eeb2   Data        1504  oledfont.o(.constdata)
    Hzk                                      0x0800f492   Data        1632  oledfont.o(.constdata)
    AHBPrescTable                            0x0800fb16   Data          16  system_stm32f1xx_1.o(.constdata)
    APBPrescTable                            0x0800fb26   Data           8  system_stm32f1xx_1.o(.constdata)
    Region$$Table$$Base                      0x0800fb30   Number         0  anon$$obj.o(Region$$Table)
    Region$$Table$$Limit                     0x0800fb50   Number         0  anon$$obj.o(Region$$Table)
    CMD_Data                                 0x20000000   Data          23  oled.o(.data)
    gImage_1                                 0x20000017   Data         377  oledfont.o(.data)
    cross                                    0x20000190   Data           1  main.o(.data)
    cross_C                                  0x20000191   Data           1  main.o(.data)
    cross_S                                  0x20000192   Data           1  main.o(.data)
    time                                     0x20000193   Data           1  main.o(.data)
    time_h                                   0x20000194   Data           1  main.o(.data)
    t                                        0x20000195   Data           1  main.o(.data)
    errorcode                                0x20000196   Data           2  main.o(.data)
    time_close                               0x20000198   Data           2  main.o(.data)
    time_on                                  0x2000019a   Data           2  main.o(.data)
    time_storage                             0x2000019c   Data           2  main.o(.data)
    V_set                                    0x2000019e   Data           2  main.o(.data)
    C_set                                    0x200001a0   Data           2  main.o(.data)
    P_set                                    0x200001a2   Data           2  main.o(.data)
    E_con_set                                0x200001a4   Data           2  main.o(.data)
    V_storage                                0x200001a6   Data           2  main.o(.data)
    P_storage                                0x200001a8   Data           2  main.o(.data)
    HZ                                       0x200001ac   Data           4  main.o(.data)
    data_plus                                0x200001b0   Data           4  main.o(.data)
    temperature                              0x200001b4   Data           4  main.o(.data)
    V_ppm                                    0x200001b8   Data           4  main.o(.data)
    V_adc                                    0x200001bc   Data           4  main.o(.data)
    V_tem                                    0x200001c0   Data           4  main.o(.data)
    V                                        0x200001c8   Data           8  main.o(.data)
    C                                        0x200001d0   Data           8  main.o(.data)
    P                                        0x200001d8   Data           8  main.o(.data)
    E_con                                    0x200001e0   Data           8  main.o(.data)
    currentMenuIndex                         0x200001e8   Data           2  main.o(.data)
    enter                                    0x200001ea   Data           2  main.o(.data)
    enter_storage                            0x200001ec   Data           2  main.o(.data)
    caring                                   0x200001ee   Data           1  main.o(.data)
    HZ_S                                     0x200001f0   Data           4  main.o(.data)
    currentMenuIndex_storage                 0x200001f4   Data           2  main.o(.data)
    lineindex                                0x200001f6   Data           2  main.o(.data)
    lineindex_storage                        0x200001f8   Data           2  main.o(.data)
    data                                     0x200001fa   Data           2  main.o(.data)
    uwTickFreq                               0x200001fc   Data           1  stm32f1xx_hal.o(.data)
    uwTickPrio                               0x20000200   Data           4  stm32f1xx_hal.o(.data)
    uwTick                                   0x20000204   Data           4  stm32f1xx_hal.o(.data)
    SystemCoreClock                          0x20000208   Data           4  system_stm32f1xx_1.o(.data)
    menulist                                 0x2000020c   Data         120  menu.o(.data)
    ADC_RV                                   0x20000284   Data          80  main.o(.bss)
    receive                                  0x200002d4   Data          50  main.o(.bss)
    hadc1                                    0x20000308   Data          48  adc.o(.bss)
    hdma_adc1                                0x20000338   Data          68  adc.o(.bss)
    hi2c1                                    0x2000037c   Data          84  i2c.o(.bss)
    hi2c2                                    0x200003d0   Data          84  i2c.o(.bss)
    hrtc                                     0x20000424   Data          20  rtc.o(.bss)
    htim2                                    0x20000438   Data          72  tim.o(.bss)
    htim3                                    0x20000480   Data          72  tim.o(.bss)
    htim4                                    0x200004c8   Data          72  tim.o(.bss)
    huart1                                   0x20000510   Data          72  usart.o(.bss)
    huart2                                   0x20000558   Data          72  usart.o(.bss)
    huart3                                   0x200005a0   Data          72  usart.o(.bss)
    hdma_usart1_rx                           0x200005e8   Data          68  usart.o(.bss)
    __libspace_start                         0x2000062c   Data          96  libspace.o(.bss)
    __temporary_stack_top$libspace           0x2000068c   Data           0  libspace.o(.bss)



==============================================================================

Memory Map of the image

  Image Entry point : 0x080000ed

  Load Region LR_IROM1 (Base: 0x08000000, Size: 0x0000fdd4, Max: 0x00010000, ABSOLUTE, COMPRESSED[0x0000fc78])

    Execution Region ER_IROM1 (Exec base: 0x08000000, Load base: 0x08000000, Size: 0x0000fb50, Max: 0x00010000, ABSOLUTE)

    Exec Addr    Load Addr    Size         Type   Attr      Idx    E Section Name        Object

    0x08000000   0x08000000   0x000000ec   Data   RO            3    RESET               startup_stm32f103xb.o
    0x080000ec   0x080000ec   0x00000008   Code   RO         1481  * !!!main             c_w.l(__main.o)
    0x080000f4   0x080000f4   0x00000034   Code   RO         1705    !!!scatter          c_w.l(__scatter.o)
    0x08000128   0x08000128   0x0000005a   Code   RO         1703    !!dczerorl2         c_w.l(__dczerorl2.o)
    0x08000182   0x08000182   0x00000002   PAD
    0x08000184   0x08000184   0x0000001c   Code   RO         1707    !!handler_zi        c_w.l(__scatter_zi.o)
    0x080001a0   0x080001a0   0x00000002   Code   RO         1573    .ARM.Collect$$libinit$$00000000  c_w.l(libinit.o)
    0x080001a2   0x080001a2   0x00000000   Code   RO         1580    .ARM.Collect$$libinit$$00000002  c_w.l(libinit2.o)
    0x080001a2   0x080001a2   0x00000000   Code   RO         1582    .ARM.Collect$$libinit$$00000004  c_w.l(libinit2.o)
    0x080001a2   0x080001a2   0x00000000   Code   RO         1585    .ARM.Collect$$libinit$$0000000A  c_w.l(libinit2.o)
    0x080001a2   0x080001a2   0x00000000   Code   RO         1587    .ARM.Collect$$libinit$$0000000C  c_w.l(libinit2.o)
    0x080001a2   0x080001a2   0x00000000   Code   RO         1589    .ARM.Collect$$libinit$$0000000E  c_w.l(libinit2.o)
    0x080001a2   0x080001a2   0x00000000   Code   RO         1592    .ARM.Collect$$libinit$$00000011  c_w.l(libinit2.o)
    0x080001a2   0x080001a2   0x00000000   Code   RO         1594    .ARM.Collect$$libinit$$00000013  c_w.l(libinit2.o)
    0x080001a2   0x080001a2   0x00000000   Code   RO         1596    .ARM.Collect$$libinit$$00000015  c_w.l(libinit2.o)
    0x080001a2   0x080001a2   0x00000000   Code   RO         1598    .ARM.Collect$$libinit$$00000017  c_w.l(libinit2.o)
    0x080001a2   0x080001a2   0x00000000   Code   RO         1600    .ARM.Collect$$libinit$$00000019  c_w.l(libinit2.o)
    0x080001a2   0x080001a2   0x00000000   Code   RO         1602    .ARM.Collect$$libinit$$0000001B  c_w.l(libinit2.o)
    0x080001a2   0x080001a2   0x00000000   Code   RO         1604    .ARM.Collect$$libinit$$0000001D  c_w.l(libinit2.o)
    0x080001a2   0x080001a2   0x00000000   Code   RO         1606    .ARM.Collect$$libinit$$0000001F  c_w.l(libinit2.o)
    0x080001a2   0x080001a2   0x00000000   Code   RO         1608    .ARM.Collect$$libinit$$00000021  c_w.l(libinit2.o)
    0x080001a2   0x080001a2   0x00000000   Code   RO         1610    .ARM.Collect$$libinit$$00000023  c_w.l(libinit2.o)
    0x080001a2   0x080001a2   0x00000000   Code   RO         1612    .ARM.Collect$$libinit$$00000025  c_w.l(libinit2.o)
    0x080001a2   0x080001a2   0x00000000   Code   RO         1616    .ARM.Collect$$libinit$$0000002C  c_w.l(libinit2.o)
    0x080001a2   0x080001a2   0x00000000   Code   RO         1618    .ARM.Collect$$libinit$$0000002E  c_w.l(libinit2.o)
    0x080001a2   0x080001a2   0x00000000   Code   RO         1620    .ARM.Collect$$libinit$$00000030  c_w.l(libinit2.o)
    0x080001a2   0x080001a2   0x00000000   Code   RO         1622    .ARM.Collect$$libinit$$00000032  c_w.l(libinit2.o)
    0x080001a2   0x080001a2   0x00000002   Code   RO         1623    .ARM.Collect$$libinit$$00000033  c_w.l(libinit2.o)
    0x080001a4   0x080001a4   0x00000002   Code   RO         1643    .ARM.Collect$$libshutdown$$00000000  c_w.l(libshutdown.o)
    0x080001a6   0x080001a6   0x00000000   Code   RO         1656    .ARM.Collect$$libshutdown$$00000002  c_w.l(libshutdown2.o)
    0x080001a6   0x080001a6   0x00000000   Code   RO         1658    .ARM.Collect$$libshutdown$$00000004  c_w.l(libshutdown2.o)
    0x080001a6   0x080001a6   0x00000000   Code   RO         1661    .ARM.Collect$$libshutdown$$00000007  c_w.l(libshutdown2.o)
    0x080001a6   0x080001a6   0x00000000   Code   RO         1664    .ARM.Collect$$libshutdown$$0000000A  c_w.l(libshutdown2.o)
    0x080001a6   0x080001a6   0x00000000   Code   RO         1666    .ARM.Collect$$libshutdown$$0000000C  c_w.l(libshutdown2.o)
    0x080001a6   0x080001a6   0x00000000   Code   RO         1669    .ARM.Collect$$libshutdown$$0000000F  c_w.l(libshutdown2.o)
    0x080001a6   0x080001a6   0x00000002   Code   RO         1670    .ARM.Collect$$libshutdown$$00000010  c_w.l(libshutdown2.o)
    0x080001a8   0x080001a8   0x00000000   Code   RO         1535    .ARM.Collect$$rtentry$$00000000  c_w.l(__rtentry.o)
    0x080001a8   0x080001a8   0x00000000   Code   RO         1550    .ARM.Collect$$rtentry$$00000002  c_w.l(__rtentry2.o)
    0x080001a8   0x080001a8   0x00000006   Code   RO         1562    .ARM.Collect$$rtentry$$00000004  c_w.l(__rtentry4.o)
    0x080001ae   0x080001ae   0x00000000   Code   RO         1552    .ARM.Collect$$rtentry$$00000009  c_w.l(__rtentry2.o)
    0x080001ae   0x080001ae   0x00000004   Code   RO         1553    .ARM.Collect$$rtentry$$0000000A  c_w.l(__rtentry2.o)
    0x080001b2   0x080001b2   0x00000000   Code   RO         1555    .ARM.Collect$$rtentry$$0000000C  c_w.l(__rtentry2.o)
    0x080001b2   0x080001b2   0x00000008   Code   RO         1556    .ARM.Collect$$rtentry$$0000000D  c_w.l(__rtentry2.o)
    0x080001ba   0x080001ba   0x00000002   Code   RO         1577    .ARM.Collect$$rtexit$$00000000  c_w.l(rtexit.o)
    0x080001bc   0x080001bc   0x00000000   Code   RO         1625    .ARM.Collect$$rtexit$$00000002  c_w.l(rtexit2.o)
    0x080001bc   0x080001bc   0x00000004   Code   RO         1626    .ARM.Collect$$rtexit$$00000003  c_w.l(rtexit2.o)
    0x080001c0   0x080001c0   0x00000006   Code   RO         1627    .ARM.Collect$$rtexit$$00000004  c_w.l(rtexit2.o)
    0x080001c6   0x080001c6   0x00000002   PAD
    0x080001c8   0x080001c8   0x00000040   Code   RO            4    .text               startup_stm32f103xb.o
    0x08000208   0x08000208   0x0000052e   Code   RO           13    .text               oled.o
    0x08000736   0x08000736   0x00000002   PAD
    0x08000738   0x08000738   0x000004e4   Code   RO          172    .text               main.o
    0x08000c1c   0x08000c1c   0x0000010c   Code   RO          280    .text               gpio.o
    0x08000d28   0x08000d28   0x00000130   Code   RO          305    .text               adc.o
    0x08000e58   0x08000e58   0x0000003c   Code   RO          336    .text               dma.o
    0x08000e94   0x08000e94   0x0000014c   Code   RO          361    .text               i2c.o
    0x08000fe0   0x08000fe0   0x000000b4   Code   RO          423    .text               rtc.o
    0x08001094   0x08001094   0x000001e0   Code   RO          454    .text               tim.o
    0x08001274   0x08001274   0x0000038c   Code   RO          485    .text               usart.o
    0x08001600   0x08001600   0x00000054   Code   RO          519    .text               stm32f1xx_it.o
    0x08001654   0x08001654   0x0000003c   Code   RO          549    .text               stm32f1xx_hal_msp.o
    0x08001690   0x08001690   0x00000a70   Code   RO          630    .text               stm32f1xx_hal_adc.o
    0x08002100   0x08002100   0x000007e0   Code   RO          655    .text               stm32f1xx_hal_adc_ex.o
    0x080028e0   0x080028e0   0x0000017c   Code   RO          680    .text               stm32f1xx_hal.o
    0x08002a5c   0x08002a5c   0x000006c4   Code   RO          711    .text               stm32f1xx_hal_rcc.o
    0x08003120   0x08003120   0x000001b4   Code   RO          738    .text               stm32f1xx_hal_rcc_ex.o
    0x080032d4   0x080032d4   0x0000033c   Code   RO          764    .text               stm32f1xx_hal_gpio.o
    0x08003610   0x08003610   0x0000067c   Code   RO          789    .text               stm32f1xx_hal_dma.o
    0x08003c8c   0x08003c8c   0x000001f8   Code   RO          814    .text               stm32f1xx_hal_cortex.o
    0x08003e84   0x08003e84   0x000001a8   Code   RO          843    .text               stm32f1xx_hal_pwr.o
    0x0800402c   0x0800402c   0x00003690   Code   RO          947    .text               stm32f1xx_hal_i2c.o
    0x080076bc   0x080076bc   0x000008c8   Code   RO          997    .text               stm32f1xx_hal_rtc.o
    0x08007f84   0x08007f84   0x00002a94   Code   RO         1047    .text               stm32f1xx_hal_tim.o
    0x0800aa18   0x0800aa18   0x00001124   Code   RO         1073    .text               stm32f1xx_hal_tim_ex.o
    0x0800bb3c   0x0800bb3c   0x00001372   Code   RO         1098    .text               stm32f1xx_hal_uart.o
    0x0800ceae   0x0800ceae   0x00000002   PAD
    0x0800ceb0   0x0800ceb0   0x00000068   Code   RO         1148    .text               system_stm32f1xx_1.o
    0x0800cf18   0x0800cf18   0x00000ddc   Code   RO         1181    .text               menu.o
    0x0800dcf4   0x0800dcf4   0x00000044   Code   RO         1475    .text               c_w.l(rt_memclr.o)
    0x0800dd38   0x0800dd38   0x0000004e   Code   RO         1477    .text               c_w.l(rt_memclr_w.o)
    0x0800dd86   0x0800dd86   0x00000006   Code   RO         1479    .text               c_w.l(heapauxi.o)
    0x0800dd8c   0x0800dd8c   0x0000004a   Code   RO         1564    .text               c_w.l(sys_stackheap_outer.o)
    0x0800ddd6   0x0800ddd6   0x00000012   Code   RO         1566    .text               c_w.l(exit.o)
    0x0800dde8   0x0800dde8   0x00000008   Code   RO         1574    .text               c_w.l(libspace.o)
    0x0800ddf0   0x0800ddf0   0x0000000c   Code   RO         1635    .text               c_w.l(sys_exit.o)
    0x0800ddfc   0x0800ddfc   0x00000002   Code   RO         1646    .text               c_w.l(use_no_semi.o)
    0x0800ddfe   0x0800ddfe   0x00000000   Code   RO         1648    .text               c_w.l(indicate_semi.o)
    0x0800ddfe   0x0800ddfe   0x00000002   PAD
    0x0800de00   0x0800de00   0x00000062   Code   RO         1483    x$fpl$d2f           fz_ws.l(d2f.o)
    0x0800de62   0x0800de62   0x00000002   PAD
    0x0800de64   0x0800de64   0x00000150   Code   RO         1485    x$fpl$dadd          fz_ws.l(daddsub_clz.o)
    0x0800dfb4   0x0800dfb4   0x00000018   Code   RO         1536    x$fpl$dcmpinf       fz_ws.l(dcmpi.o)
    0x0800dfcc   0x0800dfcc   0x000002b0   Code   RO         1492    x$fpl$ddiv          fz_ws.l(ddiv.o)
    0x0800e27c   0x0800e27c   0x0000005a   Code   RO         1495    x$fpl$dfixu         fz_ws.l(dfixu.o)
    0x0800e2d6   0x0800e2d6   0x0000002e   Code   RO         1500    x$fpl$dflt          fz_ws.l(dflt_clz.o)
    0x0800e304   0x0800e304   0x00000026   Code   RO         1499    x$fpl$dfltu         fz_ws.l(dflt_clz.o)
    0x0800e32a   0x0800e32a   0x00000002   PAD
    0x0800e32c   0x0800e32c   0x00000078   Code   RO         1505    x$fpl$dleqf         fz_ws.l(dleqf.o)
    0x0800e3a4   0x0800e3a4   0x00000154   Code   RO         1507    x$fpl$dmul          fz_ws.l(dmul.o)
    0x0800e4f8   0x0800e4f8   0x0000009c   Code   RO         1538    x$fpl$dnaninf       fz_ws.l(dnaninf.o)
    0x0800e594   0x0800e594   0x0000000c   Code   RO         1540    x$fpl$dretinf       fz_ws.l(dretinf.o)
    0x0800e5a0   0x0800e5a0   0x0000006c   Code   RO         1509    x$fpl$drleqf        fz_ws.l(drleqf.o)
    0x0800e60c   0x0800e60c   0x000001d4   Code   RO         1487    x$fpl$dsub          fz_ws.l(daddsub_clz.o)
    0x0800e7e0   0x0800e7e0   0x000000c4   Code   RO         1511    x$fpl$fadd          fz_ws.l(faddsub_clz.o)
    0x0800e8a4   0x0800e8a4   0x00000018   Code   RO         1542    x$fpl$fcmpinf       fz_ws.l(fcmpi.o)
    0x0800e8bc   0x0800e8bc   0x00000068   Code   RO         1517    x$fpl$feqf          fz_ws.l(feqf.o)
    0x0800e924   0x0800e924   0x00000036   Code   RO         1519    x$fpl$ffix          fz_ws.l(ffix.o)
    0x0800e95a   0x0800e95a   0x00000002   PAD
    0x0800e95c   0x0800e95c   0x0000003e   Code   RO         1523    x$fpl$ffixu         fz_ws.l(ffixu.o)
    0x0800e99a   0x0800e99a   0x00000002   PAD
    0x0800e99c   0x0800e99c   0x00000030   Code   RO         1528    x$fpl$fflt          fz_ws.l(fflt_clz.o)
    0x0800e9cc   0x0800e9cc   0x00000026   Code   RO         1527    x$fpl$ffltu         fz_ws.l(fflt_clz.o)
    0x0800e9f2   0x0800e9f2   0x00000002   PAD
    0x0800e9f4   0x0800e9f4   0x00000102   Code   RO         1533    x$fpl$fmul          fz_ws.l(fmul.o)
    0x0800eaf6   0x0800eaf6   0x0000008c   Code   RO         1544    x$fpl$fnaninf       fz_ws.l(fnaninf.o)
    0x0800eb82   0x0800eb82   0x0000000a   Code   RO         1546    x$fpl$fretinf       fz_ws.l(fretinf.o)
    0x0800eb8c   0x0800eb8c   0x00000014   Code   RO         1512    x$fpl$frsb          fz_ws.l(faddsub_clz.o)
    0x0800eba0   0x0800eba0   0x000000ea   Code   RO         1513    x$fpl$fsub          fz_ws.l(faddsub_clz.o)
    0x0800ec8a   0x0800ec8a   0x00000000   Code   RO         1548    x$fpl$usenofp       fz_ws.l(usenofp.o)
    0x0800ec8a   0x0800ec8a   0x00000228   Data   RO          153    .constdata          oledfont.o
    0x0800eeb2   0x0800eeb2   0x000005e0   Data   RO          154    .constdata          oledfont.o
    0x0800f492   0x0800f492   0x00000660   Data   RO          155    .constdata          oledfont.o
    0x0800faf2   0x0800faf2   0x00000012   Data   RO          713    .constdata          stm32f1xx_hal_rcc.o
    0x0800fb04   0x0800fb04   0x00000012   Data   RO          740    .constdata          stm32f1xx_hal_rcc_ex.o
    0x0800fb16   0x0800fb16   0x00000010   Data   RO         1150    .constdata          system_stm32f1xx_1.o
    0x0800fb26   0x0800fb26   0x00000008   Data   RO         1151    .constdata          system_stm32f1xx_1.o
    0x0800fb2e   0x0800fb2e   0x00000002   PAD
    0x0800fb30   0x0800fb30   0x00000020   Data   RO         1701    Region$$Table       anon$$obj.o


    Execution Region RW_IRAM1 (Exec base: 0x20000000, Load base: 0x0800fb50, Size: 0x00000c90, Max: 0x00005000, ABSOLUTE, COMPRESSED[0x00000128])

    Exec Addr    Load Addr    Size         Type   Attr      Idx    E Section Name        Object

    0x20000000   COMPRESSED   0x00000017   Data   RW           15    .data               oled.o
    0x20000017   COMPRESSED   0x00000179   Data   RW          157    .data               oledfont.o
    0x20000190   COMPRESSED   0x00000058   Data   RW          176    .data               main.o
    0x200001e8   COMPRESSED   0x00000002   Data   RW          178    .data               main.o
    0x200001ea   COMPRESSED   0x00000002   Data   RW          179    .data               main.o
    0x200001ec   COMPRESSED   0x00000002   Data   RW          180    .data               main.o
    0x200001ee   COMPRESSED   0x00000001   Data   RW          184    .data               main.o
    0x200001ef   COMPRESSED   0x00000001   PAD
    0x200001f0   COMPRESSED   0x00000004   Data   RW          185    .data               main.o
    0x200001f4   COMPRESSED   0x00000002   Data   RW          187    .data               main.o
    0x200001f6   COMPRESSED   0x00000002   Data   RW          188    .data               main.o
    0x200001f8   COMPRESSED   0x00000002   Data   RW          189    .data               main.o
    0x200001fa   COMPRESSED   0x00000002   Data   RW          190    .data               main.o
    0x200001fc   COMPRESSED   0x0000000c   Data   RW          682    .data               stm32f1xx_hal.o
    0x20000208   COMPRESSED   0x00000004   Data   RW         1152    .data               system_stm32f1xx_1.o
    0x2000020c   COMPRESSED   0x00000078   Data   RW         1183    .data               menu.o
    0x20000284        -       0x00000082   Zero   RW          174    .bss                main.o
    0x20000306   COMPRESSED   0x00000002   PAD
    0x20000308        -       0x00000074   Zero   RW          307    .bss                adc.o
    0x2000037c        -       0x000000a8   Zero   RW          363    .bss                i2c.o
    0x20000424        -       0x00000014   Zero   RW          425    .bss                rtc.o
    0x20000438        -       0x000000d8   Zero   RW          456    .bss                tim.o
    0x20000510        -       0x0000011c   Zero   RW          487    .bss                usart.o
    0x2000062c        -       0x00000060   Zero   RW         1575    .bss                c_w.l(libspace.o)
    0x2000068c   COMPRESSED   0x00000004   PAD
    0x20000690        -       0x00000200   Zero   RW            2    HEAP                startup_stm32f103xb.o
    0x20000890        -       0x00000400   Zero   RW            1    STACK               startup_stm32f103xb.o


==============================================================================

Image component sizes


      Code (inc. data)   RO Data    RW Data    ZI Data      Debug   Object Name

       304         20          0          0        116       1651   adc.o
        60          4          0          0          0        734   dma.o
       268         16          0          0          0        979   gpio.o
       332         24          0          0        168       1860   i2c.o
      1252         62          0        107        130       6219   main.o
      3548        208          0        120          0       5539   menu.o
      1326         20          0         23          0     470700   oled.o
         0          0       3688        377          0        679   oledfont.o
       180         18          0          0         20       1427   rtc.o
        64         26        236          0       1536        796   startup_stm32f103xb.o
       380         28          0         12          0       7101   stm32f1xx_hal.o
      2672         70          0          0          0       9878   stm32f1xx_hal_adc.o
      2016         54          0          0          0       7058   stm32f1xx_hal_adc_ex.o
       504          8          0          0          0      30462   stm32f1xx_hal_cortex.o
      1660         50          0          0          0       5961   stm32f1xx_hal_dma.o
       828         34          0          0          0       4315   stm32f1xx_hal_gpio.o
     13968        188          0          0          0      43082   stm32f1xx_hal_i2c.o
        60          8          0          0          0        834   stm32f1xx_hal_msp.o
       424         22          0          0          0       4295   stm32f1xx_hal_pwr.o
      1732         70         18          0          0       5585   stm32f1xx_hal_rcc.o
       436         24         18          0          0       2320   stm32f1xx_hal_rcc_ex.o
      2248         18          0          0          0      10621   stm32f1xx_hal_rtc.o
     10900        158          0          0          0      42300   stm32f1xx_hal_tim.o
      4388         90          0          0          0      17027   stm32f1xx_hal_tim_ex.o
      4978         46          0          0          0      20800   stm32f1xx_hal_uart.o
        84         22          0          0          0       1970   stm32f1xx_it.o
       104         20         24          4          0       1409   system_stm32f1xx_1.o
       480         16          0          0        216       2229   tim.o
       908         50          0          0        284       3540   usart.o

    ----------------------------------------------------------------------
     56108       1374       4018        644       2472     711371   Object Totals
         0          0         32          0          0          0   (incl. Generated)
         4          0          2          1          2          0   (incl. Padding)

    ----------------------------------------------------------------------

      Code (inc. data)   RO Data    RW Data    ZI Data      Debug   Library Member Name

        90          0          0          0          0          0   __dczerorl2.o
         8          0          0          0          0         68   __main.o
         0          0          0          0          0          0   __rtentry.o
        12          0          0          0          0          0   __rtentry2.o
         6          0          0          0          0          0   __rtentry4.o
        52          8          0          0          0          0   __scatter.o
        28          0          0          0          0          0   __scatter_zi.o
        18          0          0          0          0         80   exit.o
         6          0          0          0          0        152   heapauxi.o
         0          0          0          0          0          0   indicate_semi.o
         2          0          0          0          0          0   libinit.o
         2          0          0          0          0          0   libinit2.o
         2          0          0          0          0          0   libshutdown.o
         2          0          0          0          0          0   libshutdown2.o
         8          4          0          0         96         68   libspace.o
        68          0          0          0          0         68   rt_memclr.o
        78          0          0          0          0         80   rt_memclr_w.o
         2          0          0          0          0          0   rtexit.o
        10          0          0          0          0          0   rtexit2.o
        12          4          0          0          0         68   sys_exit.o
        74          0          0          0          0         80   sys_stackheap_outer.o
         2          0          0          0          0         68   use_no_semi.o
        98          4          0          0          0         92   d2f.o
       804         16          0          0          0        272   daddsub_clz.o
        24          0          0          0          0         68   dcmpi.o
       688        140          0          0          0        208   ddiv.o
        90          4          0          0          0         92   dfixu.o
        84          0          0          0          0        136   dflt_clz.o
       120          4          0          0          0         92   dleqf.o
       340         12          0          0          0        104   dmul.o
       156          4          0          0          0         92   dnaninf.o
        12          0          0          0          0         68   dretinf.o
       108          0          0          0          0         80   drleqf.o
       450          8          0          0          0        236   faddsub_clz.o
        24          0          0          0          0         68   fcmpi.o
       104          4          0          0          0         84   feqf.o
        54          4          0          0          0         84   ffix.o
        62          4          0          0          0         84   ffixu.o
        86          0          0          0          0        136   fflt_clz.o
       258          4          0          0          0         84   fmul.o
       140          4          0          0          0         84   fnaninf.o
        10          0          0          0          0         68   fretinf.o
         0          0          0          0          0          0   usenofp.o

    ----------------------------------------------------------------------
      4210        228          0          0        100       2964   Library Totals
        16          0          0          0          4          0   (incl. Padding)

    ----------------------------------------------------------------------

      Code (inc. data)   RO Data    RW Data    ZI Data      Debug   Library Name

       482         16          0          0         96        732   c_w.l
      3712        212          0          0          0       2232   fz_ws.l

    ----------------------------------------------------------------------
      4210        228          0          0        100       2964   Library Totals

    ----------------------------------------------------------------------

==============================================================================


      Code (inc. data)   RO Data    RW Data    ZI Data      Debug   

     60318       1602       4018        644       2572     709339   Grand Totals
     60318       1602       4018        296       2572     709339   ELF Image Totals (compressed)
     60318       1602       4018        296          0          0   ROM Totals

==============================================================================

    Total RO  Size (Code + RO Data)                64336 (  62.83kB)
    Total RW  Size (RW Data + ZI Data)              3216 (   3.14kB)
    Total ROM Size (Code + RO Data + RW Data)      64632 (  63.12kB)

==============================================================================

